Archive member included to satisfy reference by file (symbol)

c:/renesas/ra/e2studio_v2022-04_fsp_v3.7.0/toolchains/gcc_arm/9_2020q2/bin/../lib/gcc/arm-none-eabi/9.3.1/thumb/v8-m.base/nofp\libgcc.a(_aeabi_ldivmod.o)
                              ./ra/fsp/src/r_sci_uart/r_sci_uart.o (__aeabi_ldivmod)
c:/renesas/ra/e2studio_v2022-04_fsp_v3.7.0/toolchains/gcc_arm/9_2020q2/bin/../lib/gcc/arm-none-eabi/9.3.1/thumb/v8-m.base/nofp\libgcc.a(_muldi3.o)
                              ./ra/fsp/src/r_sci_uart/r_sci_uart.o (__aeabi_lmul)
c:/renesas/ra/e2studio_v2022-04_fsp_v3.7.0/toolchains/gcc_arm/9_2020q2/bin/../lib/gcc/arm-none-eabi/9.3.1/thumb/v8-m.base/nofp\libgcc.a(bpabi.o)
                              c:/renesas/ra/e2studio_v2022-04_fsp_v3.7.0/toolchains/gcc_arm/9_2020q2/bin/../lib/gcc/arm-none-eabi/9.3.1/thumb/v8-m.base/nofp\libgcc.a(_aeabi_ldivmod.o) (__gnu_ldivmod_helper)
c:/renesas/ra/e2studio_v2022-04_fsp_v3.7.0/toolchains/gcc_arm/9_2020q2/bin/../lib/gcc/arm-none-eabi/9.3.1/thumb/v8-m.base/nofp\libgcc.a(_dvmd_tls.o)
                              c:/renesas/ra/e2studio_v2022-04_fsp_v3.7.0/toolchains/gcc_arm/9_2020q2/bin/../lib/gcc/arm-none-eabi/9.3.1/thumb/v8-m.base/nofp\libgcc.a(_aeabi_ldivmod.o) (__aeabi_ldiv0)
c:/renesas/ra/e2studio_v2022-04_fsp_v3.7.0/toolchains/gcc_arm/9_2020q2/bin/../lib/gcc/arm-none-eabi/9.3.1/thumb/v8-m.base/nofp\libgcc.a(_divdi3.o)
                              c:/renesas/ra/e2studio_v2022-04_fsp_v3.7.0/toolchains/gcc_arm/9_2020q2/bin/../lib/gcc/arm-none-eabi/9.3.1/thumb/v8-m.base/nofp\libgcc.a(bpabi.o) (__divdi3)
c:/renesas/ra/e2studio_v2022-04_fsp_v3.7.0/toolchains/gcc_arm/9_2020q2/bin/../lib/gcc/arm-none-eabi/9.3.1/thumb/v8-m.base/nofp\libgcc.a(_clzsi2.o)
                              c:/renesas/ra/e2studio_v2022-04_fsp_v3.7.0/toolchains/gcc_arm/9_2020q2/bin/../lib/gcc/arm-none-eabi/9.3.1/thumb/v8-m.base/nofp\libgcc.a(_divdi3.o) (__clzsi2)
c:/renesas/ra/e2studio_v2022-04_fsp_v3.7.0/toolchains/gcc_arm/9_2020q2/bin/../lib/gcc/arm-none-eabi/9.3.1/../../../../arm-none-eabi/lib/thumb/v8-m.base/nofp\libg_nano.a(lib_a-errno.o)
                              ./ra/fsp/src/bsp/mcu/all/bsp_sbrk.o (__errno)
c:/renesas/ra/e2studio_v2022-04_fsp_v3.7.0/toolchains/gcc_arm/9_2020q2/bin/../lib/gcc/arm-none-eabi/9.3.1/../../../../arm-none-eabi/lib/thumb/v8-m.base/nofp\libg_nano.a(lib_a-exit.o)
                              c:/renesas/ra/e2studio_v2022-04_fsp_v3.7.0/toolchains/gcc_arm/9_2020q2/bin/../lib/gcc/arm-none-eabi/9.3.1/../../../../arm-none-eabi/lib/thumb/v8-m.base/nofp/rdimon-crt0.o (exit)
c:/renesas/ra/e2studio_v2022-04_fsp_v3.7.0/toolchains/gcc_arm/9_2020q2/bin/../lib/gcc/arm-none-eabi/9.3.1/../../../../arm-none-eabi/lib/thumb/v8-m.base/nofp\libg_nano.a(lib_a-impure.o)
                              c:/renesas/ra/e2studio_v2022-04_fsp_v3.7.0/toolchains/gcc_arm/9_2020q2/bin/../lib/gcc/arm-none-eabi/9.3.1/../../../../arm-none-eabi/lib/thumb/v8-m.base/nofp\libg_nano.a(lib_a-exit.o) (_global_impure_ptr)
c:/renesas/ra/e2studio_v2022-04_fsp_v3.7.0/toolchains/gcc_arm/9_2020q2/bin/../lib/gcc/arm-none-eabi/9.3.1/../../../../arm-none-eabi/lib/thumb/v8-m.base/nofp\libg_nano.a(lib_a-init.o)
                              c:/renesas/ra/e2studio_v2022-04_fsp_v3.7.0/toolchains/gcc_arm/9_2020q2/bin/../lib/gcc/arm-none-eabi/9.3.1/../../../../arm-none-eabi/lib/thumb/v8-m.base/nofp/rdimon-crt0.o (__libc_init_array)
c:/renesas/ra/e2studio_v2022-04_fsp_v3.7.0/toolchains/gcc_arm/9_2020q2/bin/../lib/gcc/arm-none-eabi/9.3.1/../../../../arm-none-eabi/lib/thumb/v8-m.base/nofp\libg_nano.a(lib_a-memcpy-stub.o)
                              ./ra/fsp/src/r_sci_uart/r_sci_uart.o (memcpy)
c:/renesas/ra/e2studio_v2022-04_fsp_v3.7.0/toolchains/gcc_arm/9_2020q2/bin/../lib/gcc/arm-none-eabi/9.3.1/../../../../arm-none-eabi/lib/thumb/v8-m.base/nofp\libg_nano.a(lib_a-memset.o)
                              c:/renesas/ra/e2studio_v2022-04_fsp_v3.7.0/toolchains/gcc_arm/9_2020q2/bin/../lib/gcc/arm-none-eabi/9.3.1/../../../../arm-none-eabi/lib/thumb/v8-m.base/nofp/rdimon-crt0.o (memset)
c:/renesas/ra/e2studio_v2022-04_fsp_v3.7.0/toolchains/gcc_arm/9_2020q2/bin/../lib/gcc/arm-none-eabi/9.3.1/../../../../arm-none-eabi/lib/thumb/v8-m.base/nofp\librdimon_nano.a(rdimon-syscalls.o)
                              c:/renesas/ra/e2studio_v2022-04_fsp_v3.7.0/toolchains/gcc_arm/9_2020q2/bin/../lib/gcc/arm-none-eabi/9.3.1/../../../../arm-none-eabi/lib/thumb/v8-m.base/nofp/rdimon-crt0.o (initialise_monitor_handles)
c:/renesas/ra/e2studio_v2022-04_fsp_v3.7.0/toolchains/gcc_arm/9_2020q2/bin/../lib/gcc/arm-none-eabi/9.3.1/../../../../arm-none-eabi/lib/thumb/v8-m.base/nofp\librdimon_nano.a(rdimon-_exit.o)
                              c:/renesas/ra/e2studio_v2022-04_fsp_v3.7.0/toolchains/gcc_arm/9_2020q2/bin/../lib/gcc/arm-none-eabi/9.3.1/../../../../arm-none-eabi/lib/thumb/v8-m.base/nofp\libg_nano.a(lib_a-exit.o) (_exit)
[...]
Memory Configuration

Name             Origin             Length             Attributes
ITCM             0x00000000         0x00000000         xr
DTCM             0x00000000         0x00000000         xrw
FLASH            0x00000000         0x00020000         xr
RAM              0x20004000         0x00004000         xrw
DATA_FLASH       0x40100000         0x00001000         xr
QSPI_FLASH       0x60000000         0x00000000         xr
OSPI_DEVICE_0    0x80020000         0x00000000         xr
OSPI_DEVICE_1    0x80030000         0x00000000         xr
OSPI_DEVICE_0_RAM 0x80020000         0x00000000         xrw
OSPI_DEVICE_1_RAM 0x80030000         0x00000000         xrw
SDRAM            0x80010000         0x00000000         xrw
OPTION_SETTING   0x00000000         0x00000000         r
OPTION_SETTING_OFS 0x00000000         0x00000018         r
OPTION_SETTING_SAS 0x00000034         0xffffffcc         r
OPTION_SETTING_S 0x80000000         0x00000000         r
ID_CODE          0x01010018         0x00000020         xr
*default*        0x00000000         0xffffffff

Linker script and memory map

LOAD c:/renesas/ra/e2studio_v2022-04_fsp_v3.7.0/toolchains/gcc_arm/9_2020q2/bin/../lib/gcc/arm-none-eabi/9.3.1/thumb/v8-m.base/nofp/crti.o
LOAD c:/renesas/ra/e2studio_v2022-04_fsp_v3.7.0/toolchains/gcc_arm/9_2020q2/bin/../lib/gcc/arm-none-eabi/9.3.1/thumb/v8-m.base/nofp/crtbegin.o
LOAD c:/renesas/ra/e2studio_v2022-04_fsp_v3.7.0/toolchains/gcc_arm/9_2020q2/bin/../lib/gcc/arm-none-eabi/9.3.1/../../../../arm-none-eabi/lib/thumb/v8-m.base/nofp/rdimon-crt0.o
START GROUP
LOAD ./src/hal_entry.o
LOAD ./ra_gen/common_data.o
LOAD ./ra_gen/hal_data.o
LOAD ./ra_gen/main.o
LOAD ./ra_gen/pin_data.o
LOAD ./ra_gen/vector_data.o
LOAD ./ra/fsp/src/r_sci_uart/r_sci_uart.o
LOAD ./ra/fsp/src/r_ioport/r_ioport.o
LOAD ./ra/fsp/src/bsp/mcu/all/bsp_clocks.o
LOAD ./ra/fsp/src/bsp/mcu/all/bsp_common.o
LOAD ./ra/fsp/src/bsp/mcu/all/bsp_delay.o
LOAD ./ra/fsp/src/bsp/mcu/all/bsp_group_irq.o
LOAD ./ra/fsp/src/bsp/mcu/all/bsp_guard.o
LOAD ./ra/fsp/src/bsp/mcu/all/bsp_io.o
LOAD ./ra/fsp/src/bsp/mcu/all/bsp_irq.o
LOAD ./ra/fsp/src/bsp/mcu/all/bsp_register_protection.o
LOAD ./ra/fsp/src/bsp/mcu/all/bsp_rom_registers.o
LOAD ./ra/fsp/src/bsp/mcu/all/bsp_sbrk.o
LOAD ./ra/fsp/src/bsp/mcu/all/bsp_security.o
LOAD ./ra/fsp/src/bsp/cmsis/Device/RENESAS/Source/startup.o
LOAD ./ra/fsp/src/bsp/cmsis/Device/RENESAS/Source/system.o
LOAD ./ra/board/ra2e1_ek/board_init.o
LOAD ./ra/board/ra2e1_ek/board_leds.o
END GROUP
START GROUP
LOAD c:/renesas/ra/e2studio_v2022-04_fsp_v3.7.0/toolchains/gcc_arm/9_2020q2/bin/../lib/gcc/arm-none-eabi/9.3.1/thumb/v8-m.base/nofp\libgcc.a
LOAD c:/renesas/ra/e2studio_v2022-04_fsp_v3.7.0/toolchains/gcc_arm/9_2020q2/bin/../lib/gcc/arm-none-eabi/9.3.1/../../../../arm-none-eabi/lib/thumb/v8-m.base/nofp\libg_nano.a
LOAD c:/renesas/ra/e2studio_v2022-04_fsp_v3.7.0/toolchains/gcc_arm/9_2020q2/bin/../lib/gcc/arm-none-eabi/9.3.1/../../../../arm-none-eabi/lib/thumb/v8-m.base/nofp\libc_nano.a
END GROUP
START GROUP
LOAD c:/renesas/ra/e2studio_v2022-04_fsp_v3.7.0/toolchains/gcc_arm/9_2020q2/bin/../lib/gcc/arm-none-eabi/9.3.1/thumb/v8-m.base/nofp\libgcc.a
LOAD c:/renesas/ra/e2studio_v2022-04_fsp_v3.7.0/toolchains/gcc_arm/9_2020q2/bin/../lib/gcc/arm-none-eabi/9.3.1/../../../../arm-none-eabi/lib/thumb/v8-m.base/nofp\libc_nano.a
LOAD c:/renesas/ra/e2studio_v2022-04_fsp_v3.7.0/toolchains/gcc_arm/9_2020q2/bin/../lib/gcc/arm-none-eabi/9.3.1/../../../../arm-none-eabi/lib/thumb/v8-m.base/nofp\librdimon_nano.a
END GROUP
START GROUP
LOAD c:/renesas/ra/e2studio_v2022-04_fsp_v3.7.0/toolchains/gcc_arm/9_2020q2/bin/../lib/gcc/arm-none-eabi/9.3.1/thumb/v8-m.base/nofp\libgcc.a
LOAD c:/renesas/ra/e2studio_v2022-04_fsp_v3.7.0/toolchains/gcc_arm/9_2020q2/bin/../lib/gcc/arm-none-eabi/9.3.1/../../../../arm-none-eabi/lib/thumb/v8-m.base/nofp\libc_nano.a
LOAD c:/renesas/ra/e2studio_v2022-04_fsp_v3.7.0/toolchains/gcc_arm/9_2020q2/bin/../lib/gcc/arm-none-eabi/9.3.1/../../../../arm-none-eabi/lib/thumb/v8-m.base/nofp\librdimon_nano.a
END GROUP
LOAD c:/renesas/ra/e2studio_v2022-04_fsp_v3.7.0/toolchains/gcc_arm/9_2020q2/bin/../lib/gcc/arm-none-eabi/9.3.1/thumb/v8-m.base/nofp/crtend.o
LOAD c:/renesas/ra/e2studio_v2022-04_fsp_v3.7.0/toolchains/gcc_arm/9_2020q2/bin/../lib/gcc/arm-none-eabi/9.3.1/thumb/v8-m.base/nofp/crtn.o
                0x20004000                RAM_START = 0x20004000
                0x00004000                RAM_LENGTH = 0x4000
                0x00000000                FLASH_START = 0x0
                0x00020000                FLASH_LENGTH = 0x20000
                0x40100000                DATA_FLASH_START = 0x40100000
                0x00001000                DATA_FLASH_LENGTH = 0x1000
                0x00000000                OPTION_SETTING_START = 0x0
                0x00000000                OPTION_SETTING_LENGTH = 0x0
                0x80000000                OPTION_SETTING_S_START = 0x80000000
                0x00000000                OPTION_SETTING_S_LENGTH = 0x0
                0x01010018                ID_CODE_START = 0x1010018
                0x00000020                ID_CODE_LENGTH = 0x20
                0x80010000                SDRAM_START = 0x80010000
                0x00000000                SDRAM_LENGTH = 0x0
                0x60000000                QSPI_FLASH_START = 0x60000000
                0x00000000                QSPI_FLASH_LENGTH = 0x0
                0x80020000                OSPI_DEVICE_0_START = 0x80020000
                0x00000000                OSPI_DEVICE_0_LENGTH = 0x0
                0x80030000                OSPI_DEVICE_1_START = 0x80030000
                0x00000000                OSPI_DEVICE_1_LENGTH = 0x0
                0x00000000                QSPI_FLASH_PRV_LENGTH = DEFINED (QSPI_FLASH_SIZE)?ABSOLUTE (QSPI_FLASH_SIZE):ABSOLUTE (QSPI_FLASH_LENGTH)
                0x00000000                OSPI_DEVICE_0_PRV_LENGTH = DEFINED (OSPI_DEVICE_0_SIZE)?ABSOLUTE (OSPI_DEVICE_0_SIZE):ABSOLUTE (OSPI_DEVICE_0_LENGTH)
                0x00000000                OSPI_DEVICE_1_PRV_LENGTH = DEFINED (OSPI_DEVICE_1_SIZE)?ABSOLUTE (OSPI_DEVICE_1_SIZE):ABSOLUTE (OSPI_DEVICE_1_LENGTH)
                0x00000000                __RESERVE_NS_RAM = ((! (DEFINED (PROJECT_NONSECURE)) && DEFINED (RAM_NS_BUFFER_LENGTH)) && (OPTION_SETTING_S_LENGTH != 0x0))
                0x00000000                ITCM_START = DEFINED (ITCM_START)?ITCM_START:0x0
                0x00000000                ITCM_LENGTH = DEFINED (ITCM_LENGTH)?ITCM_LENGTH:0x0
                0x00000000                DTCM_START = DEFINED (DTCM_START)?DTCM_START:0x0
                0x00000000                DTCM_LENGTH = DEFINED (DTCM_LENGTH)?DTCM_LENGTH:0x0
                0x00000000                NS_OFFSET_START = DEFINED (NS_OFFSET_START)?NS_OFFSET_START:0x0
                0x00000000                NS_IMAGE_OFFSET = DEFINED (PROJECT_NONSECURE)?NS_OFFSET_START:0x0
                0x00000000                RAM_NS_BUFFER_BLOCK_LENGTH = DEFINED (RAM_NS_BUFFER_LENGTH)?ALIGN (RAM_NS_BUFFER_LENGTH, 0x2000):0x0
                0x00000000                RAM_NS_BUFFER_LENGTH = DEFINED (RAM_NS_BUFFER_LENGTH)?RAM_NS_BUFFER_LENGTH:0x0
                0x20008000                RAM_NS_BUFFER_START = ((RAM_START + RAM_LENGTH) - RAM_NS_BUFFER_LENGTH)
                0x20008000                RAM_NS_BUFFER_BLOCK_START = ((RAM_START + RAM_LENGTH) - RAM_NS_BUFFER_BLOCK_LENGTH)
                0x00000080                OPTION_SETTING_START_NS = DEFINED (PROJECT_NONSECURE)?OPTION_SETTING_START:(OPTION_SETTING_START + 0x80)
                0x00000001                __bl_FSP_BOOTABLE_IMAGE = 0x1
                0x00000001                __bln_FSP_BOOTABLE_IMAGE = 0x1
                0x00000000                PROJECT_SECURE_OR_FLAT = (((! (DEFINED (PROJECT_NONSECURE)) || DEFINED (PROJECT_SECURE)) && OPTION_SETTING_LENGTH) && ! (DEFINED (FSP_BOOTABLE_IMAGE)))
                0x00000000                USE_OPTION_SETTING_NS = (DEFINED (PROJECT_NONSECURE) && ! (DEFINED (FSP_BOOTABLE_IMAGE)))
                0x00000000                __bl_FLASH_IMAGE_START = ! (DEFINED (FLASH_BOOTLOADER_LENGTH))?0x0:(FLASH_APPLICATION_IMAGE_NUMBER == 0x1)?(FLASH_BOOTLOADER_LENGTH + FLASH_BOOTLOADER_HEADER_LENGTH):(((FLASH_BOOTLOADER_LENGTH + FLASH_BOOTLOADER_SCRATCH_LENGTH) + FLASH_APPLICATION_S_LENGTH) + FLASH_BOOTLOADER_HEADER_LENGTH)
                0x00000000                __bl_FLASH_IMAGE_LENGTH = ! (DEFINED (FLASH_BOOTLOADER_LENGTH))?0x0:(FLASH_APPLICATION_S_LENGTH - FLASH_BOOTLOADER_HEADER_LENGTH)
                0x00000000                __bl_FLASH_IMAGE_END = (__bl_FLASH_IMAGE_START + __bl_FLASH_IMAGE_LENGTH)
                0x00000000                __bl_XIP_SECONDARY_FLASH_IMAGE_START = ! (DEFINED (FLASH_BOOTLOADER_LENGTH))?0x0:((FLASH_BOOTLOADER_LENGTH + FLASH_APPLICATION_S_LENGTH) + FLASH_BOOTLOADER_HEADER_LENGTH)
                0x00000000                __bl_XIP_SECONDARY_FLASH_IMAGE_END = (__bl_XIP_SECONDARY_FLASH_IMAGE_START + __bl_FLASH_IMAGE_LENGTH)
                0x00000000                __bl_FLASH_NS_START = ! (DEFINED (FLASH_BOOTLOADER_LENGTH))?0x0:(FLASH_APPLICATION_NS_LENGTH == 0x0)?__bl_FLASH_IMAGE_END:((__bl_FLASH_IMAGE_START - FLASH_BOOTLOADER_HEADER_LENGTH) + FLASH_APPLICATION_S_LENGTH)
                0x00000000                __bl_FLASH_NSC_START = ! (DEFINED (FLASH_BOOTLOADER_LENGTH))?0x0:(FLASH_APPLICATION_NS_LENGTH == 0x0)?__bl_FLASH_IMAGE_END:(__bl_FLASH_NS_START - FLASH_APPLICATION_NSC_LENGTH)
                0x00000000                __bl_RAM_NS_START = ! (DEFINED (FLASH_BOOTLOADER_LENGTH))?0x0:(FLASH_APPLICATION_NS_LENGTH == 0x0)?(RAM_START + RAM_LENGTH):((RAM_START + RAM_LENGTH) - RAM_APPLICATION_NS_LENGTH)
                0x00000000                __bl_RAM_NSC_START = ! (DEFINED (FLASH_BOOTLOADER_LENGTH))?0x0:(FLASH_APPLICATION_NS_LENGTH == 0x0)?(RAM_START + RAM_LENGTH):(__bl_RAM_NS_START - RAM_APPLICATION_NSC_LENGTH)
                0x00000000                __bl_FLASH_NS_IMAGE_START = ! (DEFINED (FLASH_BOOTLOADER_LENGTH))?0x0:(FLASH_APPLICATION_NS_LENGTH == 0x0)?__bl_FLASH_IMAGE_END:(__bl_FLASH_NS_START + FLASH_BOOTLOADER_HEADER_LENGTH_2)
                0x00000000                __bln_FLASH_IMAGE_START = __bl_FLASH_NS_IMAGE_START
                0x00000000                __bln_FLASH_IMAGE_LENGTH = ! (DEFINED (FLASH_BOOTLOADER_LENGTH))?0x0:(FLASH_APPLICATION_NS_LENGTH == 0x0)?__bl_FLASH_IMAGE_END:(FLASH_APPLICATION_NS_LENGTH - FLASH_BOOTLOADER_HEADER_LENGTH_2)
                0x00000000                XIP_SECONDARY_SLOT_IMAGE = DEFINED (XIP_SECONDARY_SLOT_IMAGE)?XIP_SECONDARY_SLOT_IMAGE:0x0
                0x00000000                FLASH_ORIGIN = ! (DEFINED (FLASH_IMAGE_START))?FLASH_START:(XIP_SECONDARY_SLOT_IMAGE == 0x1)?XIP_SECONDARY_FLASH_IMAGE_START:FLASH_IMAGE_START
                0x00020000                LIMITED_FLASH_LENGTH = DEFINED (FLASH_IMAGE_LENGTH)?FLASH_IMAGE_LENGTH:DEFINED (FLASH_BOOTLOADER_LENGTH)?FLASH_BOOTLOADER_LENGTH:FLASH_LENGTH
START GROUP
LOAD c:/renesas/ra/e2studio_v2022-04_fsp_v3.7.0/toolchains/gcc_arm/9_2020q2/bin/../lib/gcc/arm-none-eabi/9.3.1/thumb/v8-m.base/nofp\libgcc.a
LOAD c:/renesas/ra/e2studio_v2022-04_fsp_v3.7.0/toolchains/gcc_arm/9_2020q2/bin/../lib/gcc/arm-none-eabi/9.3.1/../../../../arm-none-eabi/lib/thumb/v8-m.base/nofp\libc.a
LOAD c:/renesas/ra/e2studio_v2022-04_fsp_v3.7.0/toolchains/gcc_arm/9_2020q2/bin/../lib/gcc/arm-none-eabi/9.3.1/../../../../arm-none-eabi/lib/thumb/v8-m.base/nofp\libm.a
LOAD c:/renesas/ra/e2studio_v2022-04_fsp_v3.7.0/toolchains/gcc_arm/9_2020q2/bin/../lib/gcc/arm-none-eabi/9.3.1/../../../../arm-none-eabi/lib/thumb/v8-m.base/nofp\libnosys.a
END GROUP

.itcm_data      0x00000000        0x0
                0x00000000                __tz_ITCM_S = ABSOLUTE (ITCM_START)
                0x00000000                __itcm_data_start__ = .
 *(.itcm_data*)
                0x00000000                __itcm_data_end__ = .
                0x00000000                __tz_ITCM_N = DEFINED (ITCM_NS_START)?ABSOLUTE (ITCM_NS_START):ALIGN (__itcm_data_end__, 0x2000)

.text           0x00000000     0x16a0
                0x00000000                __tz_FLASH_S = ABSOLUTE (FLASH_START)
                0x00000000                __ROM_Start = .
 *(.fixed_vectors*)
 .fixed_vectors
                0x00000000       0x40 ./ra/fsp/src/bsp/cmsis/Device/RENESAS/Source/startup.o
                0x00000000                __Vectors
 *(.application_vectors*)
 .application_vectors
                0x00000040       0x80 ./ra_gen/vector_data.o
                0x00000040                g_vector_table
                0x000000c0                __Vectors_End = .
                0x00000400                . = (OPTION_SETTING_LENGTH > 0x0)?.:(__ROM_Start + 0x400)
 *fill*         0x000000c0      0x340 ff
 *(.rom_registers*)
 .rom_registers
                0x00000400       0x3c ./ra/fsp/src/bsp/mcu/all/bsp_rom_registers.o
                0x00000500                . = (OPTION_SETTING_LENGTH > 0x0)?.:(__ROM_Start + 0x500)
 *fill*         0x0000043c       0xc4 ff
                0x00000500                . = ALIGN (0x80)
 *(.mcuboot_sce9_key*)
 *(.text*)
 .text          0x00000500       0x50 c:/renesas/ra/e2studio_v2022-04_fsp_v3.7.0/toolchains/gcc_arm/9_2020q2/bin/../lib/gcc/arm-none-eabi/9.3.1/thumb/v8-m.base/nofp/crtbegin.o
 .text.user_uart_callback
                0x00000550        0x4 ./src/hal_entry.o
                0x00000550                user_uart_callback
 .text.hal_entry
                0x00000554       0xfc ./src/hal_entry.o
                0x00000554                hal_entry
 .text.R_BSP_WarmStart
                0x00000650       0x38 ./src/hal_entry.o
                0x00000650                R_BSP_WarmStart
 .text.startup.main
                0x00000688        0xc ./ra_gen/main.o
                0x00000688                main
 .text.R_SCI_UART_Write
                0x00000694       0x40 ./ra/fsp/src/r_sci_uart/r_sci_uart.o
                0x00000694                R_SCI_UART_Write
 .text.r_sci_irq_cfg
                0x000006d4       0x88 ./ra/fsp/src/r_sci_uart/r_sci_uart.o
 .text.r_sci_uart_call_callback
                0x0000075c       0x50 ./ra/fsp/src/r_sci_uart/r_sci_uart.o
 .text.R_SCI_UART_Open
                0x000007ac      0x2a8 ./ra/fsp/src/r_sci_uart/r_sci_uart.o
                0x000007ac                R_SCI_UART_Open
 .text.sci_uart_txi_isr
                0x00000a54       0x94 ./ra/fsp/src/r_sci_uart/r_sci_uart.o
                0x00000a54                sci_uart_txi_isr
 .text.sci_uart_rxi_isr
                0x00000ae8       0xa0 ./ra/fsp/src/r_sci_uart/r_sci_uart.o
                0x00000ae8                sci_uart_rxi_isr
 .text.sci_uart_tei_isr
                0x00000b88       0x4c ./ra/fsp/src/r_sci_uart/r_sci_uart.o
                0x00000b88                sci_uart_tei_isr
 .text.sci_uart_eri_isr
                0x00000bd4       0x78 ./ra/fsp/src/r_sci_uart/r_sci_uart.o
                0x00000bd4                sci_uart_eri_isr
 .text.R_IOPORT_Close
                0x00000c4c        0x8 ./ra/fsp/src/r_ioport/r_ioport.o
                0x00000c4c                R_IOPORT_Close
 .text.R_IOPORT_PinCfg
                0x00000c54       0xa0 ./ra/fsp/src/r_ioport/r_ioport.o
                0x00000c54                R_IOPORT_PinCfg
 .text.R_IOPORT_PinRead
                0x00000cf4       0x24 ./ra/fsp/src/r_ioport/r_ioport.o
                0x00000cf4                R_IOPORT_PinRead
 .text.R_IOPORT_PortRead
                0x00000d18       0x18 ./ra/fsp/src/r_ioport/r_ioport.o
                0x00000d18                R_IOPORT_PortRead
 .text.R_IOPORT_PortWrite
                0x00000d30       0x20 ./ra/fsp/src/r_ioport/r_ioport.o
                0x00000d30                R_IOPORT_PortWrite
 .text.R_IOPORT_PinWrite
                0x00000d50       0x28 ./ra/fsp/src/r_ioport/r_ioport.o
                0x00000d50                R_IOPORT_PinWrite
 .text.R_IOPORT_PortDirectionSet
                0x00000d78       0x24 ./ra/fsp/src/r_ioport/r_ioport.o
                0x00000d78                R_IOPORT_PortDirectionSet
 .text.R_IOPORT_PortEventInputRead
                0x00000d9c       0x18 ./ra/fsp/src/r_ioport/r_ioport.o
                0x00000d9c                R_IOPORT_PortEventInputRead
 .text.R_IOPORT_PinEventInputRead
                0x00000db4       0x2c ./ra/fsp/src/r_ioport/r_ioport.o
                0x00000db4                R_IOPORT_PinEventInputRead
 .text.R_IOPORT_PortEventOutputWrite
                0x00000de0       0x20 ./ra/fsp/src/r_ioport/r_ioport.o
                0x00000de0                R_IOPORT_PortEventOutputWrite
 .text.R_IOPORT_PinEventOutputWrite
                0x00000e00       0x4c ./ra/fsp/src/r_ioport/r_ioport.o
                0x00000e00                R_IOPORT_PinEventOutputWrite
 .text.r_ioport_pins_config.isra.0
                0x00000e4c       0xf8 ./ra/fsp/src/r_ioport/r_ioport.o
 .text.R_IOPORT_Open
                0x00000f44       0x1c ./ra/fsp/src/r_ioport/r_ioport.o
                0x00000f44                R_IOPORT_Open
 .text.R_IOPORT_PinsCfg
                0x00000f60       0x10 ./ra/fsp/src/r_ioport/r_ioport.o
                0x00000f60                R_IOPORT_PinsCfg
 .text.bsp_prv_operating_mode_opccr_set
                0x00000f70       0x44 ./ra/fsp/src/bsp/mcu/all/bsp_clocks.o
 .text.SystemCoreClockUpdate
                0x00000fb4       0x2c ./ra/fsp/src/bsp/mcu/all/bsp_clocks.o
                0x00000fb4                SystemCoreClockUpdate
 .text.bsp_clock_init
                0x00000fe0       0xc8 ./ra/fsp/src/bsp/mcu/all/bsp_clocks.o
                0x00000fe0                bsp_clock_init
 .text.R_BSP_Init_RTC
                0x000010a8       0x10 ./ra/fsp/src/bsp/mcu/all/bsp_clocks.o
                0x000010a8                R_BSP_Init_RTC
 .text.bsp_prv_software_delay_loop
                0x000010b8        0x8 ./ra/fsp/src/bsp/mcu/all/bsp_delay.o
                0x000010b8                bsp_prv_software_delay_loop
 .text.R_BSP_SoftwareDelay
                0x000010c0       0x5c ./ra/fsp/src/bsp/mcu/all/bsp_delay.o
                0x000010c0                R_BSP_SoftwareDelay
 .text.NMI_Handler
                0x0000111c       0x4c ./ra/fsp/src/bsp/mcu/all/bsp_group_irq.o
                0x0000111c                NMI_Handler
 .text.bsp_irq_cfg
                0x00001168       0x28 ./ra/fsp/src/bsp/mcu/all/bsp_irq.o
                0x00001168                bsp_irq_cfg
 .text.R_BSP_RegisterProtectEnable
                0x00001190       0x54 ./ra/fsp/src/bsp/mcu/all/bsp_register_protection.o
                0x00001190                R_BSP_RegisterProtectEnable
 .text.R_BSP_RegisterProtectDisable
                0x000011e4       0x4c ./ra/fsp/src/bsp/mcu/all/bsp_register_protection.o
                0x000011e4                R_BSP_RegisterProtectDisable
 .text.Default_Handler
                0x00001230        0x4 ./ra/fsp/src/bsp/cmsis/Device/RENESAS/Source/startup.o
                0x00001230                DebugMon_Handler
                0x00001230                HardFault_Handler
                0x00001230                SysTick_Handler
                0x00001230                PendSV_Handler
                0x00001230                UsageFault_Handler
                0x00001230                SecureFault_Handler
                0x00001230                Default_Handler
                0x00001230                MemManage_Handler
                0x00001230                SVC_Handler
                0x00001230                BusFault_Handler
 .text.Reset_Handler
                0x00001234        0xc ./ra/fsp/src/bsp/cmsis/Device/RENESAS/Source/startup.o
                0x00001234                Reset_Handler
 .text.SystemInit
                0x00001240      0x144 ./ra/fsp/src/bsp/cmsis/Device/RENESAS/Source/system.o
                0x00001240                SystemInit
 .text.bsp_init
                0x00001384        0x4 ./ra/board/ra2e1_ek/board_init.o
                0x00001384                bsp_init
 .text          0x00001388       0x5c c:/renesas/ra/e2studio_v2022-04_fsp_v3.7.0/toolchains/gcc_arm/9_2020q2/bin/../lib/gcc/arm-none-eabi/9.3.1/thumb/v8-m.base/nofp\libgcc.a(_muldi3.o)
                0x00001388                __muldi3
                0x00001388                __aeabi_lmul
 .text.memcpy   0x000013e4       0x12 c:/renesas/ra/e2studio_v2022-04_fsp_v3.7.0/toolchains/gcc_arm/9_2020q2/bin/../lib/gcc/arm-none-eabi/9.3.1/../../../../arm-none-eabi/lib/thumb/v8-m.base/nofp\libg_nano.a(lib_a-memcpy-stub.o)
                0x000013e4                memcpy
 .text.memset   0x000013f6       0x10 c:/renesas/ra/e2studio_v2022-04_fsp_v3.7.0/toolchains/gcc_arm/9_2020q2/bin/../lib/gcc/arm-none-eabi/9.3.1/../../../../arm-none-eabi/lib/thumb/v8-m.base/nofp\libg_nano.a(lib_a-memset.o)
                0x000013f6                memset
 *(.version)
 *fill*         0x00001406        0x2 ff
 .version       0x00001408       0x50 ./ra/fsp/src/bsp/mcu/all/bsp_common.o
 *(.init)
 .init          0x00001458        0x4 c:/renesas/ra/e2studio_v2022-04_fsp_v3.7.0/toolchains/gcc_arm/9_2020q2/bin/../lib/gcc/arm-none-eabi/9.3.1/thumb/v8-m.base/nofp/crti.o
                0x00001458                _init
 .init          0x0000145c        0x8 c:/renesas/ra/e2studio_v2022-04_fsp_v3.7.0/toolchains/gcc_arm/9_2020q2/bin/../lib/gcc/arm-none-eabi/9.3.1/thumb/v8-m.base/nofp/crtn.o
 *(.fini)
 .fini          0x00001464        0x4 c:/renesas/ra/e2studio_v2022-04_fsp_v3.7.0/toolchains/gcc_arm/9_2020q2/bin/../lib/gcc/arm-none-eabi/9.3.1/thumb/v8-m.base/nofp/crti.o
                0x00001464                _fini
 .fini          0x00001468        0x8 c:/renesas/ra/e2studio_v2022-04_fsp_v3.7.0/toolchains/gcc_arm/9_2020q2/bin/../lib/gcc/arm-none-eabi/9.3.1/thumb/v8-m.base/nofp/crtn.o
 *crtbegin.o(.ctors)
 *crtbegin?.o(.ctors)
 *(EXCLUDE_FILE(*crtend.o *crtend?.o) .ctors)
 *(SORT_BY_NAME(.ctors.*))
 *(.ctors)
 *crtbegin.o(.dtors)
 *crtbegin?.o(.dtors)
 *(EXCLUDE_FILE(*crtend.o *crtend?.o) .dtors)
 *(SORT_BY_NAME(.dtors.*))
 *(.dtors)
 *(.rodata*)
 .rodata.hal_entry.str1.4
                0x00001470       0x16 ./src/hal_entry.o
 *fill*         0x00001486        0x2 ff
 .rodata.g_ioport
                0x00001488        0xc ./ra_gen/common_data.o
                0x00001488                g_ioport
 .rodata.g_uart0_cfg
                0x00001494       0x20 ./ra_gen/hal_data.o
                0x00001494                g_uart0_cfg
 .rodata.g_uart0_cfg_extend
                0x000014b4       0x14 ./ra_gen/hal_data.o
                0x000014b4                g_uart0_cfg_extend
 .rodata.g_bsp_pin_cfg
                0x000014c8        0x8 ./ra_gen/pin_data.o
                0x000014c8                g_bsp_pin_cfg
 .rodata.g_bsp_pin_cfg_data
                0x000014d0      0x170 ./ra_gen/pin_data.o
                0x000014d0                g_bsp_pin_cfg_data
 .rodata.g_interrupt_event_link_select
                0x00001640       0x20 ./ra_gen/vector_data.o
                0x00001640                g_interrupt_event_link_select
 .rodata.g_ioport_on_ioport
                0x00001660       0x34 ./ra/fsp/src/r_ioport/r_ioport.o
                0x00001660                g_ioport_on_ioport
 .rodata.g_prcr_masks
                0x00001694        0x8 ./ra/fsp/src/bsp/mcu/all/bsp_register_protection.o
                0x0000169c                __usb_dev_descriptor_start_fs = .
 *(.usb_device_desc_fs*)
                0x0000169c                __usb_cfg_descriptor_start_fs = .
 *(.usb_config_desc_fs*)
                0x0000169c                __usb_interface_descriptor_start_fs = .
 *(.usb_interface_desc_fs*)
                0x0000169c                __usb_descriptor_end_fs = .
                0x0000169c                __usb_dev_descriptor_start_hs = .
 *(.usb_device_desc_hs*)
                0x0000169c                __usb_cfg_descriptor_start_hs = .
 *(.usb_config_desc_hs*)
                0x0000169c                __usb_interface_descriptor_start_hs = .
 *(.usb_interface_desc_hs*)
                0x0000169c                __usb_descriptor_end_hs = .
 *(.eh_frame*)
 .eh_frame      0x0000169c        0x0 c:/renesas/ra/e2studio_v2022-04_fsp_v3.7.0/toolchains/gcc_arm/9_2020q2/bin/../lib/gcc/arm-none-eabi/9.3.1/thumb/v8-m.base/nofp/crtbegin.o
 .eh_frame      0x0000169c        0x4 c:/renesas/ra/e2studio_v2022-04_fsp_v3.7.0/toolchains/gcc_arm/9_2020q2/bin/../lib/gcc/arm-none-eabi/9.3.1/thumb/v8-m.base/nofp/crtend.o
                0x000016a0                __ROM_End = .
                0x000000c0                __Vectors_Size = (__Vectors_End - __Vectors)

.glue_7         0x000016a0        0x0
 .glue_7        0x000016a0        0x0 linker stubs

.glue_7t        0x000016a0        0x0
 .glue_7t       0x000016a0        0x0 linker stubs

.vfp11_veneer   0x000016a0        0x0
 .vfp11_veneer  0x000016a0        0x0 linker stubs

.v4_bx          0x000016a0        0x0
 .v4_bx         0x000016a0        0x0 linker stubs

.iplt           0x000016a0        0x0
 .iplt          0x000016a0        0x0 c:/renesas/ra/e2studio_v2022-04_fsp_v3.7.0/toolchains/gcc_arm/9_2020q2/bin/../lib/gcc/arm-none-eabi/9.3.1/thumb/v8-m.base/nofp/crtbegin.o

.ARM.extab
 *(.ARM.extab* .gnu.linkonce.armextab.*)
                0x000016a0                __exidx_start = .

.ARM.exidx
 *(.ARM.exidx* .gnu.linkonce.armexidx.*)
                0x000016a0                __exidx_end = .
                0x000016a0                __etext = .
                0x20004000                __tz_RAM_S = ORIGIN (RAM)

.fsp_dtc_vector_table
                0x20004000        0x0
                0x20004000                . = ORIGIN (RAM)
 *(.fsp_dtc_vector_table)

.data           0x20004000        0xc load address 0x000016a0
                0x20004000                __data_start__ = .
                0x20004000                . = ALIGN (0x4)
                0x20004000                __Code_In_RAM_Start = .
 *(.code_in_ram*)
                0x20004000                __Code_In_RAM_End = .
 *(vtable)
 *(.data.*)
 .data.g_uart0_baud_setting
                0x20004000        0x4 ./ra_gen/hal_data.o
                0x20004000                g_uart0_baud_setting
 *(.data)
                0x20004004                . = ALIGN (0x4)
                0x20004004                PROVIDE (__preinit_array_start = .)
 *(.preinit_array)
                0x20004004                PROVIDE (__preinit_array_end = .)
                0x20004004                . = ALIGN (0x4)
                0x20004004                PROVIDE (__init_array_start = .)
 *(SORT_BY_NAME(.init_array.*))
 *(.init_array)
 .init_array    0x20004004        0x4 c:/renesas/ra/e2studio_v2022-04_fsp_v3.7.0/toolchains/gcc_arm/9_2020q2/bin/../lib/gcc/arm-none-eabi/9.3.1/thumb/v8-m.base/nofp/crtbegin.o
                0x20004008                PROVIDE (__init_array_end = .)
                0x20004008                . = ALIGN (0x4)
                [!provide]                PROVIDE (__fini_array_start = .)
 *(SORT_BY_NAME(.fini_array.*))
 *(.fini_array)
 .fini_array    0x20004008        0x4 c:/renesas/ra/e2studio_v2022-04_fsp_v3.7.0/toolchains/gcc_arm/9_2020q2/bin/../lib/gcc/arm-none-eabi/9.3.1/thumb/v8-m.base/nofp/crtbegin.o
                [!provide]                PROVIDE (__fini_array_end = .)
 *(.jcr*)
                0x2000400c                . = ALIGN (0x4)
                0x2000400c                __data_end__ = .
                0x000016ac                __dtcm_data_init_start = ((__etext + __data_end__) - __data_start__)

.igot.plt       0x2000400c        0x0 load address 0x000016ac
 .igot.plt      0x2000400c        0x0 c:/renesas/ra/e2studio_v2022-04_fsp_v3.7.0/toolchains/gcc_arm/9_2020q2/bin/../lib/gcc/arm-none-eabi/9.3.1/thumb/v8-m.base/nofp/crtbegin.o

.dtcm_data      0x00000000        0x0 load address 0x000016ac
                0x00000000                __tz_DTCM_S = ABSOLUTE (DTCM_START)
                0x00000000                __dtcm_data_start__ = .
 *(.dtcm_data*)
                0x00000000                __dtcm_data_end__ = .

.dtcm_noinit    0x00000000        0x0 load address 0x000016ac
                0x00000000                __dtcm_noinit_start = .
 *(.dtcm_noinit*)
                0x00000000                __dtcm_noinit_end = .
                0x00000000                __tz_DTCM_N = DEFINED (DTCM_NS_START)?ABSOLUTE (DTCM_NS_START):ALIGN (__dtcm_noinit_end, 0x2000)
                0x000016ac                DATA_END = (LOADADDR (.data) + SIZEOF (.data))
                0x00001800                SGSTUBS_LOC = (DEFINED (PROJECT_SECURE) && DEFINED (FLASH_NSC_START))?ABSOLUTE (FLASH_NSC_START):ALIGN (DATA_END, 0x400)

.gnu.sgstubs    0x00001800        0x0
                0x00001800                __tz_FLASH_C = DEFINED (FLASH_NSC_START)?ABSOLUTE (FLASH_NSC_START):__RESERVE_NS_RAM?ABSOLUTE ((FLASH_START + FLASH_LENGTH)):ALIGN (0x400)
                0x00001800                _start_sg = .
 *(.gnu.sgstubs*)
                0x00001800                . = ALIGN (0x20)
                0x00001800                _end_sg = .
                0x00008000                __tz_FLASH_N = DEFINED (FLASH_NS_START)?ABSOLUTE (FLASH_NS_START):__RESERVE_NS_RAM?ABSOLUTE ((FLASH_START + FLASH_LENGTH)):(FLASH_LENGTH < 0x8000)?FLASH_LENGTH:ALIGN (0x8000)
                0x00008000                FLASH_NS_IMAGE_START = DEFINED (FLASH_NS_IMAGE_START)?FLASH_NS_IMAGE_START:__tz_FLASH_N
                0x60000000                __tz_QSPI_FLASH_S = ORIGIN (QSPI_FLASH)

.qspi_flash     0x60000000        0x0
                0x60000000                __qspi_flash_start__ = .
 *(.qspi_flash*)
 *(.code_in_qspi*)
                0x60000000                __qspi_flash_end__ = .
                0x00000000                __qspi_flash_code_size__ = (__qspi_flash_end__ - __qspi_flash_start__)
                0x000016ac                __qspi_flash_code_addr__ = (__etext + (__data_end__ - __data_start__))

.qspi_non_retentive
                0x60000000        0x0 load address 0x000016ac
                0x60000000                __qspi_non_retentive_start__ = .
 *(.qspi_non_retentive*)
                0x60000000                __qspi_non_retentive_end__ = .
                0x00000000                __qspi_non_retentive_size__ = (__qspi_non_retentive_end__ - __qspi_non_retentive_start__)
                0x04000000                __qspi_region_max_size__ = 0x4000000
                0x60000000                __qspi_region_start_address__ = __qspi_flash_start__
                0x64000000                __qspi_region_end_address__ = (__qspi_flash_start__ + __qspi_region_max_size__)
                0x60000000                __tz_QSPI_FLASH_N = __qspi_non_retentive_end__

.OSPI_DEVICE_0_NO_LOAD
                0x80020000        0x0
                0x80020000                . = ALIGN (0x4)
                0x80020000                __ospi_device_0_start__ = .
 *(.ospi_device_0_no_load*)
                0x80020000                . = ALIGN (0x4)
                0x80020000                __ospi_device_0_end__ = .

.OSPI_DEVICE_1_NO_LOAD
                0x80030000        0x0
                0x80030000                . = ALIGN (0x4)
                0x80030000                __ospi_device_1_start__ = .
 *(.ospi_device_1_no_load*)
                0x80030000                . = ALIGN (0x4)
                0x80030000                __ospi_device_1_end__ = .
                0x80020000                __tz_OSPI_DEVICE_0_S = ORIGIN (OSPI_DEVICE_0)

.OSPI_DEVICE_0  0x80020000        0x0
                0x80020000                __ospi_device_0_start__ = .
 *(.ospi_device_0*)
 *(.code_in_ospi_device_0*)
                0x80020000                __ospi_device_0_end__ = .
                0x00000000                __ospi_device_0_code_size__ = (__ospi_device_0_end__ - __ospi_device_0_start__)
                0x000016ac                __ospi_device_0_code_addr__ = (__etext + (__data_end__ - __data_start__))

.ospi_device_0_non_retentive
                0x80020000        0x0 load address 0x000016ac
                0x80020000                __ospi_device_0_non_retentive_start__ = .
 *(.ospi_device_0_non_retentive*)
                0x80020000                __ospi_device_0_non_retentive_end__ = .
                0x00000000                __ospi_device_0_non_retentive_size__ = (__ospi_device_0_non_retentive_end__ - __ospi_device_0_non_retentive_start__)
                0x08000000                __ospi_device_0_region_max_size__ = 0x8000000
                0x80020000                __ospi_device_0_region_start_address__ = __ospi_device_0_start__
                0x88020000                __ospi_device_0_region_end_address__ = (__ospi_device_0_start__ + __ospi_device_0_region_max_size__)
                0x80020000                __tz_OSPI_DEVICE_0_N = __ospi_device_0_non_retentive_end__
                0x80030000                __tz_OSPI_DEVICE_1_S = ORIGIN (OSPI_DEVICE_1)

.OSPI_DEVICE_1  0x80030000        0x0
                0x80030000                __ospi_device_1_start__ = .
 *(.ospi_device_1*)
 *(.code_in_ospi_device_1*)
                0x80030000                __ospi_device_1_end__ = .
                0x00000000                __ospi_device_1_code_size__ = (__ospi_device_1_end__ - __ospi_device_1_start__)
                0x000016ac                __ospi_device_1_code_addr__ = (__etext + (__data_end__ - __data_start__))

.ospi_device_1_non_retentive
                0x80030000        0x0 load address 0x000016ac
                0x80030000                __ospi_device_1_non_retentive_start__ = .
 *(.ospi_device_1_non_retentive*)
                0x80030000                __ospi_device_1_non_retentive_end__ = .
                0x00000000                __ospi_device_1_non_retentive_size__ = (__ospi_device_1_non_retentive_end__ - __ospi_device_1_non_retentive_start__)
                0x10000000                __ospi_device_1_region_max_size__ = 0x10000000
                0x80030000                __ospi_device_1_region_start_address__ = __ospi_device_1_start__
                0x90030000                __ospi_device_1_region_end_address__ = (__ospi_device_1_start__ + __ospi_device_1_region_max_size__)
                0x80030000                __tz_OSPI_DEVICE_1_N = __ospi_device_1_non_retentive_end__

.noinit         0x2000400c       0x14
                0x2000400c                . = ALIGN (0x4)
                0x2000400c                __noinit_start = .
 *(.noinit*)
 .noinit        0x2000400c       0x14 ./ra/fsp/src/bsp/mcu/all/bsp_clocks.o
                0x20004020                . = ALIGN (0x8)
 *(.heap.*)
                0x20004020                __noinit_end = .

.bss            0x20004020      0x124
                0x20004020                . = ALIGN (0x4)
                0x20004020                __bss_start__ = .
 *(.bss*)
 .bss           0x20004020       0x1c c:/renesas/ra/e2studio_v2022-04_fsp_v3.7.0/toolchains/gcc_arm/9_2020q2/bin/../lib/gcc/arm-none-eabi/9.3.1/thumb/v8-m.base/nofp/crtbegin.o
 *(COMMON)
 COMMON         0x2000403c        0x8 ./ra_gen/common_data.o
                0x2000403c                g_ioport_ctrl
 COMMON         0x20004044       0x30 ./ra_gen/hal_data.o
                0x20004044                g_uart0_ctrl
 COMMON         0x20004074       0x40 ./ra/fsp/src/bsp/mcu/all/bsp_group_irq.o
                0x20004074                g_bsp_group_irq_sources
 COMMON         0x200040b4        0x4 ./ra/fsp/src/bsp/mcu/all/bsp_io.o
                0x200040b4                g_protect_pfswe_counter
 COMMON         0x200040b8       0x80 ./ra/fsp/src/bsp/mcu/all/bsp_irq.o
                0x200040b8                gp_renesas_isr_context
 COMMON         0x20004138        0x8 ./ra/fsp/src/bsp/mcu/all/bsp_register_protection.o
                0x20004138                g_protect_counters
 COMMON         0x20004140        0x4 ./ra/fsp/src/bsp/cmsis/Device/RENESAS/Source/system.o
                0x20004140                SystemCoreClock
                0x20004144                . = ALIGN (0x4)
                0x20004144                __bss_end__ = .

.heap           0x20004144        0x4
                0x20004148                . = ALIGN (0x8)
 *fill*         0x20004144        0x4 
                0x20004148                __HeapBase = .
 *(.heap)
                0x20004148                __HeapLimit = .

.stack_dummy    0x20004148      0x400
                0x20004148                . = ALIGN (0x8)
                0x20004148                __StackLimit = .
 *(.stack)
 .stack         0x20004148      0x400 ./ra/fsp/src/bsp/cmsis/Device/RENESAS/Source/startup.o
                0x20004548                __StackTop = .
 *(.stack*)
                0x20004548                __StackTopAll = .
                0x20004548                PROVIDE (__stack = __StackTopAll)
                0x20004548                __RAM_segment_used_end__ = ALIGN (__StackTopAll, 0x4)
                0x20004800                __tz_RAM_C = DEFINED (RAM_NSC_START)?ABSOLUTE ((RAM_NSC_START - RAM_NS_BUFFER_BLOCK_LENGTH)):__RESERVE_NS_RAM?ABSOLUTE (RAM_NS_BUFFER_BLOCK_START):ALIGN (__RAM_segment_used_end__, 0x400)
                0x20006000                __tz_RAM_N = DEFINED (RAM_NS_START)?ABSOLUTE ((RAM_NS_START - RAM_NS_BUFFER_BLOCK_LENGTH)):__RESERVE_NS_RAM?ABSOLUTE (RAM_NS_BUFFER_BLOCK_START):ALIGN (__tz_RAM_C, 0x2000)

.ns_buffer      0x20004548        0x0
                0x20004548                . = __RESERVE_NS_RAM?ABSOLUTE ((RAM_NS_BUFFER_START & 0xffffffe0)):.
 *(.ns_buffer*)

.data_flash     0x40100000        0x0
                0x40100000                . = ORIGIN (DATA_FLASH)
                0x40100000                __tz_DATA_FLASH_S = .
                0x40100000                __Data_Flash_Start = .
 *(.data_flash*)
                0x40100000                __Data_Flash_End = .
                0x40100000                __tz_DATA_FLASH_N = DEFINED (DATA_FLASH_NS_START)?ABSOLUTE (DATA_FLASH_NS_START):__RESERVE_NS_RAM?ABSOLUTE ((DATA_FLASH_START + DATA_FLASH_LENGTH)):ALIGN (0x400)
                0x80010000                __tz_SDRAM_S = ORIGIN (SDRAM)

.sdram          0x80010000        0x0
                0x80010000                __SDRAM_Start = .
 *(.sdram*)
 *(.frame*)
                0x80010000                __SDRAM_End = .
                0x80010000                __tz_SDRAM_N = __SDRAM_End
                0x01010018                __tz_ID_CODE_S = ORIGIN (ID_CODE)
                0x01010018                __tz_ID_CODE_N = __tz_ID_CODE_S

.id_code        0x01010018       0x1c
                0x01010018                __ID_Code_Start = .
 *(.id_code*)
 .id_code       0x01010018       0x1c ./ra/fsp/src/bsp/mcu/all/bsp_rom_registers.o
                0x01010034                __ID_Code_End = .
                0x00000000                __tz_OPTION_SETTING_S = ORIGIN (OPTION_SETTING_OFS)

.rel.dyn        0x01010034        0x0
 .rel.iplt      0x01010034        0x0 c:/renesas/ra/e2studio_v2022-04_fsp_v3.7.0/toolchains/gcc_arm/9_2020q2/bin/../lib/gcc/arm-none-eabi/9.3.1/thumb/v8-m.base/nofp/crtbegin.o

.option_setting_ofs
                0x00000000        0x0
                0x00000000                __OPTION_SETTING_OFS_Start = .
 *(.option_setting_ofs0)
                0x00000000                . = PROJECT_SECURE_OR_FLAT?(__OPTION_SETTING_OFS_Start + 0x4):__OPTION_SETTING_OFS_Start
 *(.option_setting_ofs2)
                0x00000000                . = PROJECT_SECURE_OR_FLAT?(__OPTION_SETTING_OFS_Start + 0x10):__OPTION_SETTING_OFS_Start
 *(.option_setting_dualsel)
                0x00000000                __OPTION_SETTING_OFS_End = .

.option_setting_sas
                0x00000034        0x0
                0x00000034                __OPTION_SETTING_SAS_Start = .
 *(.option_setting_sas)
                0x00000034                __OPTION_SETTING_SAS_End = .
                0x00000080                __tz_OPTION_SETTING_N = ABSOLUTE (OPTION_SETTING_START_NS)

.option_setting_ns
                0x00000000        0x0
                0x00000000                __OPTION_SETTING_NS_Start = .
 *(.option_setting_ofs1)
                0x00000000                . = USE_OPTION_SETTING_NS?(__OPTION_SETTING_NS_Start + 0x4):__OPTION_SETTING_NS_Start
 *(.option_setting_ofs3)
                0x00000000                . = USE_OPTION_SETTING_NS?(__OPTION_SETTING_NS_Start + 0x10):__OPTION_SETTING_NS_Start
 *(.option_setting_banksel)
                0x00000000                . = USE_OPTION_SETTING_NS?(__OPTION_SETTING_NS_Start + 0x40):__OPTION_SETTING_NS_Start
 *(.option_setting_bps0)
                0x00000000                . = USE_OPTION_SETTING_NS?(__OPTION_SETTING_NS_Start + 0x44):__OPTION_SETTING_NS_Start
 *(.option_setting_bps1)
                0x00000000                . = USE_OPTION_SETTING_NS?(__OPTION_SETTING_NS_Start + 0x48):__OPTION_SETTING_NS_Start
 *(.option_setting_bps2)
                0x00000000                . = USE_OPTION_SETTING_NS?(__OPTION_SETTING_NS_Start + 0x4c):__OPTION_SETTING_NS_Start
 *(.option_setting_bps3)
                0x00000000                . = USE_OPTION_SETTING_NS?(__OPTION_SETTING_NS_Start + 0x60):__OPTION_SETTING_NS_Start
 *(.option_setting_pbps0)
                0x00000000                . = USE_OPTION_SETTING_NS?(__OPTION_SETTING_NS_Start + 0x64):__OPTION_SETTING_NS_Start
 *(.option_setting_pbps1)
                0x00000000                . = USE_OPTION_SETTING_NS?(__OPTION_SETTING_NS_Start + 0x68):__OPTION_SETTING_NS_Start
 *(.option_setting_pbps2)
                0x00000000                . = USE_OPTION_SETTING_NS?(__OPTION_SETTING_NS_Start + 0x6c):__OPTION_SETTING_NS_Start
 *(.option_setting_pbps3)
                0x00000000                __OPTION_SETTING_NS_End = .
                0x80000000                __tz_OPTION_SETTING_S_S = ORIGIN (OPTION_SETTING_S)

.option_setting_s
                0x80000000        0x0
                0x80000000                __OPTION_SETTING_S_Start = .
 *(.option_setting_ofs1_sec)
                0x80000000                . = PROJECT_SECURE_OR_FLAT?(__OPTION_SETTING_S_Start + 0x4):__OPTION_SETTING_S_Start
 *(.option_setting_ofs3_sec)
                0x80000000                . = PROJECT_SECURE_OR_FLAT?(__OPTION_SETTING_S_Start + 0x10):__OPTION_SETTING_S_Start
 *(.option_setting_banksel_sec)
                0x80000000                . = PROJECT_SECURE_OR_FLAT?(__OPTION_SETTING_S_Start + 0x40):__OPTION_SETTING_S_Start
 *(.option_setting_bps_sec0)
                0x80000000                . = PROJECT_SECURE_OR_FLAT?(__OPTION_SETTING_S_Start + 0x44):__OPTION_SETTING_S_Start
 *(.option_setting_bps_sec1)
                0x80000000                . = PROJECT_SECURE_OR_FLAT?(__OPTION_SETTING_S_Start + 0x48):__OPTION_SETTING_S_Start
 *(.option_setting_bps_sec2)
                0x80000000                . = PROJECT_SECURE_OR_FLAT?(__OPTION_SETTING_S_Start + 0x4c):__OPTION_SETTING_S_Start
 *(.option_setting_bps_sec3)
                0x80000000                . = PROJECT_SECURE_OR_FLAT?(__OPTION_SETTING_S_Start + 0x60):__OPTION_SETTING_S_Start
 *(.option_setting_pbps_sec0)
                0x80000000                . = PROJECT_SECURE_OR_FLAT?(__OPTION_SETTING_S_Start + 0x64):__OPTION_SETTING_S_Start
 *(.option_setting_pbps_sec1)
                0x80000000                . = PROJECT_SECURE_OR_FLAT?(__OPTION_SETTING_S_Start + 0x68):__OPTION_SETTING_S_Start
 *(.option_setting_pbps_sec2)
                0x80000000                . = PROJECT_SECURE_OR_FLAT?(__OPTION_SETTING_S_Start + 0x6c):__OPTION_SETTING_S_Start
 *(.option_setting_pbps_sec3)
                0x80000000                . = PROJECT_SECURE_OR_FLAT?(__OPTION_SETTING_S_Start + 0x80):__OPTION_SETTING_S_Start
 *(.option_setting_ofs1_sel)
                0x80000000                . = PROJECT_SECURE_OR_FLAT?(__OPTION_SETTING_S_Start + 0x84):__OPTION_SETTING_S_Start
 *(.option_setting_ofs3_sel)
                0x80000000                . = PROJECT_SECURE_OR_FLAT?(__OPTION_SETTING_S_Start + 0x90):__OPTION_SETTING_S_Start
 *(.option_setting_banksel_sel)
                0x80000000                . = PROJECT_SECURE_OR_FLAT?(__OPTION_SETTING_S_Start + 0xc0):__OPTION_SETTING_S_Start
 *(.option_setting_bps_sel0)
                0x80000000                . = PROJECT_SECURE_OR_FLAT?(__OPTION_SETTING_S_Start + 0xc4):__OPTION_SETTING_S_Start
 *(.option_setting_bps_sel1)
                0x80000000                . = PROJECT_SECURE_OR_FLAT?(__OPTION_SETTING_S_Start + 0xc8):__OPTION_SETTING_S_Start
 *(.option_setting_bps_sel2)
                0x80000000                . = PROJECT_SECURE_OR_FLAT?(__OPTION_SETTING_S_Start + 0xcc):__OPTION_SETTING_S_Start
 *(.option_setting_bps_sel3)
                0x80000000                __OPTION_SETTING_S_End = .
                0x80000000                __tz_OPTION_SETTING_S_N = __OPTION_SETTING_S_End
OUTPUT(3_UART_EK.elf elf32-littlearm)
LOAD linker stubs

.ARM.attributes
                0x00000000       0x2c
 .ARM.attributes
                0x00000000       0x22 c:/renesas/ra/e2studio_v2022-04_fsp_v3.7.0/toolchains/gcc_arm/9_2020q2/bin/../lib/gcc/arm-none-eabi/9.3.1/thumb/v8-m.base/nofp/crti.o
 .ARM.attributes
                0x00000022       0x30 c:/renesas/ra/e2studio_v2022-04_fsp_v3.7.0/toolchains/gcc_arm/9_2020q2/bin/../lib/gcc/arm-none-eabi/9.3.1/thumb/v8-m.base/nofp/crtbegin.o
 .ARM.attributes
                0x00000052       0x30 ./src/hal_entry.o
 .ARM.attributes
                0x00000082       0x30 ./ra_gen/common_data.o
 .ARM.attributes
                0x000000b2       0x30 ./ra_gen/hal_data.o
 .ARM.attributes
                0x000000e2       0x30 ./ra_gen/main.o
 .ARM.attributes
                0x00000112       0x32 ./ra_gen/pin_data.o
 .ARM.attributes
                0x00000144       0x32 ./ra_gen/vector_data.o
 .ARM.attributes
                0x00000176       0x30 ./ra/fsp/src/r_sci_uart/r_sci_uart.o
 .ARM.attributes
                0x000001a6       0x30 ./ra/fsp/src/r_ioport/r_ioport.o
 .ARM.attributes
                0x000001d6       0x30 ./ra/fsp/src/bsp/mcu/all/bsp_clocks.o
 .ARM.attributes
                0x00000206       0x30 ./ra/fsp/src/bsp/mcu/all/bsp_common.o
 .ARM.attributes
                0x00000236       0x30 ./ra/fsp/src/bsp/mcu/all/bsp_delay.o
 .ARM.attributes
                0x00000266       0x30 ./ra/fsp/src/bsp/mcu/all/bsp_group_irq.o
 .ARM.attributes
                0x00000296       0x32 ./ra/fsp/src/bsp/mcu/all/bsp_io.o
 .ARM.attributes
                0x000002c8       0x30 ./ra/fsp/src/bsp/mcu/all/bsp_irq.o
 .ARM.attributes
                0x000002f8       0x30 ./ra/fsp/src/bsp/mcu/all/bsp_register_protection.o
 .ARM.attributes
                0x00000328       0x32 ./ra/fsp/src/bsp/mcu/all/bsp_rom_registers.o
 .ARM.attributes
                0x0000035a       0x30 ./ra/fsp/src/bsp/cmsis/Device/RENESAS/Source/startup.o
 .ARM.attributes
                0x0000038a       0x30 ./ra/fsp/src/bsp/cmsis/Device/RENESAS/Source/system.o
 .ARM.attributes
                0x000003ba       0x30 ./ra/board/ra2e1_ek/board_init.o
 .ARM.attributes
                0x000003ea       0x30 c:/renesas/ra/e2studio_v2022-04_fsp_v3.7.0/toolchains/gcc_arm/9_2020q2/bin/../lib/gcc/arm-none-eabi/9.3.1/thumb/v8-m.base/nofp\libgcc.a(_muldi3.o)
 .ARM.attributes
                0x0000041a       0x30 c:/renesas/ra/e2studio_v2022-04_fsp_v3.7.0/toolchains/gcc_arm/9_2020q2/bin/../lib/gcc/arm-none-eabi/9.3.1/../../../../arm-none-eabi/lib/thumb/v8-m.base/nofp\libg_nano.a(lib_a-memcpy-stub.o)
 .ARM.attributes
                0x0000044a       0x30 c:/renesas/ra/e2studio_v2022-04_fsp_v3.7.0/toolchains/gcc_arm/9_2020q2/bin/../lib/gcc/arm-none-eabi/9.3.1/../../../../arm-none-eabi/lib/thumb/v8-m.base/nofp\libg_nano.a(lib_a-memset.o)
 .ARM.attributes
                0x0000047a       0x30 c:/renesas/ra/e2studio_v2022-04_fsp_v3.7.0/toolchains/gcc_arm/9_2020q2/bin/../lib/gcc/arm-none-eabi/9.3.1/thumb/v8-m.base/nofp/crtend.o
 .ARM.attributes
                0x000004aa       0x22 c:/renesas/ra/e2studio_v2022-04_fsp_v3.7.0/toolchains/gcc_arm/9_2020q2/bin/../lib/gcc/arm-none-eabi/9.3.1/thumb/v8-m.base/nofp/crtn.o

.comment        0x00000000       0x4c
 .comment       0x00000000       0x4c ./src/hal_entry.o
                                 0x4d (size before relaxing)
 .comment       0x0000004c       0x4d ./ra_gen/common_data.o
 .comment       0x0000004c       0x4d ./ra_gen/hal_data.o
 .comment       0x0000004c       0x4d ./ra_gen/main.o
 .comment       0x0000004c       0x4d ./ra_gen/pin_data.o
 .comment       0x0000004c       0x4d ./ra_gen/vector_data.o
 .comment       0x0000004c       0x4d ./ra/fsp/src/r_sci_uart/r_sci_uart.o
 .comment       0x0000004c       0x4d ./ra/fsp/src/r_ioport/r_ioport.o
 .comment       0x0000004c       0x4d ./ra/fsp/src/bsp/mcu/all/bsp_clocks.o
 .comment       0x0000004c       0x4d ./ra/fsp/src/bsp/mcu/all/bsp_common.o
 .comment       0x0000004c       0x4d ./ra/fsp/src/bsp/mcu/all/bsp_delay.o
 .comment       0x0000004c       0x4d ./ra/fsp/src/bsp/mcu/all/bsp_group_irq.o
 .comment       0x0000004c       0x4d ./ra/fsp/src/bsp/mcu/all/bsp_io.o
 .comment       0x0000004c       0x4d ./ra/fsp/src/bsp/mcu/all/bsp_irq.o
 .comment       0x0000004c       0x4d ./ra/fsp/src/bsp/mcu/all/bsp_register_protection.o
 .comment       0x0000004c       0x4d ./ra/fsp/src/bsp/mcu/all/bsp_rom_registers.o
 .comment       0x0000004c       0x4d ./ra/fsp/src/bsp/cmsis/Device/RENESAS/Source/startup.o
 .comment       0x0000004c       0x4d ./ra/fsp/src/bsp/cmsis/Device/RENESAS/Source/system.o
 .comment       0x0000004c       0x4d ./ra/board/ra2e1_ek/board_init.o

.debug_info     0x00000000    0x34016
 .debug_info    0x00000000     0x50db ./src/hal_entry.o
 .debug_info    0x000050db     0x1acc ./ra_gen/common_data.o
 .debug_info    0x00006ba7     0x4091 ./ra_gen/hal_data.o
 .debug_info    0x0000ac38     0x404b ./ra_gen/main.o
 .debug_info    0x0000ec83     0x12cc ./ra_gen/pin_data.o
 .debug_info    0x0000ff4f      0xcc0 ./ra_gen/vector_data.o
 .debug_info    0x00010c0f     0xa600 ./ra/fsp/src/r_sci_uart/r_sci_uart.o
 .debug_info    0x0001b20f     0x385c ./ra/fsp/src/r_ioport/r_ioport.o
 .debug_info    0x0001ea6b     0x6bb9 ./ra/fsp/src/bsp/mcu/all/bsp_clocks.o
 .debug_info    0x00025624     0x11ce ./ra/fsp/src/bsp/mcu/all/bsp_common.o
 .debug_info    0x000267f2      0xa82 ./ra/fsp/src/bsp/mcu/all/bsp_delay.o
 .debug_info    0x00027274     0x1c9c ./ra/fsp/src/bsp/mcu/all/bsp_group_irq.o
 .debug_info    0x00028f10      0x956 ./ra/fsp/src/bsp/mcu/all/bsp_io.o
 .debug_info    0x00029866     0x17c5 ./ra/fsp/src/bsp/mcu/all/bsp_irq.o
 .debug_info    0x0002b02b     0x4777 ./ra/fsp/src/bsp/mcu/all/bsp_register_protection.o
 .debug_info    0x0002f7a2      0x99b ./ra/fsp/src/bsp/mcu/all/bsp_rom_registers.o
 .debug_info    0x0003013d      0xa17 ./ra/fsp/src/bsp/cmsis/Device/RENESAS/Source/startup.o
 .debug_info    0x00030b54     0x2b51 ./ra/fsp/src/bsp/cmsis/Device/RENESAS/Source/system.o
 .debug_info    0x000336a5      0x971 ./ra/board/ra2e1_ek/board_init.o

.debug_abbrev   0x00000000     0x3819
 .debug_abbrev  0x00000000      0x36e ./src/hal_entry.o
 .debug_abbrev  0x0000036e      0x227 ./ra_gen/common_data.o
 .debug_abbrev  0x00000595      0x2de ./ra_gen/hal_data.o
 .debug_abbrev  0x00000873      0x2be ./ra_gen/main.o
 .debug_abbrev  0x00000b31      0x1fb ./ra_gen/pin_data.o
 .debug_abbrev  0x00000d2c      0x1e9 ./ra_gen/vector_data.o
 .debug_abbrev  0x00000f15      0x5fe ./ra/fsp/src/r_sci_uart/r_sci_uart.o
 .debug_abbrev  0x00001513      0x483 ./ra/fsp/src/r_ioport/r_ioport.o
 .debug_abbrev  0x00001996      0x468 ./ra/fsp/src/bsp/mcu/all/bsp_clocks.o
 .debug_abbrev  0x00001dfe      0x28c ./ra/fsp/src/bsp/mcu/all/bsp_common.o
 .debug_abbrev  0x0000208a      0x28a ./ra/fsp/src/bsp/mcu/all/bsp_delay.o
 .debug_abbrev  0x00002314      0x342 ./ra/fsp/src/bsp/mcu/all/bsp_group_irq.o
 .debug_abbrev  0x00002656      0x1c7 ./ra/fsp/src/bsp/mcu/all/bsp_io.o
 .debug_abbrev  0x0000281d      0x291 ./ra/fsp/src/bsp/mcu/all/bsp_irq.o
 .debug_abbrev  0x00002aae      0x357 ./ra/fsp/src/bsp/mcu/all/bsp_register_protection.o
 .debug_abbrev  0x00002e05      0x1c9 ./ra/fsp/src/bsp/mcu/all/bsp_rom_registers.o
 .debug_abbrev  0x00002fce      0x240 ./ra/fsp/src/bsp/cmsis/Device/RENESAS/Source/startup.o
 .debug_abbrev  0x0000320e      0x424 ./ra/fsp/src/bsp/cmsis/Device/RENESAS/Source/system.o
 .debug_abbrev  0x00003632      0x1e7 ./ra/board/ra2e1_ek/board_init.o

.debug_loc      0x00000000     0x27dd
 .debug_loc     0x00000000       0x42 ./src/hal_entry.o
 .debug_loc     0x00000042     0x1207 ./ra/fsp/src/r_sci_uart/r_sci_uart.o
 .debug_loc     0x00001249      0xe79 ./ra/fsp/src/r_ioport/r_ioport.o
 .debug_loc     0x000020c2      0x276 ./ra/fsp/src/bsp/mcu/all/bsp_clocks.o
 .debug_loc     0x00002338       0x25 ./ra/fsp/src/bsp/mcu/all/bsp_common.o
 .debug_loc     0x0000235d      0x16b ./ra/fsp/src/bsp/mcu/all/bsp_delay.o
 .debug_loc     0x000024c8       0xac ./ra/fsp/src/bsp/mcu/all/bsp_group_irq.o
 .debug_loc     0x00002574       0x3f ./ra/fsp/src/bsp/mcu/all/bsp_irq.o
 .debug_loc     0x000025b3      0x110 ./ra/fsp/src/bsp/mcu/all/bsp_register_protection.o
 .debug_loc     0x000026c3      0x11a ./ra/fsp/src/bsp/cmsis/Device/RENESAS/Source/system.o

.debug_aranges  0x00000000      0x3a8
 .debug_aranges
                0x00000000       0x30 ./src/hal_entry.o
 .debug_aranges
                0x00000030       0x20 ./ra_gen/common_data.o
 .debug_aranges
                0x00000050       0x20 ./ra_gen/hal_data.o
 .debug_aranges
                0x00000070       0x20 ./ra_gen/main.o
 .debug_aranges
                0x00000090       0x18 ./ra_gen/pin_data.o
 .debug_aranges
                0x000000a8       0x18 ./ra_gen/vector_data.o
 .debug_aranges
                0x000000c0       0x98 ./ra/fsp/src/r_sci_uart/r_sci_uart.o
 .debug_aranges
                0x00000158       0x88 ./ra/fsp/src/r_ioport/r_ioport.o
 .debug_aranges
                0x000001e0       0x60 ./ra/fsp/src/bsp/mcu/all/bsp_clocks.o
 .debug_aranges
                0x00000240       0x30 ./ra/fsp/src/bsp/mcu/all/bsp_common.o
 .debug_aranges
                0x00000270       0x28 ./ra/fsp/src/bsp/mcu/all/bsp_delay.o
 .debug_aranges
                0x00000298       0x28 ./ra/fsp/src/bsp/mcu/all/bsp_group_irq.o
 .debug_aranges
                0x000002c0       0x18 ./ra/fsp/src/bsp/mcu/all/bsp_io.o
 .debug_aranges
                0x000002d8       0x20 ./ra/fsp/src/bsp/mcu/all/bsp_irq.o
 .debug_aranges
                0x000002f8       0x28 ./ra/fsp/src/bsp/mcu/all/bsp_register_protection.o
 .debug_aranges
                0x00000320       0x18 ./ra/fsp/src/bsp/mcu/all/bsp_rom_registers.o
 .debug_aranges
                0x00000338       0x28 ./ra/fsp/src/bsp/cmsis/Device/RENESAS/Source/startup.o
 .debug_aranges
                0x00000360       0x28 ./ra/fsp/src/bsp/cmsis/Device/RENESAS/Source/system.o
 .debug_aranges
                0x00000388       0x20 ./ra/board/ra2e1_ek/board_init.o

.debug_ranges   0x00000000      0x8c0
 .debug_ranges  0x00000000       0x20 ./src/hal_entry.o
 .debug_ranges  0x00000020       0x10 ./ra_gen/common_data.o
 .debug_ranges  0x00000030       0x10 ./ra_gen/hal_data.o
 .debug_ranges  0x00000040       0x10 ./ra_gen/main.o
 .debug_ranges  0x00000050      0x520 ./ra/fsp/src/r_sci_uart/r_sci_uart.o
 .debug_ranges  0x00000570      0x180 ./ra/fsp/src/r_ioport/r_ioport.o
 .debug_ranges  0x000006f0       0xd0 ./ra/fsp/src/bsp/mcu/all/bsp_clocks.o
 .debug_ranges  0x000007c0       0x20 ./ra/fsp/src/bsp/mcu/all/bsp_common.o
 .debug_ranges  0x000007e0       0x18 ./ra/fsp/src/bsp/mcu/all/bsp_delay.o
 .debug_ranges  0x000007f8       0x30 ./ra/fsp/src/bsp/mcu/all/bsp_group_irq.o
 .debug_ranges  0x00000828       0x10 ./ra/fsp/src/bsp/mcu/all/bsp_irq.o
 .debug_ranges  0x00000838       0x48 ./ra/fsp/src/bsp/mcu/all/bsp_register_protection.o
 .debug_ranges  0x00000880       0x18 ./ra/fsp/src/bsp/cmsis/Device/RENESAS/Source/startup.o
 .debug_ranges  0x00000898       0x18 ./ra/fsp/src/bsp/cmsis/Device/RENESAS/Source/system.o
 .debug_ranges  0x000008b0       0x10 ./ra/board/ra2e1_ek/board_init.o

.debug_line     0x00000000     0x6a53
 .debug_line    0x00000000      0x603 ./src/hal_entry.o
 .debug_line    0x00000603      0x47d ./ra_gen/common_data.o
 .debug_line    0x00000a80      0x4f2 ./ra_gen/hal_data.o
 .debug_line    0x00000f72      0x4ee ./ra_gen/main.o
 .debug_line    0x00001460      0x318 ./ra_gen/pin_data.o
 .debug_line    0x00001778      0x398 ./ra_gen/vector_data.o
 .debug_line    0x00001b10     0x1705 ./ra/fsp/src/r_sci_uart/r_sci_uart.o
 .debug_line    0x00003215      0xb9f ./ra/fsp/src/r_ioport/r_ioport.o
 .debug_line    0x00003db4      0x714 ./ra/fsp/src/bsp/mcu/all/bsp_clocks.o
 .debug_line    0x000044c8      0x41a ./ra/fsp/src/bsp/mcu/all/bsp_common.o
 .debug_line    0x000048e2      0x375 ./ra/fsp/src/bsp/mcu/all/bsp_delay.o
 .debug_line    0x00004c57      0x3e8 ./ra/fsp/src/bsp/mcu/all/bsp_group_irq.o
 .debug_line    0x0000503f      0x2bc ./ra/fsp/src/bsp/mcu/all/bsp_io.o
 .debug_line    0x000052fb      0x3ba ./ra/fsp/src/bsp/mcu/all/bsp_irq.o
 .debug_line    0x000056b5      0x4b3 ./ra/fsp/src/bsp/mcu/all/bsp_register_protection.o
 .debug_line    0x00005b68      0x2c7 ./ra/fsp/src/bsp/mcu/all/bsp_rom_registers.o
 .debug_line    0x00005e2f      0x32b ./ra/fsp/src/bsp/cmsis/Device/RENESAS/Source/startup.o
 .debug_line    0x0000615a      0x626 ./ra/fsp/src/bsp/cmsis/Device/RENESAS/Source/system.o
 .debug_line    0x00006780      0x2d3 ./ra/board/ra2e1_ek/board_init.o

.debug_str      0x00000000     0x9aa7
 .debug_str     0x00000000     0x4eab ./src/hal_entry.o
                               0x5091 (size before relaxing)
 .debug_str     0x00004eab       0x26 ./ra_gen/common_data.o
                               0x3673 (size before relaxing)
 .debug_str     0x00004ed1       0x35 ./ra_gen/hal_data.o
                               0x4a7b (size before relaxing)
 .debug_str     0x00004f06       0x16 ./ra_gen/main.o
                               0x4a58 (size before relaxing)
 .debug_str     0x00004f1c      0x648 ./ra_gen/pin_data.o
                               0x2159 (size before relaxing)
 .debug_str     0x00005564      0xc4f ./ra_gen/vector_data.o
                               0x1214 (size before relaxing)
 .debug_str     0x000061b3     0x2266 ./ra/fsp/src/r_sci_uart/r_sci_uart.o
                               0x6bf2 (size before relaxing)
 .debug_str     0x00008419      0x765 ./ra/fsp/src/r_ioport/r_ioport.o
                               0x3e55 (size before relaxing)
 .debug_str     0x00008b7e      0x7b1 ./ra/fsp/src/bsp/mcu/all/bsp_clocks.o
                               0x2940 (size before relaxing)
 .debug_str     0x0000932f      0x106 ./ra/fsp/src/bsp/mcu/all/bsp_common.o
                               0x1f87 (size before relaxing)
 .debug_str     0x00009435       0xbc ./ra/fsp/src/bsp/mcu/all/bsp_delay.o
                                0x6f0 (size before relaxing)
 .debug_str     0x000094f1      0x1de ./ra/fsp/src/bsp/mcu/all/bsp_group_irq.o
                               0x2492 (size before relaxing)
 .debug_str     0x000096cf       0x23 ./ra/fsp/src/bsp/mcu/all/bsp_io.o
                                0x5e8 (size before relaxing)
 .debug_str     0x000096f2       0x30 ./ra/fsp/src/bsp/mcu/all/bsp_irq.o
                               0x1665 (size before relaxing)
 .debug_str     0x00009722      0x12b ./ra/fsp/src/bsp/mcu/all/bsp_register_protection.o
                               0x1eb7 (size before relaxing)
 .debug_str     0x0000984d       0x51 ./ra/fsp/src/bsp/mcu/all/bsp_rom_registers.o
                                0x616 (size before relaxing)
 .debug_str     0x0000989e       0x82 ./ra/fsp/src/bsp/cmsis/Device/RENESAS/Source/startup.o
                                0x65e (size before relaxing)
 .debug_str     0x00009920      0x165 ./ra/fsp/src/bsp/cmsis/Device/RENESAS/Source/system.o
                               0x1383 (size before relaxing)
 .debug_str     0x00009a85       0x22 ./ra/board/ra2e1_ek/board_init.o
                                0x5f7 (size before relaxing)

.debug_frame    0x00000000      0x6d0
 .debug_frame   0x00000000       0x54 ./src/hal_entry.o
 .debug_frame   0x00000054       0x20 ./ra_gen/common_data.o
 .debug_frame   0x00000074       0x28 ./ra_gen/hal_data.o
 .debug_frame   0x0000009c       0x28 ./ra_gen/main.o
 .debug_frame   0x000000c4      0x1cc ./ra/fsp/src/r_sci_uart/r_sci_uart.o
 .debug_frame   0x00000290      0x144 ./ra/fsp/src/r_ioport/r_ioport.o
 .debug_frame   0x000003d4       0xc8 ./ra/fsp/src/bsp/mcu/all/bsp_clocks.o
 .debug_frame   0x0000049c       0x40 ./ra/fsp/src/bsp/mcu/all/bsp_common.o
 .debug_frame   0x000004dc       0x3c ./ra/fsp/src/bsp/mcu/all/bsp_delay.o
 .debug_frame   0x00000518       0x3c ./ra/fsp/src/bsp/mcu/all/bsp_group_irq.o
 .debug_frame   0x00000554       0x20 ./ra/fsp/src/bsp/mcu/all/bsp_irq.o
 .debug_frame   0x00000574       0x48 ./ra/fsp/src/bsp/mcu/all/bsp_register_protection.o
 .debug_frame   0x000005bc       0x38 ./ra/fsp/src/bsp/cmsis/Device/RENESAS/Source/startup.o
 .debug_frame   0x000005f4       0x40 ./ra/fsp/src/bsp/cmsis/Device/RENESAS/Source/system.o
 .debug_frame   0x00000634       0x20 ./ra/board/ra2e1_ek/board_init.o
 .debug_frame   0x00000654       0x34 c:/renesas/ra/e2studio_v2022-04_fsp_v3.7.0/toolchains/gcc_arm/9_2020q2/bin/../lib/gcc/arm-none-eabi/9.3.1/thumb/v8-m.base/nofp\libgcc.a(_muldi3.o)
 .debug_frame   0x00000688       0x28 c:/renesas/ra/e2studio_v2022-04_fsp_v3.7.0/toolchains/gcc_arm/9_2020q2/bin/../lib/gcc/arm-none-eabi/9.3.1/../../../../arm-none-eabi/lib/thumb/v8-m.base/nofp\libg_nano.a(lib_a-memcpy-stub.o)
 .debug_frame   0x000006b0       0x20 c:/renesas/ra/e2studio_v2022-04_fsp_v3.7.0/toolchains/gcc_arm/9_2020q2/bin/../lib/gcc/arm-none-eabi/9.3.1/../../../../arm-none-eabi/lib/thumb/v8-m.base/nofp\libg_nano.a(lib_a-memset.o)
