Archive member included to satisfy reference by file (symbol)

c:/renesas/ra/e2studio_v2022-04_fsp_v3.7.0/toolchains/gcc_arm/9_2020q2/bin/../lib/gcc/arm-none-eabi/9.3.1/thumb/v8-m.base/nofp\libgcc.a(_muldi3.o)
                              ./ra/fsp/src/bsp/mcu/all/bsp_delay.o (__aeabi_lmul)
c:/renesas/ra/e2studio_v2022-04_fsp_v3.7.0/toolchains/gcc_arm/9_2020q2/bin/../lib/gcc/arm-none-eabi/9.3.1/../../../../arm-none-eabi/lib/thumb/v8-m.base/nofp\libg_nano.a(lib_a-errno.o)
                              ./ra/fsp/src/bsp/mcu/all/bsp_sbrk.o (__errno)
c:/renesas/ra/e2studio_v2022-04_fsp_v3.7.0/toolchains/gcc_arm/9_2020q2/bin/../lib/gcc/arm-none-eabi/9.3.1/../../../../arm-none-eabi/lib/thumb/v8-m.base/nofp\libg_nano.a(lib_a-exit.o)
                              c:/renesas/ra/e2studio_v2022-04_fsp_v3.7.0/toolchains/gcc_arm/9_2020q2/bin/../lib/gcc/arm-none-eabi/9.3.1/../../../../arm-none-eabi/lib/thumb/v8-m.base/nofp/rdimon-crt0.o (exit)
c:/renesas/ra/e2studio_v2022-04_fsp_v3.7.0/toolchains/gcc_arm/9_2020q2/bin/../lib/gcc/arm-none-eabi/9.3.1/../../../../arm-none-eabi/lib/thumb/v8-m.base/nofp\libg_nano.a(lib_a-impure.o)
                              c:/renesas/ra/e2studio_v2022-04_fsp_v3.7.0/toolchains/gcc_arm/9_2020q2/bin/../lib/gcc/arm-none-eabi/9.3.1/../../../../arm-none-eabi/lib/thumb/v8-m.base/nofp\libg_nano.a(lib_a-exit.o) (_global_impure_ptr)
c:/renesas/ra/e2studio_v2022-04_fsp_v3.7.0/toolchains/gcc_arm/9_2020q2/bin/../lib/gcc/arm-none-eabi/9.3.1/../../../../arm-none-eabi/lib/thumb/v8-m.base/nofp\libg_nano.a(lib_a-init.o)
                              c:/renesas/ra/e2studio_v2022-04_fsp_v3.7.0/toolchains/gcc_arm/9_2020q2/bin/../lib/gcc/arm-none-eabi/9.3.1/../../../../arm-none-eabi/lib/thumb/v8-m.base/nofp/rdimon-crt0.o (__libc_init_array)
c:/renesas/ra/e2studio_v2022-04_fsp_v3.7.0/toolchains/gcc_arm/9_2020q2/bin/../lib/gcc/arm-none-eabi/9.3.1/../../../../arm-none-eabi/lib/thumb/v8-m.base/nofp\libg_nano.a(lib_a-memcpy-stub.o)
                              ./ra/fsp/src/bsp/cmsis/Device/RENESAS/Source/system.o (memcpy)
c:/renesas/ra/e2studio_v2022-04_fsp_v3.7.0/toolchains/gcc_arm/9_2020q2/bin/../lib/gcc/arm-none-eabi/9.3.1/../../../../arm-none-eabi/lib/thumb/v8-m.base/nofp\libg_nano.a(lib_a-memset.o)
                              c:/renesas/ra/e2studio_v2022-04_fsp_v3.7.0/toolchains/gcc_arm/9_2020q2/bin/../lib/gcc/arm-none-eabi/9.3.1/../../../../arm-none-eabi/lib/thumb/v8-m.base/nofp/rdimon-crt0.o (memset)
c:/renesas/ra/e2studio_v2022-04_fsp_v3.7.0/toolchains/gcc_arm/9_2020q2/bin/../lib/gcc/arm-none-eabi/9.3.1/../../../../arm-none-eabi/lib/thumb/v8-m.base/nofp\librdimon_nano.a(rdimon-syscalls.o)
                              c:/renesas/ra/e2studio_v2022-04_fsp_v3.7.0/toolchains/gcc_arm/9_2020q2/bin/../lib/gcc/arm-none-eabi/9.3.1/../../../../arm-none-eabi/lib/thumb/v8-m.base/nofp/rdimon-crt0.o (initialise_monitor_handles)
c:/renesas/ra/e2studio_v2022-04_fsp_v3.7.0/toolchains/gcc_arm/9_2020q2/bin/../lib/gcc/arm-none-eabi/9.3.1/../../../../arm-none-eabi/lib/thumb/v8-m.base/nofp\librdimon_nano.a(rdimon-_exit.o)
                              c:/renesas/ra/e2studio_v2022-04_fsp_v3.7.0/toolchains/gcc_arm/9_2020q2/bin/../lib/gcc/arm-none-eabi/9.3.1/../../../../arm-none-eabi/lib/thumb/v8-m.base/nofp\libg_nano.a(lib_a-exit.o) (_exit)
c:/renesas/ra/e2studio_v2022-04_fsp_v3.7.0/toolchains/gcc_arm/9_2020q2/bin/../lib/gcc/arm-none-eabi/9.3.1/../../../../arm-none-eabi/lib/thumb/v8-m.base/nofp\librdimon_nano.a(rdimon-_kill.o)
                              c:/renesas/ra/e2studio_v2022-04_fsp_v3.7.0/toolchains/gcc_arm/9_2020q2/bin/../lib/gcc/arm-none-eabi/9.3.1/../../../../arm-none-eabi/lib/thumb/v8-m.base/nofp\librdimon_nano.a(rdimon-_exit.o) (_kill_shared)
c:/renesas/ra/e2studio_v2022-04_fsp_v3.7.0/toolchains/gcc_arm/9_2020q2/bin/../lib/gcc/arm-none-eabi/9.3.1/../../../../arm-none-eabi/lib/thumb/v8-m.base/nofp\libc_nano.a(lib_a-findfp.o)
                              c:/renesas/ra/e2studio_v2022-04_fsp_v3.7.0/toolchains/gcc_arm/9_2020q2/bin/../lib/gcc/arm-none-eabi/9.3.1/../../../../arm-none-eabi/lib/thumb/v8-m.base/nofp\librdimon_nano.a(rdimon-syscalls.o) (__sinit)
c:/renesas/ra/e2studio_v2022-04_fsp_v3.7.0/toolchains/gcc_arm/9_2020q2/bin/../lib/gcc/arm-none-eabi/9.3.1/../../../../arm-none-eabi/lib/thumb/v8-m.base/nofp\libc_nano.a(lib_a-fwalk.o)
                              c:/renesas/ra/e2studio_v2022-04_fsp_v3.7.0/toolchains/gcc_arm/9_2020q2/bin/../lib/gcc/arm-none-eabi/9.3.1/../../../../arm-none-eabi/lib/thumb/v8-m.base/nofp\libc_nano.a(lib_a-findfp.o) (_fwalk)
c:/renesas/ra/e2studio_v2022-04_fsp_v3.7.0/toolchains/gcc_arm/9_2020q2/bin/../lib/gcc/arm-none-eabi/9.3.1/../../../../arm-none-eabi/lib/thumb/v8-m.base/nofp\libc_nano.a(lib_a-lock.o)
                              c:/renesas/ra/e2studio_v2022-04_fsp_v3.7.0/toolchains/gcc_arm/9_2020q2/bin/../lib/gcc/arm-none-eabi/9.3.1/../../../../arm-none-eabi/lib/thumb/v8-m.base/nofp\libc_nano.a(lib_a-findfp.o) (__retarget_lock_init_recursive)
[...]
Memory Configuration

Name             Origin             Length             Attributes
ITCM             0x00000000         0x00000000         xr
DTCM             0x00000000         0x00000000         xrw
FLASH            0x00000000         0x00020000         xr
RAM              0x20004000         0x00004000         xrw
DATA_FLASH       0x40100000         0x00001000         xr
QSPI_FLASH       0x60000000         0x00000000         xr
OSPI_DEVICE_0    0x80020000         0x00000000         xr
OSPI_DEVICE_1    0x80030000         0x00000000         xr
OSPI_DEVICE_0_RAM 0x80020000         0x00000000         xrw
OSPI_DEVICE_1_RAM 0x80030000         0x00000000         xrw
SDRAM            0x80010000         0x00000000         xrw
OPTION_SETTING   0x00000000         0x00000000         r
OPTION_SETTING_OFS 0x00000000         0x00000018         r
OPTION_SETTING_SAS 0x00000034         0xffffffcc         r
OPTION_SETTING_S 0x80000000         0x00000000         r
ID_CODE          0x01010018         0x00000020         xr
*default*        0x00000000         0xffffffff

Linker script and memory map

LOAD c:/renesas/ra/e2studio_v2022-04_fsp_v3.7.0/toolchains/gcc_arm/9_2020q2/bin/../lib/gcc/arm-none-eabi/9.3.1/thumb/v8-m.base/nofp/crti.o
LOAD c:/renesas/ra/e2studio_v2022-04_fsp_v3.7.0/toolchains/gcc_arm/9_2020q2/bin/../lib/gcc/arm-none-eabi/9.3.1/thumb/v8-m.base/nofp/crtbegin.o
LOAD c:/renesas/ra/e2studio_v2022-04_fsp_v3.7.0/toolchains/gcc_arm/9_2020q2/bin/../lib/gcc/arm-none-eabi/9.3.1/../../../../arm-none-eabi/lib/thumb/v8-m.base/nofp/rdimon-crt0.o
START GROUP
LOAD ./src/hal_entry.o
LOAD ./ra_gen/common_data.o
LOAD ./ra_gen/hal_data.o
LOAD ./ra_gen/main.o
LOAD ./ra_gen/pin_data.o
LOAD ./ra_gen/vector_data.o
LOAD ./ra/fsp/src/r_ioport/r_ioport.o
LOAD ./ra/fsp/src/bsp/mcu/all/bsp_clocks.o
LOAD ./ra/fsp/src/bsp/mcu/all/bsp_common.o
LOAD ./ra/fsp/src/bsp/mcu/all/bsp_delay.o
LOAD ./ra/fsp/src/bsp/mcu/all/bsp_group_irq.o
LOAD ./ra/fsp/src/bsp/mcu/all/bsp_guard.o
LOAD ./ra/fsp/src/bsp/mcu/all/bsp_io.o
LOAD ./ra/fsp/src/bsp/mcu/all/bsp_irq.o
LOAD ./ra/fsp/src/bsp/mcu/all/bsp_register_protection.o
LOAD ./ra/fsp/src/bsp/mcu/all/bsp_rom_registers.o
LOAD ./ra/fsp/src/bsp/mcu/all/bsp_sbrk.o
LOAD ./ra/fsp/src/bsp/mcu/all/bsp_security.o
LOAD ./ra/fsp/src/bsp/cmsis/Device/RENESAS/Source/startup.o
LOAD ./ra/fsp/src/bsp/cmsis/Device/RENESAS/Source/system.o
LOAD ./ra/board/ra2e1_ek/board_init.o
LOAD ./ra/board/ra2e1_ek/board_leds.o
END GROUP
START GROUP
LOAD c:/renesas/ra/e2studio_v2022-04_fsp_v3.7.0/toolchains/gcc_arm/9_2020q2/bin/../lib/gcc/arm-none-eabi/9.3.1/thumb/v8-m.base/nofp\libgcc.a
LOAD c:/renesas/ra/e2studio_v2022-04_fsp_v3.7.0/toolchains/gcc_arm/9_2020q2/bin/../lib/gcc/arm-none-eabi/9.3.1/../../../../arm-none-eabi/lib/thumb/v8-m.base/nofp\libg_nano.a
LOAD c:/renesas/ra/e2studio_v2022-04_fsp_v3.7.0/toolchains/gcc_arm/9_2020q2/bin/../lib/gcc/arm-none-eabi/9.3.1/../../../../arm-none-eabi/lib/thumb/v8-m.base/nofp\libc_nano.a
END GROUP
START GROUP
LOAD c:/renesas/ra/e2studio_v2022-04_fsp_v3.7.0/toolchains/gcc_arm/9_2020q2/bin/../lib/gcc/arm-none-eabi/9.3.1/thumb/v8-m.base/nofp\libgcc.a
LOAD c:/renesas/ra/e2studio_v2022-04_fsp_v3.7.0/toolchains/gcc_arm/9_2020q2/bin/../lib/gcc/arm-none-eabi/9.3.1/../../../../arm-none-eabi/lib/thumb/v8-m.base/nofp\libc_nano.a
LOAD c:/renesas/ra/e2studio_v2022-04_fsp_v3.7.0/toolchains/gcc_arm/9_2020q2/bin/../lib/gcc/arm-none-eabi/9.3.1/../../../../arm-none-eabi/lib/thumb/v8-m.base/nofp\librdimon_nano.a
END GROUP
START GROUP
LOAD c:/renesas/ra/e2studio_v2022-04_fsp_v3.7.0/toolchains/gcc_arm/9_2020q2/bin/../lib/gcc/arm-none-eabi/9.3.1/thumb/v8-m.base/nofp\libgcc.a
LOAD c:/renesas/ra/e2studio_v2022-04_fsp_v3.7.0/toolchains/gcc_arm/9_2020q2/bin/../lib/gcc/arm-none-eabi/9.3.1/../../../../arm-none-eabi/lib/thumb/v8-m.base/nofp\libc_nano.a
LOAD c:/renesas/ra/e2studio_v2022-04_fsp_v3.7.0/toolchains/gcc_arm/9_2020q2/bin/../lib/gcc/arm-none-eabi/9.3.1/../../../../arm-none-eabi/lib/thumb/v8-m.base/nofp\librdimon_nano.a
END GROUP
LOAD c:/renesas/ra/e2studio_v2022-04_fsp_v3.7.0/toolchains/gcc_arm/9_2020q2/bin/../lib/gcc/arm-none-eabi/9.3.1/thumb/v8-m.base/nofp/crtend.o
LOAD c:/renesas/ra/e2studio_v2022-04_fsp_v3.7.0/toolchains/gcc_arm/9_2020q2/bin/../lib/gcc/arm-none-eabi/9.3.1/thumb/v8-m.base/nofp/crtn.o
                0x20004000                RAM_START = 0x20004000
                0x00004000                RAM_LENGTH = 0x4000
                0x00000000                FLASH_START = 0x0
                0x00020000                FLASH_LENGTH = 0x20000
                0x40100000                DATA_FLASH_START = 0x40100000
                0x00001000                DATA_FLASH_LENGTH = 0x1000
                0x00000000                OPTION_SETTING_START = 0x0
                0x00000000                OPTION_SETTING_LENGTH = 0x0
                0x80000000                OPTION_SETTING_S_START = 0x80000000
                0x00000000                OPTION_SETTING_S_LENGTH = 0x0
                0x01010018                ID_CODE_START = 0x1010018
                0x00000020                ID_CODE_LENGTH = 0x20
                0x80010000                SDRAM_START = 0x80010000
                0x00000000                SDRAM_LENGTH = 0x0
                0x60000000                QSPI_FLASH_START = 0x60000000
                0x00000000                QSPI_FLASH_LENGTH = 0x0
                0x80020000                OSPI_DEVICE_0_START = 0x80020000
                0x00000000                OSPI_DEVICE_0_LENGTH = 0x0
                0x80030000                OSPI_DEVICE_1_START = 0x80030000
                0x00000000                OSPI_DEVICE_1_LENGTH = 0x0
                0x00000000                QSPI_FLASH_PRV_LENGTH = DEFINED (QSPI_FLASH_SIZE)?ABSOLUTE (QSPI_FLASH_SIZE):ABSOLUTE (QSPI_FLASH_LENGTH)
                0x00000000                OSPI_DEVICE_0_PRV_LENGTH = DEFINED (OSPI_DEVICE_0_SIZE)?ABSOLUTE (OSPI_DEVICE_0_SIZE):ABSOLUTE (OSPI_DEVICE_0_LENGTH)
                0x00000000                OSPI_DEVICE_1_PRV_LENGTH = DEFINED (OSPI_DEVICE_1_SIZE)?ABSOLUTE (OSPI_DEVICE_1_SIZE):ABSOLUTE (OSPI_DEVICE_1_LENGTH)
                0x00000000                __RESERVE_NS_RAM = ((! (DEFINED (PROJECT_NONSECURE)) && DEFINED (RAM_NS_BUFFER_LENGTH)) && (OPTION_SETTING_S_LENGTH != 0x0))
                0x00000000                ITCM_START = DEFINED (ITCM_START)?ITCM_START:0x0
                0x00000000                ITCM_LENGTH = DEFINED (ITCM_LENGTH)?ITCM_LENGTH:0x0
                0x00000000                DTCM_START = DEFINED (DTCM_START)?DTCM_START:0x0
                0x00000000                DTCM_LENGTH = DEFINED (DTCM_LENGTH)?DTCM_LENGTH:0x0
                0x00000000                NS_OFFSET_START = DEFINED (NS_OFFSET_START)?NS_OFFSET_START:0x0
                0x00000000                NS_IMAGE_OFFSET = DEFINED (PROJECT_NONSECURE)?NS_OFFSET_START:0x0
                0x00000000                RAM_NS_BUFFER_BLOCK_LENGTH = DEFINED (RAM_NS_BUFFER_LENGTH)?ALIGN (RAM_NS_BUFFER_LENGTH, 0x2000):0x0
                0x00000000                RAM_NS_BUFFER_LENGTH = DEFINED (RAM_NS_BUFFER_LENGTH)?RAM_NS_BUFFER_LENGTH:0x0
                0x20008000                RAM_NS_BUFFER_START = ((RAM_START + RAM_LENGTH) - RAM_NS_BUFFER_LENGTH)
                0x20008000                RAM_NS_BUFFER_BLOCK_START = ((RAM_START + RAM_LENGTH) - RAM_NS_BUFFER_BLOCK_LENGTH)
                0x00000080                OPTION_SETTING_START_NS = DEFINED (PROJECT_NONSECURE)?OPTION_SETTING_START:(OPTION_SETTING_START + 0x80)
                0x00000001                __bl_FSP_BOOTABLE_IMAGE = 0x1
                0x00000001                __bln_FSP_BOOTABLE_IMAGE = 0x1
                0x00000000                PROJECT_SECURE_OR_FLAT = (((! (DEFINED (PROJECT_NONSECURE)) || DEFINED (PROJECT_SECURE)) && OPTION_SETTING_LENGTH) && ! (DEFINED (FSP_BOOTABLE_IMAGE)))
                0x00000000                USE_OPTION_SETTING_NS = (DEFINED (PROJECT_NONSECURE) && ! (DEFINED (FSP_BOOTABLE_IMAGE)))
                0x00000000                __bl_FLASH_IMAGE_START = ! (DEFINED (FLASH_BOOTLOADER_LENGTH))?0x0:(FLASH_APPLICATION_IMAGE_NUMBER == 0x1)?(FLASH_BOOTLOADER_LENGTH + FLASH_BOOTLOADER_HEADER_LENGTH):(((FLASH_BOOTLOADER_LENGTH + FLASH_BOOTLOADER_SCRATCH_LENGTH) + FLASH_APPLICATION_S_LENGTH) + FLASH_BOOTLOADER_HEADER_LENGTH)
                0x00000000                __bl_FLASH_IMAGE_LENGTH = ! (DEFINED (FLASH_BOOTLOADER_LENGTH))?0x0:(FLASH_APPLICATION_S_LENGTH - FLASH_BOOTLOADER_HEADER_LENGTH)
                0x00000000                __bl_FLASH_IMAGE_END = (__bl_FLASH_IMAGE_START + __bl_FLASH_IMAGE_LENGTH)
                0x00000000                __bl_XIP_SECONDARY_FLASH_IMAGE_START = ! (DEFINED (FLASH_BOOTLOADER_LENGTH))?0x0:((FLASH_BOOTLOADER_LENGTH + FLASH_APPLICATION_S_LENGTH) + FLASH_BOOTLOADER_HEADER_LENGTH)
                0x00000000                __bl_XIP_SECONDARY_FLASH_IMAGE_END = (__bl_XIP_SECONDARY_FLASH_IMAGE_START + __bl_FLASH_IMAGE_LENGTH)
                0x00000000                __bl_FLASH_NS_START = ! (DEFINED (FLASH_BOOTLOADER_LENGTH))?0x0:(FLASH_APPLICATION_NS_LENGTH == 0x0)?__bl_FLASH_IMAGE_END:((__bl_FLASH_IMAGE_START - FLASH_BOOTLOADER_HEADER_LENGTH) + FLASH_APPLICATION_S_LENGTH)
                0x00000000                __bl_FLASH_NSC_START = ! (DEFINED (FLASH_BOOTLOADER_LENGTH))?0x0:(FLASH_APPLICATION_NS_LENGTH == 0x0)?__bl_FLASH_IMAGE_END:(__bl_FLASH_NS_START - FLASH_APPLICATION_NSC_LENGTH)
                0x00000000                __bl_RAM_NS_START = ! (DEFINED (FLASH_BOOTLOADER_LENGTH))?0x0:(FLASH_APPLICATION_NS_LENGTH == 0x0)?(RAM_START + RAM_LENGTH):((RAM_START + RAM_LENGTH) - RAM_APPLICATION_NS_LENGTH)
                0x00000000                __bl_RAM_NSC_START = ! (DEFINED (FLASH_BOOTLOADER_LENGTH))?0x0:(FLASH_APPLICATION_NS_LENGTH == 0x0)?(RAM_START + RAM_LENGTH):(__bl_RAM_NS_START - RAM_APPLICATION_NSC_LENGTH)
                0x00000000                __bl_FLASH_NS_IMAGE_START = ! (DEFINED (FLASH_BOOTLOADER_LENGTH))?0x0:(FLASH_APPLICATION_NS_LENGTH == 0x0)?__bl_FLASH_IMAGE_END:(__bl_FLASH_NS_START + FLASH_BOOTLOADER_HEADER_LENGTH_2)
                0x00000000                __bln_FLASH_IMAGE_START = __bl_FLASH_NS_IMAGE_START
                0x00000000                __bln_FLASH_IMAGE_LENGTH = ! (DEFINED (FLASH_BOOTLOADER_LENGTH))?0x0:(FLASH_APPLICATION_NS_LENGTH == 0x0)?__bl_FLASH_IMAGE_END:(FLASH_APPLICATION_NS_LENGTH - FLASH_BOOTLOADER_HEADER_LENGTH_2)
                0x00000000                XIP_SECONDARY_SLOT_IMAGE = DEFINED (XIP_SECONDARY_SLOT_IMAGE)?XIP_SECONDARY_SLOT_IMAGE:0x0
                0x00000000                FLASH_ORIGIN = ! (DEFINED (FLASH_IMAGE_START))?FLASH_START:(XIP_SECONDARY_SLOT_IMAGE == 0x1)?XIP_SECONDARY_FLASH_IMAGE_START:FLASH_IMAGE_START
                0x00020000                LIMITED_FLASH_LENGTH = DEFINED (FLASH_IMAGE_LENGTH)?FLASH_IMAGE_LENGTH:DEFINED (FLASH_BOOTLOADER_LENGTH)?FLASH_BOOTLOADER_LENGTH:FLASH_LENGTH
START GROUP
LOAD c:/renesas/ra/e2studio_v2022-04_fsp_v3.7.0/toolchains/gcc_arm/9_2020q2/bin/../lib/gcc/arm-none-eabi/9.3.1/thumb/v8-m.base/nofp\libgcc.a
LOAD c:/renesas/ra/e2studio_v2022-04_fsp_v3.7.0/toolchains/gcc_arm/9_2020q2/bin/../lib/gcc/arm-none-eabi/9.3.1/../../../../arm-none-eabi/lib/thumb/v8-m.base/nofp\libc.a
LOAD c:/renesas/ra/e2studio_v2022-04_fsp_v3.7.0/toolchains/gcc_arm/9_2020q2/bin/../lib/gcc/arm-none-eabi/9.3.1/../../../../arm-none-eabi/lib/thumb/v8-m.base/nofp\libm.a
LOAD c:/renesas/ra/e2studio_v2022-04_fsp_v3.7.0/toolchains/gcc_arm/9_2020q2/bin/../lib/gcc/arm-none-eabi/9.3.1/../../../../arm-none-eabi/lib/thumb/v8-m.base/nofp\libnosys.a
END GROUP

.itcm_data      0x00000000        0x0
                0x00000000                __tz_ITCM_S = ABSOLUTE (ITCM_START)
                0x00000000                __itcm_data_start__ = .
 *(.itcm_data*)
                0x00000000                __itcm_data_end__ = .
                0x00000000                __tz_ITCM_N = DEFINED (ITCM_NS_START)?ABSOLUTE (ITCM_NS_START):ALIGN (__itcm_data_end__, 0x2000)

.text           0x00000000     0x1038
                0x00000000                __tz_FLASH_S = ABSOLUTE (FLASH_START)
                0x00000000                __ROM_Start = .
 *(.fixed_vectors*)
 .fixed_vectors
                0x00000000       0x40 ./ra/fsp/src/bsp/cmsis/Device/RENESAS/Source/startup.o
                0x00000000                __Vectors
 *(.application_vectors*)
                0x00000040                __Vectors_End = .
                0x00000400                . = (OPTION_SETTING_LENGTH > 0x0)?.:(__ROM_Start + 0x400)
 *fill*         0x00000040      0x3c0 ff
 *(.rom_registers*)
 .rom_registers
                0x00000400       0x3c ./ra/fsp/src/bsp/mcu/all/bsp_rom_registers.o
                0x00000500                . = (OPTION_SETTING_LENGTH > 0x0)?.:(__ROM_Start + 0x500)
 *fill*         0x0000043c       0xc4 ff
                0x00000500                . = ALIGN (0x80)
 *(.mcuboot_sce9_key*)
 *(.text*)
 .text          0x00000500       0x50 c:/renesas/ra/e2studio_v2022-04_fsp_v3.7.0/toolchains/gcc_arm/9_2020q2/bin/../lib/gcc/arm-none-eabi/9.3.1/thumb/v8-m.base/nofp/crtbegin.o
 .text.hal_entry
                0x00000550       0x9c ./src/hal_entry.o
                0x00000550                hal_entry
 .text.R_BSP_WarmStart
                0x000005ec       0x38 ./src/hal_entry.o
                0x000005ec                R_BSP_WarmStart
 .text.startup.main
                0x00000624        0xc ./ra_gen/main.o
                0x00000624                main
 .text.R_IOPORT_Close
                0x00000630        0x8 ./ra/fsp/src/r_ioport/r_ioport.o
                0x00000630                R_IOPORT_Close
 .text.R_IOPORT_PinCfg
                0x00000638       0xa0 ./ra/fsp/src/r_ioport/r_ioport.o
                0x00000638                R_IOPORT_PinCfg
 .text.R_IOPORT_PinRead
                0x000006d8       0x24 ./ra/fsp/src/r_ioport/r_ioport.o
                0x000006d8                R_IOPORT_PinRead
 .text.R_IOPORT_PortRead
                0x000006fc       0x18 ./ra/fsp/src/r_ioport/r_ioport.o
                0x000006fc                R_IOPORT_PortRead
 .text.R_IOPORT_PortWrite
                0x00000714       0x20 ./ra/fsp/src/r_ioport/r_ioport.o
                0x00000714                R_IOPORT_PortWrite
 .text.R_IOPORT_PinWrite
                0x00000734       0x28 ./ra/fsp/src/r_ioport/r_ioport.o
                0x00000734                R_IOPORT_PinWrite
 .text.R_IOPORT_PortDirectionSet
                0x0000075c       0x24 ./ra/fsp/src/r_ioport/r_ioport.o
                0x0000075c                R_IOPORT_PortDirectionSet
 .text.R_IOPORT_PortEventInputRead
                0x00000780       0x18 ./ra/fsp/src/r_ioport/r_ioport.o
                0x00000780                R_IOPORT_PortEventInputRead
 .text.R_IOPORT_PinEventInputRead
                0x00000798       0x2c ./ra/fsp/src/r_ioport/r_ioport.o
                0x00000798                R_IOPORT_PinEventInputRead
 .text.R_IOPORT_PortEventOutputWrite
                0x000007c4       0x20 ./ra/fsp/src/r_ioport/r_ioport.o
                0x000007c4                R_IOPORT_PortEventOutputWrite
 .text.R_IOPORT_PinEventOutputWrite
                0x000007e4       0x4c ./ra/fsp/src/r_ioport/r_ioport.o
                0x000007e4                R_IOPORT_PinEventOutputWrite
 .text.r_ioport_pins_config.isra.0
                0x00000830       0xf8 ./ra/fsp/src/r_ioport/r_ioport.o
 .text.R_IOPORT_Open
                0x00000928       0x1c ./ra/fsp/src/r_ioport/r_ioport.o
                0x00000928                R_IOPORT_Open
 .text.R_IOPORT_PinsCfg
                0x00000944       0x10 ./ra/fsp/src/r_ioport/r_ioport.o
                0x00000944                R_IOPORT_PinsCfg
 .text.bsp_prv_operating_mode_opccr_set
                0x00000954       0x44 ./ra/fsp/src/bsp/mcu/all/bsp_clocks.o
 .text.SystemCoreClockUpdate
                0x00000998       0x2c ./ra/fsp/src/bsp/mcu/all/bsp_clocks.o
                0x00000998                SystemCoreClockUpdate
 .text.bsp_clock_init
                0x000009c4       0xc8 ./ra/fsp/src/bsp/mcu/all/bsp_clocks.o
                0x000009c4                bsp_clock_init
 .text.R_BSP_Init_RTC
                0x00000a8c       0x10 ./ra/fsp/src/bsp/mcu/all/bsp_clocks.o
                0x00000a8c                R_BSP_Init_RTC
 .text.bsp_prv_software_delay_loop
                0x00000a9c        0x8 ./ra/fsp/src/bsp/mcu/all/bsp_delay.o
                0x00000a9c                bsp_prv_software_delay_loop
 .text.R_BSP_SoftwareDelay
                0x00000aa4       0x5c ./ra/fsp/src/bsp/mcu/all/bsp_delay.o
                0x00000aa4                R_BSP_SoftwareDelay
 .text.NMI_Handler
                0x00000b00       0x4c ./ra/fsp/src/bsp/mcu/all/bsp_group_irq.o
                0x00000b00                NMI_Handler
 .text.bsp_irq_cfg
                0x00000b4c       0x28 ./ra/fsp/src/bsp/mcu/all/bsp_irq.o
                0x00000b4c                bsp_irq_cfg
 .text.R_BSP_RegisterProtectEnable
                0x00000b74       0x54 ./ra/fsp/src/bsp/mcu/all/bsp_register_protection.o
                0x00000b74                R_BSP_RegisterProtectEnable
 .text.R_BSP_RegisterProtectDisable
                0x00000bc8       0x4c ./ra/fsp/src/bsp/mcu/all/bsp_register_protection.o
                0x00000bc8                R_BSP_RegisterProtectDisable
 .text.Default_Handler
                0x00000c14        0x4 ./ra/fsp/src/bsp/cmsis/Device/RENESAS/Source/startup.o
                0x00000c14                DebugMon_Handler
                0x00000c14                HardFault_Handler
                0x00000c14                SysTick_Handler
                0x00000c14                PendSV_Handler
                0x00000c14                UsageFault_Handler
                0x00000c14                SecureFault_Handler
                0x00000c14                Default_Handler
                0x00000c14                MemManage_Handler
                0x00000c14                SVC_Handler
                0x00000c14                BusFault_Handler
 .text.Reset_Handler
                0x00000c18        0xc ./ra/fsp/src/bsp/cmsis/Device/RENESAS/Source/startup.o
                0x00000c18                Reset_Handler
 .text.SystemInit
                0x00000c24      0x144 ./ra/fsp/src/bsp/cmsis/Device/RENESAS/Source/system.o
                0x00000c24                SystemInit
 .text.bsp_init
                0x00000d68        0x4 ./ra/board/ra2e1_ek/board_init.o
                0x00000d68                bsp_init
 .text          0x00000d6c       0x5c c:/renesas/ra/e2studio_v2022-04_fsp_v3.7.0/toolchains/gcc_arm/9_2020q2/bin/../lib/gcc/arm-none-eabi/9.3.1/thumb/v8-m.base/nofp\libgcc.a(_muldi3.o)
                0x00000d6c                __muldi3
                0x00000d6c                __aeabi_lmul
 .text.memcpy   0x00000dc8       0x12 c:/renesas/ra/e2studio_v2022-04_fsp_v3.7.0/toolchains/gcc_arm/9_2020q2/bin/../lib/gcc/arm-none-eabi/9.3.1/../../../../arm-none-eabi/lib/thumb/v8-m.base/nofp\libg_nano.a(lib_a-memcpy-stub.o)
                0x00000dc8                memcpy
 .text.memset   0x00000dda       0x10 c:/renesas/ra/e2studio_v2022-04_fsp_v3.7.0/toolchains/gcc_arm/9_2020q2/bin/../lib/gcc/arm-none-eabi/9.3.1/../../../../arm-none-eabi/lib/thumb/v8-m.base/nofp\libg_nano.a(lib_a-memset.o)
                0x00000dda                memset
 *(.version)
 *fill*         0x00000dea        0x2 ff
 .version       0x00000dec       0x50 ./ra/fsp/src/bsp/mcu/all/bsp_common.o
 *(.init)
 .init          0x00000e3c        0x4 c:/renesas/ra/e2studio_v2022-04_fsp_v3.7.0/toolchains/gcc_arm/9_2020q2/bin/../lib/gcc/arm-none-eabi/9.3.1/thumb/v8-m.base/nofp/crti.o
                0x00000e3c                _init
 .init          0x00000e40        0x8 c:/renesas/ra/e2studio_v2022-04_fsp_v3.7.0/toolchains/gcc_arm/9_2020q2/bin/../lib/gcc/arm-none-eabi/9.3.1/thumb/v8-m.base/nofp/crtn.o
 *(.fini)
 .fini          0x00000e48        0x4 c:/renesas/ra/e2studio_v2022-04_fsp_v3.7.0/toolchains/gcc_arm/9_2020q2/bin/../lib/gcc/arm-none-eabi/9.3.1/thumb/v8-m.base/nofp/crti.o
                0x00000e48                _fini
 .fini          0x00000e4c        0x8 c:/renesas/ra/e2studio_v2022-04_fsp_v3.7.0/toolchains/gcc_arm/9_2020q2/bin/../lib/gcc/arm-none-eabi/9.3.1/thumb/v8-m.base/nofp/crtn.o
 *crtbegin.o(.ctors)
 *crtbegin?.o(.ctors)
 *(EXCLUDE_FILE(*crtend.o *crtend?.o) .ctors)
 *(SORT_BY_NAME(.ctors.*))
 *(.ctors)
 *crtbegin.o(.dtors)
 *crtbegin?.o(.dtors)
 *(EXCLUDE_FILE(*crtend.o *crtend?.o) .dtors)
 *(SORT_BY_NAME(.dtors.*))
 *(.dtors)
 *(.rodata*)
 .rodata.g_ioport
                0x00000e54        0xc ./ra_gen/common_data.o
                0x00000e54                g_ioport
 .rodata.g_bsp_pin_cfg
                0x00000e60        0x8 ./ra_gen/pin_data.o
                0x00000e60                g_bsp_pin_cfg
 .rodata.g_bsp_pin_cfg_data
                0x00000e68      0x170 ./ra_gen/pin_data.o
                0x00000e68                g_bsp_pin_cfg_data
 .rodata.g_ioport_on_ioport
                0x00000fd8       0x34 ./ra/fsp/src/r_ioport/r_ioport.o
                0x00000fd8                g_ioport_on_ioport
 .rodata.g_interrupt_event_link_select
                0x0000100c       0x20 ./ra/fsp/src/bsp/mcu/all/bsp_irq.o
                0x0000100c                g_interrupt_event_link_select
 .rodata.g_prcr_masks
                0x0000102c        0x8 ./ra/fsp/src/bsp/mcu/all/bsp_register_protection.o
                0x00001034                __usb_dev_descriptor_start_fs = .
 *(.usb_device_desc_fs*)
                0x00001034                __usb_cfg_descriptor_start_fs = .
 *(.usb_config_desc_fs*)
                0x00001034                __usb_interface_descriptor_start_fs = .
 *(.usb_interface_desc_fs*)
                0x00001034                __usb_descriptor_end_fs = .
                0x00001034                __usb_dev_descriptor_start_hs = .
 *(.usb_device_desc_hs*)
                0x00001034                __usb_cfg_descriptor_start_hs = .
 *(.usb_config_desc_hs*)
                0x00001034                __usb_interface_descriptor_start_hs = .
 *(.usb_interface_desc_hs*)
                0x00001034                __usb_descriptor_end_hs = .
 *(.eh_frame*)
 .eh_frame      0x00001034        0x0 c:/renesas/ra/e2studio_v2022-04_fsp_v3.7.0/toolchains/gcc_arm/9_2020q2/bin/../lib/gcc/arm-none-eabi/9.3.1/thumb/v8-m.base/nofp/crtbegin.o
 .eh_frame      0x00001034        0x4 c:/renesas/ra/e2studio_v2022-04_fsp_v3.7.0/toolchains/gcc_arm/9_2020q2/bin/../lib/gcc/arm-none-eabi/9.3.1/thumb/v8-m.base/nofp/crtend.o
                0x00001038                __ROM_End = .
                0x00000040                __Vectors_Size = (__Vectors_End - __Vectors)

.glue_7         0x00001038        0x0
 .glue_7        0x00001038        0x0 linker stubs

.glue_7t        0x00001038        0x0
 .glue_7t       0x00001038        0x0 linker stubs

.vfp11_veneer   0x00001038        0x0
 .vfp11_veneer  0x00001038        0x0 linker stubs

.v4_bx          0x00001038        0x0
 .v4_bx         0x00001038        0x0 linker stubs

.iplt           0x00001038        0x0
 .iplt          0x00001038        0x0 c:/renesas/ra/e2studio_v2022-04_fsp_v3.7.0/toolchains/gcc_arm/9_2020q2/bin/../lib/gcc/arm-none-eabi/9.3.1/thumb/v8-m.base/nofp/crtbegin.o

.ARM.extab
 *(.ARM.extab* .gnu.linkonce.armextab.*)
                0x00001038                __exidx_start = .

.ARM.exidx
 *(.ARM.exidx* .gnu.linkonce.armexidx.*)
                0x00001038                __exidx_end = .
                0x00001038                __etext = .
                0x20004000                __tz_RAM_S = ORIGIN (RAM)

.fsp_dtc_vector_table
                0x20004000        0x0
                0x20004000                . = ORIGIN (RAM)
 *(.fsp_dtc_vector_table)

.data           0x20004000        0x8 load address 0x00001038
                0x20004000                __data_start__ = .
                0x20004000                . = ALIGN (0x4)
                0x20004000                __Code_In_RAM_Start = .
 *(.code_in_ram*)
                0x20004000                __Code_In_RAM_End = .
 *(vtable)
 *(.data.*)
 *(.data)
                0x20004000                . = ALIGN (0x4)
                0x20004000                PROVIDE (__preinit_array_start = .)
 *(.preinit_array)
                0x20004000                PROVIDE (__preinit_array_end = .)
                0x20004000                . = ALIGN (0x4)
                0x20004000                PROVIDE (__init_array_start = .)
 *(SORT_BY_NAME(.init_array.*))
 *(.init_array)
 .init_array    0x20004000        0x4 c:/renesas/ra/e2studio_v2022-04_fsp_v3.7.0/toolchains/gcc_arm/9_2020q2/bin/../lib/gcc/arm-none-eabi/9.3.1/thumb/v8-m.base/nofp/crtbegin.o
                0x20004004                PROVIDE (__init_array_end = .)
                0x20004004                . = ALIGN (0x4)
                [!provide]                PROVIDE (__fini_array_start = .)
 *(SORT_BY_NAME(.fini_array.*))
 *(.fini_array)
 .fini_array    0x20004004        0x4 c:/renesas/ra/e2studio_v2022-04_fsp_v3.7.0/toolchains/gcc_arm/9_2020q2/bin/../lib/gcc/arm-none-eabi/9.3.1/thumb/v8-m.base/nofp/crtbegin.o
                [!provide]                PROVIDE (__fini_array_end = .)
 *(.jcr*)
                0x20004008                . = ALIGN (0x4)
                0x20004008                __data_end__ = .
                0x00001040                __dtcm_data_init_start = ((__etext + __data_end__) - __data_start__)

.igot.plt       0x20004008        0x0 load address 0x00001040
 .igot.plt      0x20004008        0x0 c:/renesas/ra/e2studio_v2022-04_fsp_v3.7.0/toolchains/gcc_arm/9_2020q2/bin/../lib/gcc/arm-none-eabi/9.3.1/thumb/v8-m.base/nofp/crtbegin.o

.dtcm_data      0x00000000        0x0 load address 0x00001040
                0x00000000                __tz_DTCM_S = ABSOLUTE (DTCM_START)
                0x00000000                __dtcm_data_start__ = .
 *(.dtcm_data*)
                0x00000000                __dtcm_data_end__ = .

.dtcm_noinit    0x00000000        0x0 load address 0x00001040
                0x00000000                __dtcm_noinit_start = .
 *(.dtcm_noinit*)
                0x00000000                __dtcm_noinit_end = .
                0x00000000                __tz_DTCM_N = DEFINED (DTCM_NS_START)?ABSOLUTE (DTCM_NS_START):ALIGN (__dtcm_noinit_end, 0x2000)
                0x00001040                DATA_END = (LOADADDR (.data) + SIZEOF (.data))
                0x00001400                SGSTUBS_LOC = (DEFINED (PROJECT_SECURE) && DEFINED (FLASH_NSC_START))?ABSOLUTE (FLASH_NSC_START):ALIGN (DATA_END, 0x400)

.gnu.sgstubs    0x00001400        0x0
                0x00001400                __tz_FLASH_C = DEFINED (FLASH_NSC_START)?ABSOLUTE (FLASH_NSC_START):__RESERVE_NS_RAM?ABSOLUTE ((FLASH_START + FLASH_LENGTH)):ALIGN (0x400)
                0x00001400                _start_sg = .
 *(.gnu.sgstubs*)
                0x00001400                . = ALIGN (0x20)
                0x00001400                _end_sg = .
                0x00008000                __tz_FLASH_N = DEFINED (FLASH_NS_START)?ABSOLUTE (FLASH_NS_START):__RESERVE_NS_RAM?ABSOLUTE ((FLASH_START + FLASH_LENGTH)):(FLASH_LENGTH < 0x8000)?FLASH_LENGTH:ALIGN (0x8000)
                0x00008000                FLASH_NS_IMAGE_START = DEFINED (FLASH_NS_IMAGE_START)?FLASH_NS_IMAGE_START:__tz_FLASH_N
                0x60000000                __tz_QSPI_FLASH_S = ORIGIN (QSPI_FLASH)

.qspi_flash     0x60000000        0x0
                0x60000000                __qspi_flash_start__ = .
 *(.qspi_flash*)
 *(.code_in_qspi*)
                0x60000000                __qspi_flash_end__ = .
                0x00000000                __qspi_flash_code_size__ = (__qspi_flash_end__ - __qspi_flash_start__)
                0x00001040                __qspi_flash_code_addr__ = (__etext + (__data_end__ - __data_start__))

.qspi_non_retentive
                0x60000000        0x0 load address 0x00001040
                0x60000000                __qspi_non_retentive_start__ = .
 *(.qspi_non_retentive*)
                0x60000000                __qspi_non_retentive_end__ = .
                0x00000000                __qspi_non_retentive_size__ = (__qspi_non_retentive_end__ - __qspi_non_retentive_start__)
                0x04000000                __qspi_region_max_size__ = 0x4000000
                0x60000000                __qspi_region_start_address__ = __qspi_flash_start__
                0x64000000                __qspi_region_end_address__ = (__qspi_flash_start__ + __qspi_region_max_size__)
                0x60000000                __tz_QSPI_FLASH_N = __qspi_non_retentive_end__

.OSPI_DEVICE_0_NO_LOAD
                0x80020000        0x0
                0x80020000                . = ALIGN (0x4)
                0x80020000                __ospi_device_0_start__ = .
 *(.ospi_device_0_no_load*)
                0x80020000                . = ALIGN (0x4)
                0x80020000                __ospi_device_0_end__ = .

.OSPI_DEVICE_1_NO_LOAD
                0x80030000        0x0
                0x80030000                . = ALIGN (0x4)
                0x80030000                __ospi_device_1_start__ = .
 *(.ospi_device_1_no_load*)
                0x80030000                . = ALIGN (0x4)
                0x80030000                __ospi_device_1_end__ = .
                0x80020000                __tz_OSPI_DEVICE_0_S = ORIGIN (OSPI_DEVICE_0)

.OSPI_DEVICE_0  0x80020000        0x0
                0x80020000                __ospi_device_0_start__ = .
 *(.ospi_device_0*)
 *(.code_in_ospi_device_0*)
                0x80020000                __ospi_device_0_end__ = .
                0x00000000                __ospi_device_0_code_size__ = (__ospi_device_0_end__ - __ospi_device_0_start__)
                0x00001040                __ospi_device_0_code_addr__ = (__etext + (__data_end__ - __data_start__))

.ospi_device_0_non_retentive
                0x80020000        0x0 load address 0x00001040
                0x80020000                __ospi_device_0_non_retentive_start__ = .
 *(.ospi_device_0_non_retentive*)
                0x80020000                __ospi_device_0_non_retentive_end__ = .
                0x00000000                __ospi_device_0_non_retentive_size__ = (__ospi_device_0_non_retentive_end__ - __ospi_device_0_non_retentive_start__)
                0x08000000                __ospi_device_0_region_max_size__ = 0x8000000
                0x80020000                __ospi_device_0_region_start_address__ = __ospi_device_0_start__
                0x88020000                __ospi_device_0_region_end_address__ = (__ospi_device_0_start__ + __ospi_device_0_region_max_size__)
                0x80020000                __tz_OSPI_DEVICE_0_N = __ospi_device_0_non_retentive_end__
                0x80030000                __tz_OSPI_DEVICE_1_S = ORIGIN (OSPI_DEVICE_1)

.OSPI_DEVICE_1  0x80030000        0x0
                0x80030000                __ospi_device_1_start__ = .
 *(.ospi_device_1*)
 *(.code_in_ospi_device_1*)
                0x80030000                __ospi_device_1_end__ = .
                0x00000000                __ospi_device_1_code_size__ = (__ospi_device_1_end__ - __ospi_device_1_start__)
                0x00001040                __ospi_device_1_code_addr__ = (__etext + (__data_end__ - __data_start__))

.ospi_device_1_non_retentive
                0x80030000        0x0 load address 0x00001040
                0x80030000                __ospi_device_1_non_retentive_start__ = .
 *(.ospi_device_1_non_retentive*)
                0x80030000                __ospi_device_1_non_retentive_end__ = .
                0x00000000                __ospi_device_1_non_retentive_size__ = (__ospi_device_1_non_retentive_end__ - __ospi_device_1_non_retentive_start__)
                0x10000000                __ospi_device_1_region_max_size__ = 0x10000000
                0x80030000                __ospi_device_1_region_start_address__ = __ospi_device_1_start__
                0x90030000                __ospi_device_1_region_end_address__ = (__ospi_device_1_start__ + __ospi_device_1_region_max_size__)
                0x80030000                __tz_OSPI_DEVICE_1_N = __ospi_device_1_non_retentive_end__

.noinit         0x20004008       0x18
                0x20004008                . = ALIGN (0x4)
                0x20004008                __noinit_start = .
 *(.noinit*)
 .noinit        0x20004008       0x14 ./ra/fsp/src/bsp/mcu/all/bsp_clocks.o
                0x20004020                . = ALIGN (0x8)
 *fill*         0x2000401c        0x4 
 *(.heap.*)
                0x20004020                __noinit_end = .

.bss            0x20004020       0x74
                0x20004020                . = ALIGN (0x4)
                0x20004020                __bss_start__ = .
 *(.bss*)
 .bss           0x20004020       0x1c c:/renesas/ra/e2studio_v2022-04_fsp_v3.7.0/toolchains/gcc_arm/9_2020q2/bin/../lib/gcc/arm-none-eabi/9.3.1/thumb/v8-m.base/nofp/crtbegin.o
 *(COMMON)
 COMMON         0x2000403c        0x8 ./ra_gen/common_data.o
                0x2000403c                g_ioport_ctrl
 COMMON         0x20004044       0x40 ./ra/fsp/src/bsp/mcu/all/bsp_group_irq.o
                0x20004044                g_bsp_group_irq_sources
 COMMON         0x20004084        0x4 ./ra/fsp/src/bsp/mcu/all/bsp_io.o
                0x20004084                g_protect_pfswe_counter
 COMMON         0x20004088        0x8 ./ra/fsp/src/bsp/mcu/all/bsp_register_protection.o
                0x20004088                g_protect_counters
 COMMON         0x20004090        0x4 ./ra/fsp/src/bsp/cmsis/Device/RENESAS/Source/system.o
                0x20004090                SystemCoreClock
                0x20004094                . = ALIGN (0x4)
                0x20004094                __bss_end__ = .

.heap           0x20004094        0x4
                0x20004098                . = ALIGN (0x8)
 *fill*         0x20004094        0x4 
                0x20004098                __HeapBase = .
 *(.heap)
                0x20004098                __HeapLimit = .

.stack_dummy    0x20004098      0x400
                0x20004098                . = ALIGN (0x8)
                0x20004098                __StackLimit = .
 *(.stack)
 .stack         0x20004098      0x400 ./ra/fsp/src/bsp/cmsis/Device/RENESAS/Source/startup.o
                0x20004498                __StackTop = .
 *(.stack*)
                0x20004498                __StackTopAll = .
                0x20004498                PROVIDE (__stack = __StackTopAll)
                0x20004498                __RAM_segment_used_end__ = ALIGN (__StackTopAll, 0x4)
                0x20004800                __tz_RAM_C = DEFINED (RAM_NSC_START)?ABSOLUTE ((RAM_NSC_START - RAM_NS_BUFFER_BLOCK_LENGTH)):__RESERVE_NS_RAM?ABSOLUTE (RAM_NS_BUFFER_BLOCK_START):ALIGN (__RAM_segment_used_end__, 0x400)
                0x20006000                __tz_RAM_N = DEFINED (RAM_NS_START)?ABSOLUTE ((RAM_NS_START - RAM_NS_BUFFER_BLOCK_LENGTH)):__RESERVE_NS_RAM?ABSOLUTE (RAM_NS_BUFFER_BLOCK_START):ALIGN (__tz_RAM_C, 0x2000)

.ns_buffer      0x20004498        0x0
                0x20004498                . = __RESERVE_NS_RAM?ABSOLUTE ((RAM_NS_BUFFER_START & 0xffffffe0)):.
 *(.ns_buffer*)

.data_flash     0x40100000        0x0
                0x40100000                . = ORIGIN (DATA_FLASH)
                0x40100000                __tz_DATA_FLASH_S = .
                0x40100000                __Data_Flash_Start = .
 *(.data_flash*)
                0x40100000                __Data_Flash_End = .
                0x40100000                __tz_DATA_FLASH_N = DEFINED (DATA_FLASH_NS_START)?ABSOLUTE (DATA_FLASH_NS_START):__RESERVE_NS_RAM?ABSOLUTE ((DATA_FLASH_START + DATA_FLASH_LENGTH)):ALIGN (0x400)
                0x80010000                __tz_SDRAM_S = ORIGIN (SDRAM)

.sdram          0x80010000        0x0
                0x80010000                __SDRAM_Start = .
 *(.sdram*)
 *(.frame*)
                0x80010000                __SDRAM_End = .
                0x80010000                __tz_SDRAM_N = __SDRAM_End
                0x01010018                __tz_ID_CODE_S = ORIGIN (ID_CODE)
                0x01010018                __tz_ID_CODE_N = __tz_ID_CODE_S

.id_code        0x01010018       0x1c
                0x01010018                __ID_Code_Start = .
 *(.id_code*)
 .id_code       0x01010018       0x1c ./ra/fsp/src/bsp/mcu/all/bsp_rom_registers.o
                0x01010034                __ID_Code_End = .
                0x00000000                __tz_OPTION_SETTING_S = ORIGIN (OPTION_SETTING_OFS)

.rel.dyn        0x01010034        0x0
 .rel.iplt      0x01010034        0x0 c:/renesas/ra/e2studio_v2022-04_fsp_v3.7.0/toolchains/gcc_arm/9_2020q2/bin/../lib/gcc/arm-none-eabi/9.3.1/thumb/v8-m.base/nofp/crtbegin.o

.option_setting_ofs
                0x00000000        0x0
                0x00000000                __OPTION_SETTING_OFS_Start = .
 *(.option_setting_ofs0)
                0x00000000                . = PROJECT_SECURE_OR_FLAT?(__OPTION_SETTING_OFS_Start + 0x4):__OPTION_SETTING_OFS_Start
 *(.option_setting_ofs2)
                0x00000000                . = PROJECT_SECURE_OR_FLAT?(__OPTION_SETTING_OFS_Start + 0x10):__OPTION_SETTING_OFS_Start
 *(.option_setting_dualsel)
                0x00000000                __OPTION_SETTING_OFS_End = .

.option_setting_sas
                0x00000034        0x0
                0x00000034                __OPTION_SETTING_SAS_Start = .
 *(.option_setting_sas)
                0x00000034                __OPTION_SETTING_SAS_End = .
                0x00000080                __tz_OPTION_SETTING_N = ABSOLUTE (OPTION_SETTING_START_NS)

.option_setting_ns
                0x00000000        0x0
                0x00000000                __OPTION_SETTING_NS_Start = .
 *(.option_setting_ofs1)
                0x00000000                . = USE_OPTION_SETTING_NS?(__OPTION_SETTING_NS_Start + 0x4):__OPTION_SETTING_NS_Start
 *(.option_setting_ofs3)
                0x00000000                . = USE_OPTION_SETTING_NS?(__OPTION_SETTING_NS_Start + 0x10):__OPTION_SETTING_NS_Start
 *(.option_setting_banksel)
                0x00000000                . = USE_OPTION_SETTING_NS?(__OPTION_SETTING_NS_Start + 0x40):__OPTION_SETTING_NS_Start
 *(.option_setting_bps0)
                0x00000000                . = USE_OPTION_SETTING_NS?(__OPTION_SETTING_NS_Start + 0x44):__OPTION_SETTING_NS_Start
 *(.option_setting_bps1)
                0x00000000                . = USE_OPTION_SETTING_NS?(__OPTION_SETTING_NS_Start + 0x48):__OPTION_SETTING_NS_Start
 *(.option_setting_bps2)
                0x00000000                . = USE_OPTION_SETTING_NS?(__OPTION_SETTING_NS_Start + 0x4c):__OPTION_SETTING_NS_Start
 *(.option_setting_bps3)
                0x00000000                . = USE_OPTION_SETTING_NS?(__OPTION_SETTING_NS_Start + 0x60):__OPTION_SETTING_NS_Start
 *(.option_setting_pbps0)
                0x00000000                . = USE_OPTION_SETTING_NS?(__OPTION_SETTING_NS_Start + 0x64):__OPTION_SETTING_NS_Start
 *(.option_setting_pbps1)
                0x00000000                . = USE_OPTION_SETTING_NS?(__OPTION_SETTING_NS_Start + 0x68):__OPTION_SETTING_NS_Start
 *(.option_setting_pbps2)
                0x00000000                . = USE_OPTION_SETTING_NS?(__OPTION_SETTING_NS_Start + 0x6c):__OPTION_SETTING_NS_Start
 *(.option_setting_pbps3)
                0x00000000                __OPTION_SETTING_NS_End = .
                0x80000000                __tz_OPTION_SETTING_S_S = ORIGIN (OPTION_SETTING_S)

.option_setting_s
                0x80000000        0x0
                0x80000000                __OPTION_SETTING_S_Start = .
 *(.option_setting_ofs1_sec)
                0x80000000                . = PROJECT_SECURE_OR_FLAT?(__OPTION_SETTING_S_Start + 0x4):__OPTION_SETTING_S_Start
 *(.option_setting_ofs3_sec)
                0x80000000                . = PROJECT_SECURE_OR_FLAT?(__OPTION_SETTING_S_Start + 0x10):__OPTION_SETTING_S_Start
 *(.option_setting_banksel_sec)
                0x80000000                . = PROJECT_SECURE_OR_FLAT?(__OPTION_SETTING_S_Start + 0x40):__OPTION_SETTING_S_Start
 *(.option_setting_bps_sec0)
                0x80000000                . = PROJECT_SECURE_OR_FLAT?(__OPTION_SETTING_S_Start + 0x44):__OPTION_SETTING_S_Start
 *(.option_setting_bps_sec1)
                0x80000000                . = PROJECT_SECURE_OR_FLAT?(__OPTION_SETTING_S_Start + 0x48):__OPTION_SETTING_S_Start
 *(.option_setting_bps_sec2)
                0x80000000                . = PROJECT_SECURE_OR_FLAT?(__OPTION_SETTING_S_Start + 0x4c):__OPTION_SETTING_S_Start
 *(.option_setting_bps_sec3)
                0x80000000                . = PROJECT_SECURE_OR_FLAT?(__OPTION_SETTING_S_Start + 0x60):__OPTION_SETTING_S_Start
 *(.option_setting_pbps_sec0)
                0x80000000                . = PROJECT_SECURE_OR_FLAT?(__OPTION_SETTING_S_Start + 0x64):__OPTION_SETTING_S_Start
 *(.option_setting_pbps_sec1)
                0x80000000                . = PROJECT_SECURE_OR_FLAT?(__OPTION_SETTING_S_Start + 0x68):__OPTION_SETTING_S_Start
 *(.option_setting_pbps_sec2)
                0x80000000                . = PROJECT_SECURE_OR_FLAT?(__OPTION_SETTING_S_Start + 0x6c):__OPTION_SETTING_S_Start
 *(.option_setting_pbps_sec3)
                0x80000000                . = PROJECT_SECURE_OR_FLAT?(__OPTION_SETTING_S_Start + 0x80):__OPTION_SETTING_S_Start
 *(.option_setting_ofs1_sel)
                0x80000000                . = PROJECT_SECURE_OR_FLAT?(__OPTION_SETTING_S_Start + 0x84):__OPTION_SETTING_S_Start
 *(.option_setting_ofs3_sel)
                0x80000000                . = PROJECT_SECURE_OR_FLAT?(__OPTION_SETTING_S_Start + 0x90):__OPTION_SETTING_S_Start
 *(.option_setting_banksel_sel)
                0x80000000                . = PROJECT_SECURE_OR_FLAT?(__OPTION_SETTING_S_Start + 0xc0):__OPTION_SETTING_S_Start
 *(.option_setting_bps_sel0)
                0x80000000                . = PROJECT_SECURE_OR_FLAT?(__OPTION_SETTING_S_Start + 0xc4):__OPTION_SETTING_S_Start
 *(.option_setting_bps_sel1)
                0x80000000                . = PROJECT_SECURE_OR_FLAT?(__OPTION_SETTING_S_Start + 0xc8):__OPTION_SETTING_S_Start
 *(.option_setting_bps_sel2)
                0x80000000                . = PROJECT_SECURE_OR_FLAT?(__OPTION_SETTING_S_Start + 0xcc):__OPTION_SETTING_S_Start
 *(.option_setting_bps_sel3)
                0x80000000                __OPTION_SETTING_S_End = .
                0x80000000                __tz_OPTION_SETTING_S_N = __OPTION_SETTING_S_End
OUTPUT(2_GPIO_Input_EK2.elf elf32-littlearm)
LOAD linker stubs

.ARM.attributes
                0x00000000       0x2c
 .ARM.attributes
                0x00000000       0x22 c:/renesas/ra/e2studio_v2022-04_fsp_v3.7.0/toolchains/gcc_arm/9_2020q2/bin/../lib/gcc/arm-none-eabi/9.3.1/thumb/v8-m.base/nofp/crti.o
 .ARM.attributes
                0x00000022       0x30 c:/renesas/ra/e2studio_v2022-04_fsp_v3.7.0/toolchains/gcc_arm/9_2020q2/bin/../lib/gcc/arm-none-eabi/9.3.1/thumb/v8-m.base/nofp/crtbegin.o
 .ARM.attributes
                0x00000052       0x30 ./src/hal_entry.o
 .ARM.attributes
                0x00000082       0x30 ./ra_gen/common_data.o
 .ARM.attributes
                0x000000b2       0x30 ./ra_gen/main.o
 .ARM.attributes
                0x000000e2       0x32 ./ra_gen/pin_data.o
 .ARM.attributes
                0x00000114       0x30 ./ra/fsp/src/r_ioport/r_ioport.o
 .ARM.attributes
                0x00000144       0x30 ./ra/fsp/src/bsp/mcu/all/bsp_clocks.o
 .ARM.attributes
                0x00000174       0x30 ./ra/fsp/src/bsp/mcu/all/bsp_common.o
 .ARM.attributes
                0x000001a4       0x30 ./ra/fsp/src/bsp/mcu/all/bsp_delay.o
 .ARM.attributes
                0x000001d4       0x30 ./ra/fsp/src/bsp/mcu/all/bsp_group_irq.o
 .ARM.attributes
                0x00000204       0x32 ./ra/fsp/src/bsp/mcu/all/bsp_io.o
 .ARM.attributes
                0x00000236       0x30 ./ra/fsp/src/bsp/mcu/all/bsp_irq.o
 .ARM.attributes
                0x00000266       0x30 ./ra/fsp/src/bsp/mcu/all/bsp_register_protection.o
 .ARM.attributes
                0x00000296       0x32 ./ra/fsp/src/bsp/mcu/all/bsp_rom_registers.o
 .ARM.attributes
                0x000002c8       0x30 ./ra/fsp/src/bsp/cmsis/Device/RENESAS/Source/startup.o
 .ARM.attributes
                0x000002f8       0x30 ./ra/fsp/src/bsp/cmsis/Device/RENESAS/Source/system.o
 .ARM.attributes
                0x00000328       0x30 ./ra/board/ra2e1_ek/board_init.o
 .ARM.attributes
                0x00000358       0x30 c:/renesas/ra/e2studio_v2022-04_fsp_v3.7.0/toolchains/gcc_arm/9_2020q2/bin/../lib/gcc/arm-none-eabi/9.3.1/thumb/v8-m.base/nofp\libgcc.a(_muldi3.o)
 .ARM.attributes
                0x00000388       0x30 c:/renesas/ra/e2studio_v2022-04_fsp_v3.7.0/toolchains/gcc_arm/9_2020q2/bin/../lib/gcc/arm-none-eabi/9.3.1/../../../../arm-none-eabi/lib/thumb/v8-m.base/nofp\libg_nano.a(lib_a-memcpy-stub.o)
 .ARM.attributes
                0x000003b8       0x30 c:/renesas/ra/e2studio_v2022-04_fsp_v3.7.0/toolchains/gcc_arm/9_2020q2/bin/../lib/gcc/arm-none-eabi/9.3.1/../../../../arm-none-eabi/lib/thumb/v8-m.base/nofp\libg_nano.a(lib_a-memset.o)
 .ARM.attributes
                0x000003e8       0x30 c:/renesas/ra/e2studio_v2022-04_fsp_v3.7.0/toolchains/gcc_arm/9_2020q2/bin/../lib/gcc/arm-none-eabi/9.3.1/thumb/v8-m.base/nofp/crtend.o
 .ARM.attributes
                0x00000418       0x22 c:/renesas/ra/e2studio_v2022-04_fsp_v3.7.0/toolchains/gcc_arm/9_2020q2/bin/../lib/gcc/arm-none-eabi/9.3.1/thumb/v8-m.base/nofp/crtn.o

.comment        0x00000000       0x4c
 .comment       0x00000000       0x4c ./src/hal_entry.o
                                 0x4d (size before relaxing)
 .comment       0x0000004c       0x4d ./ra_gen/common_data.o
 .comment       0x0000004c       0x4d ./ra_gen/main.o
 .comment       0x0000004c       0x4d ./ra_gen/pin_data.o
 .comment       0x0000004c       0x4d ./ra/fsp/src/r_ioport/r_ioport.o
 .comment       0x0000004c       0x4d ./ra/fsp/src/bsp/mcu/all/bsp_clocks.o
 .comment       0x0000004c       0x4d ./ra/fsp/src/bsp/mcu/all/bsp_common.o
 .comment       0x0000004c       0x4d ./ra/fsp/src/bsp/mcu/all/bsp_delay.o
 .comment       0x0000004c       0x4d ./ra/fsp/src/bsp/mcu/all/bsp_group_irq.o
 .comment       0x0000004c       0x4d ./ra/fsp/src/bsp/mcu/all/bsp_io.o
 .comment       0x0000004c       0x4d ./ra/fsp/src/bsp/mcu/all/bsp_irq.o
 .comment       0x0000004c       0x4d ./ra/fsp/src/bsp/mcu/all/bsp_register_protection.o
 .comment       0x0000004c       0x4d ./ra/fsp/src/bsp/mcu/all/bsp_rom_registers.o
 .comment       0x0000004c       0x4d ./ra/fsp/src/bsp/cmsis/Device/RENESAS/Source/startup.o
 .comment       0x0000004c       0x4d ./ra/fsp/src/bsp/cmsis/Device/RENESAS/Source/system.o
 .comment       0x0000004c       0x4d ./ra/board/ra2e1_ek/board_init.o

.debug_info     0x00000000    0x20141
 .debug_info    0x00000000     0x2ad4 ./src/hal_entry.o
 .debug_info    0x00002ad4     0x1acc ./ra_gen/common_data.o
 .debug_info    0x000045a0     0x1ace ./ra_gen/main.o
 .debug_info    0x0000606e     0x12cc ./ra_gen/pin_data.o
 .debug_info    0x0000733a     0x385c ./ra/fsp/src/r_ioport/r_ioport.o
 .debug_info    0x0000ab96     0x6bb9 ./ra/fsp/src/bsp/mcu/all/bsp_clocks.o
 .debug_info    0x0001174f     0x11ce ./ra/fsp/src/bsp/mcu/all/bsp_common.o
 .debug_info    0x0001291d      0xa82 ./ra/fsp/src/bsp/mcu/all/bsp_delay.o
 .debug_info    0x0001339f     0x1c9c ./ra/fsp/src/bsp/mcu/all/bsp_group_irq.o
 .debug_info    0x0001503b      0x956 ./ra/fsp/src/bsp/mcu/all/bsp_io.o
 .debug_info    0x00015991     0x17c5 ./ra/fsp/src/bsp/mcu/all/bsp_irq.o
 .debug_info    0x00017156     0x4777 ./ra/fsp/src/bsp/mcu/all/bsp_register_protection.o
 .debug_info    0x0001b8cd      0x99b ./ra/fsp/src/bsp/mcu/all/bsp_rom_registers.o
 .debug_info    0x0001c268      0xa17 ./ra/fsp/src/bsp/cmsis/Device/RENESAS/Source/startup.o
 .debug_info    0x0001cc7f     0x2b51 ./ra/fsp/src/bsp/cmsis/Device/RENESAS/Source/system.o
 .debug_info    0x0001f7d0      0x971 ./ra/board/ra2e1_ek/board_init.o

.debug_abbrev   0x00000000     0x2c67
 .debug_abbrev  0x00000000      0x305 ./src/hal_entry.o
 .debug_abbrev  0x00000305      0x227 ./ra_gen/common_data.o
 .debug_abbrev  0x0000052c      0x23a ./ra_gen/main.o
 .debug_abbrev  0x00000766      0x1fb ./ra_gen/pin_data.o
 .debug_abbrev  0x00000961      0x483 ./ra/fsp/src/r_ioport/r_ioport.o
 .debug_abbrev  0x00000de4      0x468 ./ra/fsp/src/bsp/mcu/all/bsp_clocks.o
 .debug_abbrev  0x0000124c      0x28c ./ra/fsp/src/bsp/mcu/all/bsp_common.o
 .debug_abbrev  0x000014d8      0x28a ./ra/fsp/src/bsp/mcu/all/bsp_delay.o
 .debug_abbrev  0x00001762      0x342 ./ra/fsp/src/bsp/mcu/all/bsp_group_irq.o
 .debug_abbrev  0x00001aa4      0x1c7 ./ra/fsp/src/bsp/mcu/all/bsp_io.o
 .debug_abbrev  0x00001c6b      0x291 ./ra/fsp/src/bsp/mcu/all/bsp_irq.o
 .debug_abbrev  0x00001efc      0x357 ./ra/fsp/src/bsp/mcu/all/bsp_register_protection.o
 .debug_abbrev  0x00002253      0x1c9 ./ra/fsp/src/bsp/mcu/all/bsp_rom_registers.o
 .debug_abbrev  0x0000241c      0x240 ./ra/fsp/src/bsp/cmsis/Device/RENESAS/Source/startup.o
 .debug_abbrev  0x0000265c      0x424 ./ra/fsp/src/bsp/cmsis/Device/RENESAS/Source/system.o
 .debug_abbrev  0x00002a80      0x1e7 ./ra/board/ra2e1_ek/board_init.o

.debug_loc      0x00000000     0x15d6
 .debug_loc     0x00000000       0x42 ./src/hal_entry.o
 .debug_loc     0x00000042      0xe79 ./ra/fsp/src/r_ioport/r_ioport.o
 .debug_loc     0x00000ebb      0x276 ./ra/fsp/src/bsp/mcu/all/bsp_clocks.o
 .debug_loc     0x00001131       0x25 ./ra/fsp/src/bsp/mcu/all/bsp_common.o
 .debug_loc     0x00001156      0x16b ./ra/fsp/src/bsp/mcu/all/bsp_delay.o
 .debug_loc     0x000012c1       0xac ./ra/fsp/src/bsp/mcu/all/bsp_group_irq.o
 .debug_loc     0x0000136d       0x3f ./ra/fsp/src/bsp/mcu/all/bsp_irq.o
 .debug_loc     0x000013ac      0x110 ./ra/fsp/src/bsp/mcu/all/bsp_register_protection.o
 .debug_loc     0x000014bc      0x11a ./ra/fsp/src/bsp/cmsis/Device/RENESAS/Source/system.o

.debug_aranges  0x00000000      0x2d0
 .debug_aranges
                0x00000000       0x28 ./src/hal_entry.o
 .debug_aranges
                0x00000028       0x20 ./ra_gen/common_data.o
 .debug_aranges
                0x00000048       0x20 ./ra_gen/main.o
 .debug_aranges
                0x00000068       0x18 ./ra_gen/pin_data.o
 .debug_aranges
                0x00000080       0x88 ./ra/fsp/src/r_ioport/r_ioport.o
 .debug_aranges
                0x00000108       0x60 ./ra/fsp/src/bsp/mcu/all/bsp_clocks.o
 .debug_aranges
                0x00000168       0x30 ./ra/fsp/src/bsp/mcu/all/bsp_common.o
 .debug_aranges
                0x00000198       0x28 ./ra/fsp/src/bsp/mcu/all/bsp_delay.o
 .debug_aranges
                0x000001c0       0x28 ./ra/fsp/src/bsp/mcu/all/bsp_group_irq.o
 .debug_aranges
                0x000001e8       0x18 ./ra/fsp/src/bsp/mcu/all/bsp_io.o
 .debug_aranges
                0x00000200       0x20 ./ra/fsp/src/bsp/mcu/all/bsp_irq.o
 .debug_aranges
                0x00000220       0x28 ./ra/fsp/src/bsp/mcu/all/bsp_register_protection.o
 .debug_aranges
                0x00000248       0x18 ./ra/fsp/src/bsp/mcu/all/bsp_rom_registers.o
 .debug_aranges
                0x00000260       0x28 ./ra/fsp/src/bsp/cmsis/Device/RENESAS/Source/startup.o
 .debug_aranges
                0x00000288       0x28 ./ra/fsp/src/bsp/cmsis/Device/RENESAS/Source/system.o
 .debug_aranges
                0x000002b0       0x20 ./ra/board/ra2e1_ek/board_init.o

.debug_ranges   0x00000000      0x388
 .debug_ranges  0x00000000       0x18 ./src/hal_entry.o
 .debug_ranges  0x00000018       0x10 ./ra_gen/common_data.o
 .debug_ranges  0x00000028       0x10 ./ra_gen/main.o
 .debug_ranges  0x00000038      0x180 ./ra/fsp/src/r_ioport/r_ioport.o
 .debug_ranges  0x000001b8       0xd0 ./ra/fsp/src/bsp/mcu/all/bsp_clocks.o
 .debug_ranges  0x00000288       0x20 ./ra/fsp/src/bsp/mcu/all/bsp_common.o
 .debug_ranges  0x000002a8       0x18 ./ra/fsp/src/bsp/mcu/all/bsp_delay.o
 .debug_ranges  0x000002c0       0x30 ./ra/fsp/src/bsp/mcu/all/bsp_group_irq.o
 .debug_ranges  0x000002f0       0x10 ./ra/fsp/src/bsp/mcu/all/bsp_irq.o
 .debug_ranges  0x00000300       0x48 ./ra/fsp/src/bsp/mcu/all/bsp_register_protection.o
 .debug_ranges  0x00000348       0x18 ./ra/fsp/src/bsp/cmsis/Device/RENESAS/Source/startup.o
 .debug_ranges  0x00000360       0x18 ./ra/fsp/src/bsp/cmsis/Device/RENESAS/Source/system.o
 .debug_ranges  0x00000378       0x10 ./ra/board/ra2e1_ek/board_init.o

.debug_line     0x00000000     0x4aa9
 .debug_line    0x00000000      0x5b0 ./src/hal_entry.o
 .debug_line    0x000005b0      0x48f ./ra_gen/common_data.o
 .debug_line    0x00000a3f      0x4a5 ./ra_gen/main.o
 .debug_line    0x00000ee4      0x321 ./ra_gen/pin_data.o
 .debug_line    0x00001205      0xbb1 ./ra/fsp/src/r_ioport/r_ioport.o
 .debug_line    0x00001db6      0x71a ./ra/fsp/src/bsp/mcu/all/bsp_clocks.o
 .debug_line    0x000024d0      0x423 ./ra/fsp/src/bsp/mcu/all/bsp_common.o
 .debug_line    0x000028f3      0x37b ./ra/fsp/src/bsp/mcu/all/bsp_delay.o
 .debug_line    0x00002c6e      0x3f1 ./ra/fsp/src/bsp/mcu/all/bsp_group_irq.o
 .debug_line    0x0000305f      0x2c2 ./ra/fsp/src/bsp/mcu/all/bsp_io.o
 .debug_line    0x00003321      0x3c3 ./ra/fsp/src/bsp/mcu/all/bsp_irq.o
 .debug_line    0x000036e4      0x4bc ./ra/fsp/src/bsp/mcu/all/bsp_register_protection.o
 .debug_line    0x00003ba0      0x2cd ./ra/fsp/src/bsp/mcu/all/bsp_rom_registers.o
 .debug_line    0x00003e6d      0x331 ./ra/fsp/src/bsp/cmsis/Device/RENESAS/Source/startup.o
 .debug_line    0x0000419e      0x632 ./ra/fsp/src/bsp/cmsis/Device/RENESAS/Source/system.o
 .debug_line    0x000047d0      0x2d9 ./ra/board/ra2e1_ek/board_init.o

.debug_str      0x00000000     0x835e
 .debug_str     0x00000000     0x3bdb ./src/hal_entry.o
                               0x3c9c (size before relaxing)
 .debug_str     0x00003bdb       0x78 ./ra_gen/common_data.o
                               0x3676 (size before relaxing)
 .debug_str     0x00003c53       0x16 ./ra_gen/main.o
                               0x3670 (size before relaxing)
 .debug_str     0x00003c69      0x648 ./ra_gen/pin_data.o
                               0x215c (size before relaxing)
 .debug_str     0x000042b1      0x798 ./ra/fsp/src/r_ioport/r_ioport.o
                               0x3e58 (size before relaxing)
 .debug_str     0x00004a49     0x1dd8 ./ra/fsp/src/bsp/mcu/all/bsp_clocks.o
                               0x2943 (size before relaxing)
 .debug_str     0x00006821      0x10d ./ra/fsp/src/bsp/mcu/all/bsp_common.o
                               0x1f8a (size before relaxing)
 .debug_str     0x0000692e       0xbc ./ra/fsp/src/bsp/mcu/all/bsp_delay.o
                                0x6f3 (size before relaxing)
 .debug_str     0x000069ea      0x53a ./ra/fsp/src/bsp/mcu/all/bsp_group_irq.o
                               0x2495 (size before relaxing)
 .debug_str     0x00006f24       0x23 ./ra/fsp/src/bsp/mcu/all/bsp_io.o
                                0x5eb (size before relaxing)
 .debug_str     0x00006f47      0xc4b ./ra/fsp/src/bsp/mcu/all/bsp_irq.o
                               0x1668 (size before relaxing)
 .debug_str     0x00007b92      0x12b ./ra/fsp/src/bsp/mcu/all/bsp_register_protection.o
                               0x1eba (size before relaxing)
 .debug_str     0x00007cbd       0x51 ./ra/fsp/src/bsp/mcu/all/bsp_rom_registers.o
                                0x619 (size before relaxing)
 .debug_str     0x00007d0e       0x82 ./ra/fsp/src/bsp/cmsis/Device/RENESAS/Source/startup.o
                                0x661 (size before relaxing)
 .debug_str     0x00007d90      0x5ac ./ra/fsp/src/bsp/cmsis/Device/RENESAS/Source/system.o
                               0x1386 (size before relaxing)
 .debug_str     0x0000833c       0x22 ./ra/board/ra2e1_ek/board_init.o
                                0x5fa (size before relaxing)

.debug_frame    0x00000000      0x4c8
 .debug_frame   0x00000000       0x40 ./src/hal_entry.o
 .debug_frame   0x00000040       0x20 ./ra_gen/common_data.o
 .debug_frame   0x00000060       0x28 ./ra_gen/main.o
 .debug_frame   0x00000088      0x144 ./ra/fsp/src/r_ioport/r_ioport.o
 .debug_frame   0x000001cc       0xc8 ./ra/fsp/src/bsp/mcu/all/bsp_clocks.o
 .debug_frame   0x00000294       0x40 ./ra/fsp/src/bsp/mcu/all/bsp_common.o
 .debug_frame   0x000002d4       0x3c ./ra/fsp/src/bsp/mcu/all/bsp_delay.o
 .debug_frame   0x00000310       0x3c ./ra/fsp/src/bsp/mcu/all/bsp_group_irq.o
 .debug_frame   0x0000034c       0x20 ./ra/fsp/src/bsp/mcu/all/bsp_irq.o
 .debug_frame   0x0000036c       0x48 ./ra/fsp/src/bsp/mcu/all/bsp_register_protection.o
 .debug_frame   0x000003b4       0x38 ./ra/fsp/src/bsp/cmsis/Device/RENESAS/Source/startup.o
 .debug_frame   0x000003ec       0x40 ./ra/fsp/src/bsp/cmsis/Device/RENESAS/Source/system.o
 .debug_frame   0x0000042c       0x20 ./ra/board/ra2e1_ek/board_init.o
 .debug_frame   0x0000044c       0x34 c:/renesas/ra/e2studio_v2022-04_fsp_v3.7.0/toolchains/gcc_arm/9_2020q2/bin/../lib/gcc/arm-none-eabi/9.3.1/thumb/v8-m.base/nofp\libgcc.a(_muldi3.o)
 .debug_frame   0x00000480       0x28 c:/renesas/ra/e2studio_v2022-04_fsp_v3.7.0/toolchains/gcc_arm/9_2020q2/bin/../lib/gcc/arm-none-eabi/9.3.1/../../../../arm-none-eabi/lib/thumb/v8-m.base/nofp\libg_nano.a(lib_a-memcpy-stub.o)
 .debug_frame   0x000004a8       0x20 c:/renesas/ra/e2studio_v2022-04_fsp_v3.7.0/toolchains/gcc_arm/9_2020q2/bin/../lib/gcc/arm-none-eabi/9.3.1/../../../../arm-none-eabi/lib/thumb/v8-m.base/nofp\libg_nano.a(lib_a-memset.o)
