Archive member included to satisfy reference by file (symbol)

c:/renesas/ra/e2studio_v2022-04_fsp_v3.7.0/toolchains/gcc_arm/9_2020q2/bin/../lib/gcc/arm-none-eabi/9.3.1/thumb/v8-m.base/nofp\libgcc.a(_aeabi_ldivmod.o)
                              ./ra/fsp/src/r_sci_uart/r_sci_uart.o (__aeabi_ldivmod)
c:/renesas/ra/e2studio_v2022-04_fsp_v3.7.0/toolchains/gcc_arm/9_2020q2/bin/../lib/gcc/arm-none-eabi/9.3.1/thumb/v8-m.base/nofp\libgcc.a(_muldi3.o)
                              ./ra/fsp/src/r_sci_uart/r_sci_uart.o (__aeabi_lmul)
c:/renesas/ra/e2studio_v2022-04_fsp_v3.7.0/toolchains/gcc_arm/9_2020q2/bin/../lib/gcc/arm-none-eabi/9.3.1/thumb/v8-m.base/nofp\libgcc.a(bpabi.o)
                              c:/renesas/ra/e2studio_v2022-04_fsp_v3.7.0/toolchains/gcc_arm/9_2020q2/bin/../lib/gcc/arm-none-eabi/9.3.1/thumb/v8-m.base/nofp\libgcc.a(_aeabi_ldivmod.o) (__gnu_ldivmod_helper)
c:/renesas/ra/e2studio_v2022-04_fsp_v3.7.0/toolchains/gcc_arm/9_2020q2/bin/../lib/gcc/arm-none-eabi/9.3.1/thumb/v8-m.base/nofp\libgcc.a(_dvmd_tls.o)
                              c:/renesas/ra/e2studio_v2022-04_fsp_v3.7.0/toolchains/gcc_arm/9_2020q2/bin/../lib/gcc/arm-none-eabi/9.3.1/thumb/v8-m.base/nofp\libgcc.a(_aeabi_ldivmod.o) (__aeabi_ldiv0)
c:/renesas/ra/e2studio_v2022-04_fsp_v3.7.0/toolchains/gcc_arm/9_2020q2/bin/../lib/gcc/arm-none-eabi/9.3.1/thumb/v8-m.base/nofp\libgcc.a(_divdi3.o)
                              c:/renesas/ra/e2studio_v2022-04_fsp_v3.7.0/toolchains/gcc_arm/9_2020q2/bin/../lib/gcc/arm-none-eabi/9.3.1/thumb/v8-m.base/nofp\libgcc.a(bpabi.o) (__divdi3)
c:/renesas/ra/e2studio_v2022-04_fsp_v3.7.0/toolchains/gcc_arm/9_2020q2/bin/../lib/gcc/arm-none-eabi/9.3.1/thumb/v8-m.base/nofp\libgcc.a(_clzsi2.o)
                              c:/renesas/ra/e2studio_v2022-04_fsp_v3.7.0/toolchains/gcc_arm/9_2020q2/bin/../lib/gcc/arm-none-eabi/9.3.1/thumb/v8-m.base/nofp\libgcc.a(_divdi3.o) (__clzsi2)
c:/renesas/ra/e2studio_v2022-04_fsp_v3.7.0/toolchains/gcc_arm/9_2020q2/bin/../lib/gcc/arm-none-eabi/9.3.1/../../../../arm-none-eabi/lib/thumb/v8-m.base/nofp\libg_nano.a(lib_a-errno.o)
                              ./ra/fsp/src/bsp/mcu/all/bsp_sbrk.o (__errno)
c:/renesas/ra/e2studio_v2022-04_fsp_v3.7.0/toolchains/gcc_arm/9_2020q2/bin/../lib/gcc/arm-none-eabi/9.3.1/../../../../arm-none-eabi/lib/thumb/v8-m.base/nofp\libg_nano.a(lib_a-exit.o)
                              c:/renesas/ra/e2studio_v2022-04_fsp_v3.7.0/toolchains/gcc_arm/9_2020q2/bin/../lib/gcc/arm-none-eabi/9.3.1/../../../../arm-none-eabi/lib/thumb/v8-m.base/nofp/rdimon-crt0.o (exit)
c:/renesas/ra/e2studio_v2022-04_fsp_v3.7.0/toolchains/gcc_arm/9_2020q2/bin/../lib/gcc/arm-none-eabi/9.3.1/../../../../arm-none-eabi/lib/thumb/v8-m.base/nofp\libg_nano.a(lib_a-impure.o)
                              c:/renesas/ra/e2studio_v2022-04_fsp_v3.7.0/toolchains/gcc_arm/9_2020q2/bin/../lib/gcc/arm-none-eabi/9.3.1/../../../../arm-none-eabi/lib/thumb/v8-m.base/nofp\libg_nano.a(lib_a-exit.o) (_global_impure_ptr)
c:/renesas/ra/e2studio_v2022-04_fsp_v3.7.0/toolchains/gcc_arm/9_2020q2/bin/../lib/gcc/arm-none-eabi/9.3.1/../../../../arm-none-eabi/lib/thumb/v8-m.base/nofp\libg_nano.a(lib_a-init.o)
                              c:/renesas/ra/e2studio_v2022-04_fsp_v3.7.0/toolchains/gcc_arm/9_2020q2/bin/../lib/gcc/arm-none-eabi/9.3.1/../../../../arm-none-eabi/lib/thumb/v8-m.base/nofp/rdimon-crt0.o (__libc_init_array)
c:/renesas/ra/e2studio_v2022-04_fsp_v3.7.0/toolchains/gcc_arm/9_2020q2/bin/../lib/gcc/arm-none-eabi/9.3.1/../../../../arm-none-eabi/lib/thumb/v8-m.base/nofp\libg_nano.a(lib_a-memcpy-stub.o)
                              ./src/RTT/SEGGER_RTT.o (memcpy)
c:/renesas/ra/e2studio_v2022-04_fsp_v3.7.0/toolchains/gcc_arm/9_2020q2/bin/../lib/gcc/arm-none-eabi/9.3.1/../../../../arm-none-eabi/lib/thumb/v8-m.base/nofp\libg_nano.a(lib_a-memset.o)
                              c:/renesas/ra/e2studio_v2022-04_fsp_v3.7.0/toolchains/gcc_arm/9_2020q2/bin/../lib/gcc/arm-none-eabi/9.3.1/../../../../arm-none-eabi/lib/thumb/v8-m.base/nofp/rdimon-crt0.o (memset)
c:/renesas/ra/e2studio_v2022-04_fsp_v3.7.0/toolchains/gcc_arm/9_2020q2/bin/../lib/gcc/arm-none-eabi/9.3.1/../../../../arm-none-eabi/lib/thumb/v8-m.base/nofp\libg_nano.a(lib_a-strlen.o)
                              ./src/RTT/SEGGER_RTT.o (strlen)
c:/renesas/ra/e2studio_v2022-04_fsp_v3.7.0/toolchains/gcc_arm/9_2020q2/bin/../lib/gcc/arm-none-eabi/9.3.1/../../../../arm-none-eabi/lib/thumb/v8-m.base/nofp\librdimon_nano.a(rdimon-syscalls.o)
                              c:/renesas/ra/e2studio_v2022-04_fsp_v3.7.0/toolchains/gcc_arm/9_2020q2/bin/../lib/gcc/arm-none-eabi/9.3.1/../../../../arm-none-eabi/lib/thumb/v8-m.base/nofp/rdimon-crt0.o (initialise_monitor_handles)
c:/renesas/ra/e2studio_v2022-04_fsp_v3.7.0/toolchains/gcc_arm/9_2020q2/bin/../lib/gcc/arm-none-eabi/9.3.1/../../../../arm-none-eabi/lib/thumb/v8-m.base/nofp\librdimon_nano.a(rdimon-_exit.o)
[...]
Memory Configuration

Name             Origin             Length             Attributes
ITCM             0x00000000         0x00000000         xr
DTCM             0x00000000         0x00000000         xrw
FLASH            0x00000000         0x00020000         xr
RAM              0x20004000         0x00004000         xrw
DATA_FLASH       0x40100000         0x00001000         xr
QSPI_FLASH       0x60000000         0x00000000         xr
OSPI_DEVICE_0    0x80020000         0x00000000         xr
OSPI_DEVICE_1    0x80030000         0x00000000         xr
OSPI_DEVICE_0_RAM 0x80020000         0x00000000         xrw
OSPI_DEVICE_1_RAM 0x80030000         0x00000000         xrw
SDRAM            0x80010000         0x00000000         xrw
OPTION_SETTING   0x00000000         0x00000000         r
OPTION_SETTING_OFS 0x00000000         0x00000018         r
OPTION_SETTING_SAS 0x00000034         0xffffffcc         r
OPTION_SETTING_S 0x80000000         0x00000000         r
ID_CODE          0x01010018         0x00000020         xr
*default*        0x00000000         0xffffffff

Linker script and memory map

LOAD c:/renesas/ra/e2studio_v2022-04_fsp_v3.7.0/toolchains/gcc_arm/9_2020q2/bin/../lib/gcc/arm-none-eabi/9.3.1/thumb/v8-m.base/nofp/crti.o
LOAD c:/renesas/ra/e2studio_v2022-04_fsp_v3.7.0/toolchains/gcc_arm/9_2020q2/bin/../lib/gcc/arm-none-eabi/9.3.1/thumb/v8-m.base/nofp/crtbegin.o
LOAD c:/renesas/ra/e2studio_v2022-04_fsp_v3.7.0/toolchains/gcc_arm/9_2020q2/bin/../lib/gcc/arm-none-eabi/9.3.1/../../../../arm-none-eabi/lib/thumb/v8-m.base/nofp/rdimon-crt0.o
START GROUP
LOAD ./src/RTT/SEGGER_RTT.o
LOAD ./src/RTT/SEGGER_RTT_printf.o
LOAD ./src/hal_entry.o
LOAD ./ra_gen/common_data.o
LOAD ./ra_gen/hal_data.o
LOAD ./ra_gen/main.o
LOAD ./ra_gen/pin_data.o
LOAD ./ra_gen/vector_data.o
LOAD ./ra/fsp/src/r_sci_uart/r_sci_uart.o
LOAD ./ra/fsp/src/r_ioport/r_ioport.o
LOAD ./ra/fsp/src/r_icu/r_icu.o
LOAD ./ra/fsp/src/r_agt/r_agt.o
LOAD ./ra/fsp/src/bsp/mcu/all/bsp_clocks.o
LOAD ./ra/fsp/src/bsp/mcu/all/bsp_common.o
LOAD ./ra/fsp/src/bsp/mcu/all/bsp_delay.o
LOAD ./ra/fsp/src/bsp/mcu/all/bsp_group_irq.o
LOAD ./ra/fsp/src/bsp/mcu/all/bsp_guard.o
LOAD ./ra/fsp/src/bsp/mcu/all/bsp_io.o
LOAD ./ra/fsp/src/bsp/mcu/all/bsp_irq.o
LOAD ./ra/fsp/src/bsp/mcu/all/bsp_register_protection.o
LOAD ./ra/fsp/src/bsp/mcu/all/bsp_rom_registers.o
LOAD ./ra/fsp/src/bsp/mcu/all/bsp_sbrk.o
LOAD ./ra/fsp/src/bsp/mcu/all/bsp_security.o
LOAD ./ra/fsp/src/bsp/cmsis/Device/RENESAS/Source/startup.o
LOAD ./ra/fsp/src/bsp/cmsis/Device/RENESAS/Source/system.o
LOAD ./ra/board/ra2e1_ek/board_init.o
LOAD ./ra/board/ra2e1_ek/board_leds.o
END GROUP
START GROUP
LOAD c:/renesas/ra/e2studio_v2022-04_fsp_v3.7.0/toolchains/gcc_arm/9_2020q2/bin/../lib/gcc/arm-none-eabi/9.3.1/thumb/v8-m.base/nofp\libgcc.a
LOAD c:/renesas/ra/e2studio_v2022-04_fsp_v3.7.0/toolchains/gcc_arm/9_2020q2/bin/../lib/gcc/arm-none-eabi/9.3.1/../../../../arm-none-eabi/lib/thumb/v8-m.base/nofp\libg_nano.a
LOAD c:/renesas/ra/e2studio_v2022-04_fsp_v3.7.0/toolchains/gcc_arm/9_2020q2/bin/../lib/gcc/arm-none-eabi/9.3.1/../../../../arm-none-eabi/lib/thumb/v8-m.base/nofp\libc_nano.a
END GROUP
START GROUP
LOAD c:/renesas/ra/e2studio_v2022-04_fsp_v3.7.0/toolchains/gcc_arm/9_2020q2/bin/../lib/gcc/arm-none-eabi/9.3.1/thumb/v8-m.base/nofp\libgcc.a
LOAD c:/renesas/ra/e2studio_v2022-04_fsp_v3.7.0/toolchains/gcc_arm/9_2020q2/bin/../lib/gcc/arm-none-eabi/9.3.1/../../../../arm-none-eabi/lib/thumb/v8-m.base/nofp\libc_nano.a
LOAD c:/renesas/ra/e2studio_v2022-04_fsp_v3.7.0/toolchains/gcc_arm/9_2020q2/bin/../lib/gcc/arm-none-eabi/9.3.1/../../../../arm-none-eabi/lib/thumb/v8-m.base/nofp\librdimon_nano.a
END GROUP
START GROUP
LOAD c:/renesas/ra/e2studio_v2022-04_fsp_v3.7.0/toolchains/gcc_arm/9_2020q2/bin/../lib/gcc/arm-none-eabi/9.3.1/thumb/v8-m.base/nofp\libgcc.a
LOAD c:/renesas/ra/e2studio_v2022-04_fsp_v3.7.0/toolchains/gcc_arm/9_2020q2/bin/../lib/gcc/arm-none-eabi/9.3.1/../../../../arm-none-eabi/lib/thumb/v8-m.base/nofp\libc_nano.a
LOAD c:/renesas/ra/e2studio_v2022-04_fsp_v3.7.0/toolchains/gcc_arm/9_2020q2/bin/../lib/gcc/arm-none-eabi/9.3.1/../../../../arm-none-eabi/lib/thumb/v8-m.base/nofp\librdimon_nano.a
END GROUP
LOAD c:/renesas/ra/e2studio_v2022-04_fsp_v3.7.0/toolchains/gcc_arm/9_2020q2/bin/../lib/gcc/arm-none-eabi/9.3.1/thumb/v8-m.base/nofp/crtend.o
LOAD c:/renesas/ra/e2studio_v2022-04_fsp_v3.7.0/toolchains/gcc_arm/9_2020q2/bin/../lib/gcc/arm-none-eabi/9.3.1/thumb/v8-m.base/nofp/crtn.o
                0x20004000                RAM_START = 0x20004000
                0x00004000                RAM_LENGTH = 0x4000
                0x00000000                FLASH_START = 0x0
                0x00020000                FLASH_LENGTH = 0x20000
                0x40100000                DATA_FLASH_START = 0x40100000
                0x00001000                DATA_FLASH_LENGTH = 0x1000
                0x00000000                OPTION_SETTING_START = 0x0
                0x00000000                OPTION_SETTING_LENGTH = 0x0
                0x80000000                OPTION_SETTING_S_START = 0x80000000
                0x00000000                OPTION_SETTING_S_LENGTH = 0x0
                0x01010018                ID_CODE_START = 0x1010018
                0x00000020                ID_CODE_LENGTH = 0x20
                0x80010000                SDRAM_START = 0x80010000
                0x00000000                SDRAM_LENGTH = 0x0
                0x60000000                QSPI_FLASH_START = 0x60000000
                0x00000000                QSPI_FLASH_LENGTH = 0x0
                0x80020000                OSPI_DEVICE_0_START = 0x80020000
                0x00000000                OSPI_DEVICE_0_LENGTH = 0x0
                0x80030000                OSPI_DEVICE_1_START = 0x80030000
                0x00000000                OSPI_DEVICE_1_LENGTH = 0x0
                0x00000000                QSPI_FLASH_PRV_LENGTH = DEFINED (QSPI_FLASH_SIZE)?ABSOLUTE (QSPI_FLASH_SIZE):ABSOLUTE (QSPI_FLASH_LENGTH)
                0x00000000                OSPI_DEVICE_0_PRV_LENGTH = DEFINED (OSPI_DEVICE_0_SIZE)?ABSOLUTE (OSPI_DEVICE_0_SIZE):ABSOLUTE (OSPI_DEVICE_0_LENGTH)
                0x00000000                OSPI_DEVICE_1_PRV_LENGTH = DEFINED (OSPI_DEVICE_1_SIZE)?ABSOLUTE (OSPI_DEVICE_1_SIZE):ABSOLUTE (OSPI_DEVICE_1_LENGTH)
                0x00000000                __RESERVE_NS_RAM = ((! (DEFINED (PROJECT_NONSECURE)) && DEFINED (RAM_NS_BUFFER_LENGTH)) && (OPTION_SETTING_S_LENGTH != 0x0))
                0x00000000                ITCM_START = DEFINED (ITCM_START)?ITCM_START:0x0
                0x00000000                ITCM_LENGTH = DEFINED (ITCM_LENGTH)?ITCM_LENGTH:0x0
                0x00000000                DTCM_START = DEFINED (DTCM_START)?DTCM_START:0x0
                0x00000000                DTCM_LENGTH = DEFINED (DTCM_LENGTH)?DTCM_LENGTH:0x0
                0x00000000                NS_OFFSET_START = DEFINED (NS_OFFSET_START)?NS_OFFSET_START:0x0
                0x00000000                NS_IMAGE_OFFSET = DEFINED (PROJECT_NONSECURE)?NS_OFFSET_START:0x0
                0x00000000                RAM_NS_BUFFER_BLOCK_LENGTH = DEFINED (RAM_NS_BUFFER_LENGTH)?ALIGN (RAM_NS_BUFFER_LENGTH, 0x2000):0x0
                0x00000000                RAM_NS_BUFFER_LENGTH = DEFINED (RAM_NS_BUFFER_LENGTH)?RAM_NS_BUFFER_LENGTH:0x0
                0x20008000                RAM_NS_BUFFER_START = ((RAM_START + RAM_LENGTH) - RAM_NS_BUFFER_LENGTH)
                0x20008000                RAM_NS_BUFFER_BLOCK_START = ((RAM_START + RAM_LENGTH) - RAM_NS_BUFFER_BLOCK_LENGTH)
                0x00000080                OPTION_SETTING_START_NS = DEFINED (PROJECT_NONSECURE)?OPTION_SETTING_START:(OPTION_SETTING_START + 0x80)
                0x00000001                __bl_FSP_BOOTABLE_IMAGE = 0x1
                0x00000001                __bln_FSP_BOOTABLE_IMAGE = 0x1
                0x00000000                PROJECT_SECURE_OR_FLAT = (((! (DEFINED (PROJECT_NONSECURE)) || DEFINED (PROJECT_SECURE)) && OPTION_SETTING_LENGTH) && ! (DEFINED (FSP_BOOTABLE_IMAGE)))
                0x00000000                USE_OPTION_SETTING_NS = (DEFINED (PROJECT_NONSECURE) && ! (DEFINED (FSP_BOOTABLE_IMAGE)))
                0x00000000                __bl_FLASH_IMAGE_START = ! (DEFINED (FLASH_BOOTLOADER_LENGTH))?0x0:(FLASH_APPLICATION_IMAGE_NUMBER == 0x1)?(FLASH_BOOTLOADER_LENGTH + FLASH_BOOTLOADER_HEADER_LENGTH):(((FLASH_BOOTLOADER_LENGTH + FLASH_BOOTLOADER_SCRATCH_LENGTH) + FLASH_APPLICATION_S_LENGTH) + FLASH_BOOTLOADER_HEADER_LENGTH)
                0x00000000                __bl_FLASH_IMAGE_LENGTH = ! (DEFINED (FLASH_BOOTLOADER_LENGTH))?0x0:(FLASH_APPLICATION_S_LENGTH - FLASH_BOOTLOADER_HEADER_LENGTH)
                0x00000000                __bl_FLASH_IMAGE_END = (__bl_FLASH_IMAGE_START + __bl_FLASH_IMAGE_LENGTH)
                0x00000000                __bl_XIP_SECONDARY_FLASH_IMAGE_START = ! (DEFINED (FLASH_BOOTLOADER_LENGTH))?0x0:((FLASH_BOOTLOADER_LENGTH + FLASH_APPLICATION_S_LENGTH) + FLASH_BOOTLOADER_HEADER_LENGTH)
                0x00000000                __bl_XIP_SECONDARY_FLASH_IMAGE_END = (__bl_XIP_SECONDARY_FLASH_IMAGE_START + __bl_FLASH_IMAGE_LENGTH)
                0x00000000                __bl_FLASH_NS_START = ! (DEFINED (FLASH_BOOTLOADER_LENGTH))?0x0:(FLASH_APPLICATION_NS_LENGTH == 0x0)?__bl_FLASH_IMAGE_END:((__bl_FLASH_IMAGE_START - FLASH_BOOTLOADER_HEADER_LENGTH) + FLASH_APPLICATION_S_LENGTH)
                0x00000000                __bl_FLASH_NSC_START = ! (DEFINED (FLASH_BOOTLOADER_LENGTH))?0x0:(FLASH_APPLICATION_NS_LENGTH == 0x0)?__bl_FLASH_IMAGE_END:(__bl_FLASH_NS_START - FLASH_APPLICATION_NSC_LENGTH)
                0x00000000                __bl_RAM_NS_START = ! (DEFINED (FLASH_BOOTLOADER_LENGTH))?0x0:(FLASH_APPLICATION_NS_LENGTH == 0x0)?(RAM_START + RAM_LENGTH):((RAM_START + RAM_LENGTH) - RAM_APPLICATION_NS_LENGTH)
                0x00000000                __bl_RAM_NSC_START = ! (DEFINED (FLASH_BOOTLOADER_LENGTH))?0x0:(FLASH_APPLICATION_NS_LENGTH == 0x0)?(RAM_START + RAM_LENGTH):(__bl_RAM_NS_START - RAM_APPLICATION_NSC_LENGTH)
                0x00000000                __bl_FLASH_NS_IMAGE_START = ! (DEFINED (FLASH_BOOTLOADER_LENGTH))?0x0:(FLASH_APPLICATION_NS_LENGTH == 0x0)?__bl_FLASH_IMAGE_END:(__bl_FLASH_NS_START + FLASH_BOOTLOADER_HEADER_LENGTH_2)
                0x00000000                __bln_FLASH_IMAGE_START = __bl_FLASH_NS_IMAGE_START
                0x00000000                __bln_FLASH_IMAGE_LENGTH = ! (DEFINED (FLASH_BOOTLOADER_LENGTH))?0x0:(FLASH_APPLICATION_NS_LENGTH == 0x0)?__bl_FLASH_IMAGE_END:(FLASH_APPLICATION_NS_LENGTH - FLASH_BOOTLOADER_HEADER_LENGTH_2)
                0x00000000                XIP_SECONDARY_SLOT_IMAGE = DEFINED (XIP_SECONDARY_SLOT_IMAGE)?XIP_SECONDARY_SLOT_IMAGE:0x0
                0x00000000                FLASH_ORIGIN = ! (DEFINED (FLASH_IMAGE_START))?FLASH_START:(XIP_SECONDARY_SLOT_IMAGE == 0x1)?XIP_SECONDARY_FLASH_IMAGE_START:FLASH_IMAGE_START
                0x00020000                LIMITED_FLASH_LENGTH = DEFINED (FLASH_IMAGE_LENGTH)?FLASH_IMAGE_LENGTH:DEFINED (FLASH_BOOTLOADER_LENGTH)?FLASH_BOOTLOADER_LENGTH:FLASH_LENGTH
START GROUP
LOAD c:/renesas/ra/e2studio_v2022-04_fsp_v3.7.0/toolchains/gcc_arm/9_2020q2/bin/../lib/gcc/arm-none-eabi/9.3.1/thumb/v8-m.base/nofp\libgcc.a
LOAD c:/renesas/ra/e2studio_v2022-04_fsp_v3.7.0/toolchains/gcc_arm/9_2020q2/bin/../lib/gcc/arm-none-eabi/9.3.1/../../../../arm-none-eabi/lib/thumb/v8-m.base/nofp\libc.a
LOAD c:/renesas/ra/e2studio_v2022-04_fsp_v3.7.0/toolchains/gcc_arm/9_2020q2/bin/../lib/gcc/arm-none-eabi/9.3.1/../../../../arm-none-eabi/lib/thumb/v8-m.base/nofp\libm.a
LOAD c:/renesas/ra/e2studio_v2022-04_fsp_v3.7.0/toolchains/gcc_arm/9_2020q2/bin/../lib/gcc/arm-none-eabi/9.3.1/../../../../arm-none-eabi/lib/thumb/v8-m.base/nofp\libnosys.a
END GROUP

.itcm_data      0x00000000        0x0
                0x00000000                __tz_ITCM_S = ABSOLUTE (ITCM_START)
                0x00000000                __itcm_data_start__ = .
 *(.itcm_data*)
                0x00000000                __itcm_data_end__ = .
                0x00000000                __tz_ITCM_N = DEFINED (ITCM_NS_START)?ABSOLUTE (ITCM_NS_START):ALIGN (__itcm_data_end__, 0x2000)

.text           0x00000000     0x19bc
                0x00000000                __tz_FLASH_S = ABSOLUTE (FLASH_START)
                0x00000000                __ROM_Start = .
 *(.fixed_vectors*)
 .fixed_vectors
                0x00000000       0x40 ./ra/fsp/src/bsp/cmsis/Device/RENESAS/Source/startup.o
                0x00000000                __Vectors
 *(.application_vectors*)
 .application_vectors
                0x00000040       0x80 ./ra_gen/vector_data.o
                0x00000040                g_vector_table
                0x000000c0                __Vectors_End = .
                0x00000400                . = (OPTION_SETTING_LENGTH > 0x0)?.:(__ROM_Start + 0x400)
 *fill*         0x000000c0      0x340 ff
 *(.rom_registers*)
 .rom_registers
                0x00000400       0x3c ./ra/fsp/src/bsp/mcu/all/bsp_rom_registers.o
                0x00000500                . = (OPTION_SETTING_LENGTH > 0x0)?.:(__ROM_Start + 0x500)
 *fill*         0x0000043c       0xc4 ff
                0x00000500                . = ALIGN (0x80)
 *(.mcuboot_sce9_key*)
 *(.text*)
 .text          0x00000500       0x50 c:/renesas/ra/e2studio_v2022-04_fsp_v3.7.0/toolchains/gcc_arm/9_2020q2/bin/../lib/gcc/arm-none-eabi/9.3.1/thumb/v8-m.base/nofp/crtbegin.o
 .text._WriteNoCheck
                0x00000550       0x54 ./src/RTT/SEGGER_RTT.o
 .text._WriteBlocking
                0x000005a4       0x6c ./src/RTT/SEGGER_RTT.o
 .text._DoInit  0x00000610       0x78 ./src/RTT/SEGGER_RTT.o
 .text.SEGGER_RTT_WriteNoLock
                0x00000688       0x88 ./src/RTT/SEGGER_RTT.o
                0x00000688                SEGGER_RTT_WriteNoLock
 .text.SEGGER_RTT_Write
                0x00000710       0x34 ./src/RTT/SEGGER_RTT.o
                0x00000710                SEGGER_RTT_Write
 .text._StoreChar
                0x00000744       0x40 ./src/RTT/SEGGER_RTT_printf.o
 .text._PrintUnsigned
                0x00000784      0x104 ./src/RTT/SEGGER_RTT_printf.o
 .text.SEGGER_RTT_vprintf
                0x00000888      0x320 ./src/RTT/SEGGER_RTT_printf.o
                0x00000888                SEGGER_RTT_vprintf
 .text.SEGGER_RTT_printf
                0x00000ba8       0x1c ./src/RTT/SEGGER_RTT_printf.o
                0x00000ba8                SEGGER_RTT_printf
 .text.hal_entry
                0x00000bc4       0x24 ./src/hal_entry.o
                0x00000bc4                hal_entry
 .text.R_BSP_WarmStart
                0x00000be8       0x38 ./src/hal_entry.o
                0x00000be8                R_BSP_WarmStart
 .text.startup.main
                0x00000c20        0xc ./ra_gen/main.o
                0x00000c20                main
 .text.r_sci_uart_call_callback
                0x00000c2c       0x50 ./ra/fsp/src/r_sci_uart/r_sci_uart.o
 .text.sci_uart_txi_isr
                0x00000c7c       0x94 ./ra/fsp/src/r_sci_uart/r_sci_uart.o
                0x00000c7c                sci_uart_txi_isr
 .text.sci_uart_rxi_isr
                0x00000d10       0xa0 ./ra/fsp/src/r_sci_uart/r_sci_uart.o
                0x00000d10                sci_uart_rxi_isr
 .text.sci_uart_tei_isr
                0x00000db0       0x4c ./ra/fsp/src/r_sci_uart/r_sci_uart.o
                0x00000db0                sci_uart_tei_isr
 .text.sci_uart_eri_isr
                0x00000dfc       0x78 ./ra/fsp/src/r_sci_uart/r_sci_uart.o
                0x00000dfc                sci_uart_eri_isr
 .text.R_IOPORT_Close
                0x00000e74        0x8 ./ra/fsp/src/r_ioport/r_ioport.o
                0x00000e74                R_IOPORT_Close
 .text.R_IOPORT_PinCfg
                0x00000e7c       0xa0 ./ra/fsp/src/r_ioport/r_ioport.o
                0x00000e7c                R_IOPORT_PinCfg
 .text.R_IOPORT_PinRead
                0x00000f1c       0x24 ./ra/fsp/src/r_ioport/r_ioport.o
                0x00000f1c                R_IOPORT_PinRead
 .text.R_IOPORT_PortRead
                0x00000f40       0x18 ./ra/fsp/src/r_ioport/r_ioport.o
                0x00000f40                R_IOPORT_PortRead
 .text.R_IOPORT_PortWrite
                0x00000f58       0x20 ./ra/fsp/src/r_ioport/r_ioport.o
                0x00000f58                R_IOPORT_PortWrite
 .text.R_IOPORT_PinWrite
                0x00000f78       0x28 ./ra/fsp/src/r_ioport/r_ioport.o
                0x00000f78                R_IOPORT_PinWrite
 .text.R_IOPORT_PortDirectionSet
                0x00000fa0       0x24 ./ra/fsp/src/r_ioport/r_ioport.o
                0x00000fa0                R_IOPORT_PortDirectionSet
 .text.R_IOPORT_PortEventInputRead
                0x00000fc4       0x18 ./ra/fsp/src/r_ioport/r_ioport.o
                0x00000fc4                R_IOPORT_PortEventInputRead
 .text.R_IOPORT_PinEventInputRead
                0x00000fdc       0x2c ./ra/fsp/src/r_ioport/r_ioport.o
                0x00000fdc                R_IOPORT_PinEventInputRead
 .text.R_IOPORT_PortEventOutputWrite
                0x00001008       0x20 ./ra/fsp/src/r_ioport/r_ioport.o
                0x00001008                R_IOPORT_PortEventOutputWrite
 .text.R_IOPORT_PinEventOutputWrite
                0x00001028       0x4c ./ra/fsp/src/r_ioport/r_ioport.o
                0x00001028                R_IOPORT_PinEventOutputWrite
 .text.r_ioport_pins_config.isra.0
                0x00001074       0xf8 ./ra/fsp/src/r_ioport/r_ioport.o
 .text.R_IOPORT_Open
                0x0000116c       0x1c ./ra/fsp/src/r_ioport/r_ioport.o
                0x0000116c                R_IOPORT_Open
 .text.R_IOPORT_PinsCfg
                0x00001188       0x10 ./ra/fsp/src/r_ioport/r_ioport.o
                0x00001188                R_IOPORT_PinsCfg
 .text.r_icu_isr
                0x00001198       0x78 ./ra/fsp/src/r_icu/r_icu.o
                0x00001198                r_icu_isr
 .text.bsp_prv_operating_mode_opccr_set
                0x00001210       0x44 ./ra/fsp/src/bsp/mcu/all/bsp_clocks.o
 .text.SystemCoreClockUpdate
                0x00001254       0x2c ./ra/fsp/src/bsp/mcu/all/bsp_clocks.o
                0x00001254                SystemCoreClockUpdate
 .text.bsp_clock_init
                0x00001280       0xc8 ./ra/fsp/src/bsp/mcu/all/bsp_clocks.o
                0x00001280                bsp_clock_init
 .text.R_BSP_Init_RTC
                0x00001348       0x10 ./ra/fsp/src/bsp/mcu/all/bsp_clocks.o
                0x00001348                R_BSP_Init_RTC
 .text.bsp_prv_software_delay_loop
                0x00001358        0x8 ./ra/fsp/src/bsp/mcu/all/bsp_delay.o
                0x00001358                bsp_prv_software_delay_loop
 .text.R_BSP_SoftwareDelay
                0x00001360       0x5c ./ra/fsp/src/bsp/mcu/all/bsp_delay.o
                0x00001360                R_BSP_SoftwareDelay
 .text.NMI_Handler
                0x000013bc       0x4c ./ra/fsp/src/bsp/mcu/all/bsp_group_irq.o
                0x000013bc                NMI_Handler
 .text.bsp_irq_cfg
                0x00001408       0x28 ./ra/fsp/src/bsp/mcu/all/bsp_irq.o
                0x00001408                bsp_irq_cfg
 .text.R_BSP_RegisterProtectEnable
                0x00001430       0x54 ./ra/fsp/src/bsp/mcu/all/bsp_register_protection.o
                0x00001430                R_BSP_RegisterProtectEnable
 .text.R_BSP_RegisterProtectDisable
                0x00001484       0x4c ./ra/fsp/src/bsp/mcu/all/bsp_register_protection.o
                0x00001484                R_BSP_RegisterProtectDisable
 .text.Default_Handler
                0x000014d0        0x4 ./ra/fsp/src/bsp/cmsis/Device/RENESAS/Source/startup.o
                0x000014d0                DebugMon_Handler
                0x000014d0                HardFault_Handler
                0x000014d0                SysTick_Handler
                0x000014d0                PendSV_Handler
                0x000014d0                UsageFault_Handler
                0x000014d0                SecureFault_Handler
                0x000014d0                Default_Handler
                0x000014d0                MemManage_Handler
                0x000014d0                SVC_Handler
                0x000014d0                BusFault_Handler
 .text.Reset_Handler
                0x000014d4        0xc ./ra/fsp/src/bsp/cmsis/Device/RENESAS/Source/startup.o
                0x000014d4                Reset_Handler
 .text.SystemInit
                0x000014e0      0x144 ./ra/fsp/src/bsp/cmsis/Device/RENESAS/Source/system.o
                0x000014e0                SystemInit
 .text.bsp_init
                0x00001624        0x4 ./ra/board/ra2e1_ek/board_init.o
                0x00001624                bsp_init
 .text          0x00001628       0x5c c:/renesas/ra/e2studio_v2022-04_fsp_v3.7.0/toolchains/gcc_arm/9_2020q2/bin/../lib/gcc/arm-none-eabi/9.3.1/thumb/v8-m.base/nofp\libgcc.a(_muldi3.o)
                0x00001628                __muldi3
                0x00001628                __aeabi_lmul
 .text.memcpy   0x00001684       0x12 c:/renesas/ra/e2studio_v2022-04_fsp_v3.7.0/toolchains/gcc_arm/9_2020q2/bin/../lib/gcc/arm-none-eabi/9.3.1/../../../../arm-none-eabi/lib/thumb/v8-m.base/nofp\libg_nano.a(lib_a-memcpy-stub.o)
                0x00001684                memcpy
 .text.memset   0x00001696       0x10 c:/renesas/ra/e2studio_v2022-04_fsp_v3.7.0/toolchains/gcc_arm/9_2020q2/bin/../lib/gcc/arm-none-eabi/9.3.1/../../../../arm-none-eabi/lib/thumb/v8-m.base/nofp\libg_nano.a(lib_a-memset.o)
                0x00001696                memset
 *(.version)
 *fill*         0x000016a6        0x2 ff
 .version       0x000016a8       0x50 ./ra/fsp/src/bsp/mcu/all/bsp_common.o
 *(.init)
 .init          0x000016f8        0x4 c:/renesas/ra/e2studio_v2022-04_fsp_v3.7.0/toolchains/gcc_arm/9_2020q2/bin/../lib/gcc/arm-none-eabi/9.3.1/thumb/v8-m.base/nofp/crti.o
                0x000016f8                _init
 .init          0x000016fc        0x8 c:/renesas/ra/e2studio_v2022-04_fsp_v3.7.0/toolchains/gcc_arm/9_2020q2/bin/../lib/gcc/arm-none-eabi/9.3.1/thumb/v8-m.base/nofp/crtn.o
 *(.fini)
 .fini          0x00001704        0x4 c:/renesas/ra/e2studio_v2022-04_fsp_v3.7.0/toolchains/gcc_arm/9_2020q2/bin/../lib/gcc/arm-none-eabi/9.3.1/thumb/v8-m.base/nofp/crti.o
                0x00001704                _fini
 .fini          0x00001708        0x8 c:/renesas/ra/e2studio_v2022-04_fsp_v3.7.0/toolchains/gcc_arm/9_2020q2/bin/../lib/gcc/arm-none-eabi/9.3.1/thumb/v8-m.base/nofp/crtn.o
 *crtbegin.o(.ctors)
 *crtbegin?.o(.ctors)
 *(EXCLUDE_FILE(*crtend.o *crtend?.o) .ctors)
 *(SORT_BY_NAME(.ctors.*))
 *(.ctors)
 *crtbegin.o(.dtors)
 *crtbegin?.o(.dtors)
 *(EXCLUDE_FILE(*crtend.o *crtend?.o) .dtors)
 *(SORT_BY_NAME(.dtors.*))
 *(.dtors)
 *(.rodata*)
 .rodata._DoInit.str1.4
                0x00001710        0x9 ./src/RTT/SEGGER_RTT.o
 *fill*         0x00001719        0x3 ff
 .rodata._aInitStr.4732
                0x0000171c       0x11 ./src/RTT/SEGGER_RTT.o
 *fill*         0x0000172d        0x3 ff
 .rodata.SEGGER_RTT_vprintf
                0x00001730       0x84 ./src/RTT/SEGGER_RTT_printf.o
 .rodata._aV2C.4656
                0x000017b4       0x10 ./src/RTT/SEGGER_RTT_printf.o
 .rodata.hal_entry.str1.4
                0x000017c4       0x11 ./src/hal_entry.o
 *fill*         0x000017d5        0x3 ff
 .rodata.g_ioport
                0x000017d8        0xc ./ra_gen/common_data.o
                0x000017d8                g_ioport
 .rodata.g_bsp_pin_cfg
                0x000017e4        0x8 ./ra_gen/pin_data.o
                0x000017e4                g_bsp_pin_cfg
 .rodata.g_bsp_pin_cfg_data
                0x000017ec      0x170 ./ra_gen/pin_data.o
                0x000017ec                g_bsp_pin_cfg_data
 .rodata.g_interrupt_event_link_select
                0x0000195c       0x20 ./ra_gen/vector_data.o
                0x0000195c                g_interrupt_event_link_select
 .rodata.g_ioport_on_ioport
                0x0000197c       0x34 ./ra/fsp/src/r_ioport/r_ioport.o
                0x0000197c                g_ioport_on_ioport
 .rodata.g_prcr_masks
                0x000019b0        0x8 ./ra/fsp/src/bsp/mcu/all/bsp_register_protection.o
                0x000019b8                __usb_dev_descriptor_start_fs = .
 *(.usb_device_desc_fs*)
                0x000019b8                __usb_cfg_descriptor_start_fs = .
 *(.usb_config_desc_fs*)
                0x000019b8                __usb_interface_descriptor_start_fs = .
 *(.usb_interface_desc_fs*)
                0x000019b8                __usb_descriptor_end_fs = .
                0x000019b8                __usb_dev_descriptor_start_hs = .
 *(.usb_device_desc_hs*)
                0x000019b8                __usb_cfg_descriptor_start_hs = .
 *(.usb_config_desc_hs*)
                0x000019b8                __usb_interface_descriptor_start_hs = .
 *(.usb_interface_desc_hs*)
                0x000019b8                __usb_descriptor_end_hs = .
 *(.eh_frame*)
 .eh_frame      0x000019b8        0x0 c:/renesas/ra/e2studio_v2022-04_fsp_v3.7.0/toolchains/gcc_arm/9_2020q2/bin/../lib/gcc/arm-none-eabi/9.3.1/thumb/v8-m.base/nofp/crtbegin.o
 .eh_frame      0x000019b8        0x4 c:/renesas/ra/e2studio_v2022-04_fsp_v3.7.0/toolchains/gcc_arm/9_2020q2/bin/../lib/gcc/arm-none-eabi/9.3.1/thumb/v8-m.base/nofp/crtend.o
                0x000019bc                __ROM_End = .
                0x000000c0                __Vectors_Size = (__Vectors_End - __Vectors)

.glue_7         0x000019bc        0x0
 .glue_7        0x000019bc        0x0 linker stubs

.glue_7t        0x000019bc        0x0
 .glue_7t       0x000019bc        0x0 linker stubs

.vfp11_veneer   0x000019bc        0x0
 .vfp11_veneer  0x000019bc        0x0 linker stubs

.v4_bx          0x000019bc        0x0
 .v4_bx         0x000019bc        0x0 linker stubs

.iplt           0x000019bc        0x0
 .iplt          0x000019bc        0x0 c:/renesas/ra/e2studio_v2022-04_fsp_v3.7.0/toolchains/gcc_arm/9_2020q2/bin/../lib/gcc/arm-none-eabi/9.3.1/thumb/v8-m.base/nofp/crtbegin.o

.ARM.extab
 *(.ARM.extab* .gnu.linkonce.armextab.*)
                0x000019bc                __exidx_start = .

.ARM.exidx
 *(.ARM.exidx* .gnu.linkonce.armexidx.*)
                0x000019bc                __exidx_end = .
                0x000019bc                __etext = .
                0x20004000                __tz_RAM_S = ORIGIN (RAM)

.fsp_dtc_vector_table
                0x20004000        0x0
                0x20004000                . = ORIGIN (RAM)
 *(.fsp_dtc_vector_table)

.data           0x20004000        0x8 load address 0x000019bc
                0x20004000                __data_start__ = .
                0x20004000                . = ALIGN (0x4)
                0x20004000                __Code_In_RAM_Start = .
 *(.code_in_ram*)
                0x20004000                __Code_In_RAM_End = .
 *(vtable)
 *(.data.*)
 *(.data)
                0x20004000                . = ALIGN (0x4)
                0x20004000                PROVIDE (__preinit_array_start = .)
 *(.preinit_array)
                0x20004000                PROVIDE (__preinit_array_end = .)
                0x20004000                . = ALIGN (0x4)
                0x20004000                PROVIDE (__init_array_start = .)
 *(SORT_BY_NAME(.init_array.*))
 *(.init_array)
 .init_array    0x20004000        0x4 c:/renesas/ra/e2studio_v2022-04_fsp_v3.7.0/toolchains/gcc_arm/9_2020q2/bin/../lib/gcc/arm-none-eabi/9.3.1/thumb/v8-m.base/nofp/crtbegin.o
                0x20004004                PROVIDE (__init_array_end = .)
                0x20004004                . = ALIGN (0x4)
                [!provide]                PROVIDE (__fini_array_start = .)
 *(SORT_BY_NAME(.fini_array.*))
 *(.fini_array)
 .fini_array    0x20004004        0x4 c:/renesas/ra/e2studio_v2022-04_fsp_v3.7.0/toolchains/gcc_arm/9_2020q2/bin/../lib/gcc/arm-none-eabi/9.3.1/thumb/v8-m.base/nofp/crtbegin.o
                [!provide]                PROVIDE (__fini_array_end = .)
 *(.jcr*)
                0x20004008                . = ALIGN (0x4)
                0x20004008                __data_end__ = .
                0x000019c4                __dtcm_data_init_start = ((__etext + __data_end__) - __data_start__)

.igot.plt       0x20004008        0x0 load address 0x000019c4
 .igot.plt      0x20004008        0x0 c:/renesas/ra/e2studio_v2022-04_fsp_v3.7.0/toolchains/gcc_arm/9_2020q2/bin/../lib/gcc/arm-none-eabi/9.3.1/thumb/v8-m.base/nofp/crtbegin.o

.dtcm_data      0x00000000        0x0 load address 0x000019c4
                0x00000000                __tz_DTCM_S = ABSOLUTE (DTCM_START)
                0x00000000                __dtcm_data_start__ = .
 *(.dtcm_data*)
                0x00000000                __dtcm_data_end__ = .

.dtcm_noinit    0x00000000        0x0 load address 0x000019c4
                0x00000000                __dtcm_noinit_start = .
 *(.dtcm_noinit*)
                0x00000000                __dtcm_noinit_end = .
                0x00000000                __tz_DTCM_N = DEFINED (DTCM_NS_START)?ABSOLUTE (DTCM_NS_START):ALIGN (__dtcm_noinit_end, 0x2000)
                0x000019c4                DATA_END = (LOADADDR (.data) + SIZEOF (.data))
                0x00001c00                SGSTUBS_LOC = (DEFINED (PROJECT_SECURE) && DEFINED (FLASH_NSC_START))?ABSOLUTE (FLASH_NSC_START):ALIGN (DATA_END, 0x400)

.gnu.sgstubs    0x00001c00        0x0
                0x00001c00                __tz_FLASH_C = DEFINED (FLASH_NSC_START)?ABSOLUTE (FLASH_NSC_START):__RESERVE_NS_RAM?ABSOLUTE ((FLASH_START + FLASH_LENGTH)):ALIGN (0x400)
                0x00001c00                _start_sg = .
 *(.gnu.sgstubs*)
                0x00001c00                . = ALIGN (0x20)
                0x00001c00                _end_sg = .
                0x00008000                __tz_FLASH_N = DEFINED (FLASH_NS_START)?ABSOLUTE (FLASH_NS_START):__RESERVE_NS_RAM?ABSOLUTE ((FLASH_START + FLASH_LENGTH)):(FLASH_LENGTH < 0x8000)?FLASH_LENGTH:ALIGN (0x8000)
                0x00008000                FLASH_NS_IMAGE_START = DEFINED (FLASH_NS_IMAGE_START)?FLASH_NS_IMAGE_START:__tz_FLASH_N
                0x60000000                __tz_QSPI_FLASH_S = ORIGIN (QSPI_FLASH)

.qspi_flash     0x60000000        0x0
                0x60000000                __qspi_flash_start__ = .
 *(.qspi_flash*)
 *(.code_in_qspi*)
                0x60000000                __qspi_flash_end__ = .
                0x00000000                __qspi_flash_code_size__ = (__qspi_flash_end__ - __qspi_flash_start__)
                0x000019c4                __qspi_flash_code_addr__ = (__etext + (__data_end__ - __data_start__))

.qspi_non_retentive
                0x60000000        0x0 load address 0x000019c4
                0x60000000                __qspi_non_retentive_start__ = .
 *(.qspi_non_retentive*)
                0x60000000                __qspi_non_retentive_end__ = .
                0x00000000                __qspi_non_retentive_size__ = (__qspi_non_retentive_end__ - __qspi_non_retentive_start__)
                0x04000000                __qspi_region_max_size__ = 0x4000000
                0x60000000                __qspi_region_start_address__ = __qspi_flash_start__
                0x64000000                __qspi_region_end_address__ = (__qspi_flash_start__ + __qspi_region_max_size__)
                0x60000000                __tz_QSPI_FLASH_N = __qspi_non_retentive_end__

.OSPI_DEVICE_0_NO_LOAD
                0x80020000        0x0
                0x80020000                . = ALIGN (0x4)
                0x80020000                __ospi_device_0_start__ = .
 *(.ospi_device_0_no_load*)
                0x80020000                . = ALIGN (0x4)
                0x80020000                __ospi_device_0_end__ = .

.OSPI_DEVICE_1_NO_LOAD
                0x80030000        0x0
                0x80030000                . = ALIGN (0x4)
                0x80030000                __ospi_device_1_start__ = .
 *(.ospi_device_1_no_load*)
                0x80030000                . = ALIGN (0x4)
                0x80030000                __ospi_device_1_end__ = .
                0x80020000                __tz_OSPI_DEVICE_0_S = ORIGIN (OSPI_DEVICE_0)

.OSPI_DEVICE_0  0x80020000        0x0
                0x80020000                __ospi_device_0_start__ = .
 *(.ospi_device_0*)
 *(.code_in_ospi_device_0*)
                0x80020000                __ospi_device_0_end__ = .
                0x00000000                __ospi_device_0_code_size__ = (__ospi_device_0_end__ - __ospi_device_0_start__)
                0x000019c4                __ospi_device_0_code_addr__ = (__etext + (__data_end__ - __data_start__))

.ospi_device_0_non_retentive
                0x80020000        0x0 load address 0x000019c4
                0x80020000                __ospi_device_0_non_retentive_start__ = .
 *(.ospi_device_0_non_retentive*)
                0x80020000                __ospi_device_0_non_retentive_end__ = .
                0x00000000                __ospi_device_0_non_retentive_size__ = (__ospi_device_0_non_retentive_end__ - __ospi_device_0_non_retentive_start__)
                0x08000000                __ospi_device_0_region_max_size__ = 0x8000000
                0x80020000                __ospi_device_0_region_start_address__ = __ospi_device_0_start__
                0x88020000                __ospi_device_0_region_end_address__ = (__ospi_device_0_start__ + __ospi_device_0_region_max_size__)
                0x80020000                __tz_OSPI_DEVICE_0_N = __ospi_device_0_non_retentive_end__
                0x80030000                __tz_OSPI_DEVICE_1_S = ORIGIN (OSPI_DEVICE_1)

.OSPI_DEVICE_1  0x80030000        0x0
                0x80030000                __ospi_device_1_start__ = .
 *(.ospi_device_1*)
 *(.code_in_ospi_device_1*)
                0x80030000                __ospi_device_1_end__ = .
                0x00000000                __ospi_device_1_code_size__ = (__ospi_device_1_end__ - __ospi_device_1_start__)
                0x000019c4                __ospi_device_1_code_addr__ = (__etext + (__data_end__ - __data_start__))

.ospi_device_1_non_retentive
                0x80030000        0x0 load address 0x000019c4
                0x80030000                __ospi_device_1_non_retentive_start__ = .
 *(.ospi_device_1_non_retentive*)
                0x80030000                __ospi_device_1_non_retentive_end__ = .
                0x00000000                __ospi_device_1_non_retentive_size__ = (__ospi_device_1_non_retentive_end__ - __ospi_device_1_non_retentive_start__)
                0x10000000                __ospi_device_1_region_max_size__ = 0x10000000
                0x80030000                __ospi_device_1_region_start_address__ = __ospi_device_1_start__
                0x90030000                __ospi_device_1_region_end_address__ = (__ospi_device_1_start__ + __ospi_device_1_region_max_size__)
                0x80030000                __tz_OSPI_DEVICE_1_N = __ospi_device_1_non_retentive_end__

.noinit         0x20004008       0x18
                0x20004008                . = ALIGN (0x4)
                0x20004008                __noinit_start = .
 *(.noinit*)
 .noinit        0x20004008       0x14 ./ra/fsp/src/bsp/mcu/all/bsp_clocks.o
                0x20004020                . = ALIGN (0x8)
 *fill*         0x2000401c        0x4 
 *(.heap.*)
                0x20004020                __noinit_end = .

.bss            0x20004020      0x5cc
                0x20004020                . = ALIGN (0x4)
                0x20004020                __bss_start__ = .
 *(.bss*)
 .bss           0x20004020       0x1c c:/renesas/ra/e2studio_v2022-04_fsp_v3.7.0/toolchains/gcc_arm/9_2020q2/bin/../lib/gcc/arm-none-eabi/9.3.1/thumb/v8-m.base/nofp/crtbegin.o
 .bss._acDownBuffer
                0x2000403c       0x10 ./src/RTT/SEGGER_RTT.o
 .bss._acUpBuffer
                0x2000404c      0x400 ./src/RTT/SEGGER_RTT.o
 *(COMMON)
 COMMON         0x2000444c       0xa8 ./src/RTT/SEGGER_RTT.o
                0x2000444c                _SEGGER_RTT
 COMMON         0x200044f4       0x28 ./ra_gen/common_data.o
                0x200044f4                g_ioport_ctrl
                0x200044fc                g_external_irq7_ctrl
                0x2000450c                g_external_irq3_ctrl
 COMMON         0x2000451c       0x40 ./ra/fsp/src/bsp/mcu/all/bsp_group_irq.o
                0x2000451c                g_bsp_group_irq_sources
 COMMON         0x2000455c        0x4 ./ra/fsp/src/bsp/mcu/all/bsp_io.o
                0x2000455c                g_protect_pfswe_counter
 COMMON         0x20004560       0x80 ./ra/fsp/src/bsp/mcu/all/bsp_irq.o
                0x20004560                gp_renesas_isr_context
 COMMON         0x200045e0        0x8 ./ra/fsp/src/bsp/mcu/all/bsp_register_protection.o
                0x200045e0                g_protect_counters
 COMMON         0x200045e8        0x4 ./ra/fsp/src/bsp/cmsis/Device/RENESAS/Source/system.o
                0x200045e8                SystemCoreClock
                0x200045ec                . = ALIGN (0x4)
                0x200045ec                __bss_end__ = .

.heap           0x200045f0     0x1000
                0x200045f0                . = ALIGN (0x8)
                0x200045f0                __HeapBase = .
 *(.heap)
 .heap          0x200045f0     0x1000 ./ra/fsp/src/bsp/cmsis/Device/RENESAS/Source/startup.o
                0x200055f0                __HeapLimit = .

.stack_dummy    0x200055f0      0x400
                0x200055f0                . = ALIGN (0x8)
                0x200055f0                __StackLimit = .
 *(.stack)
 .stack         0x200055f0      0x400 ./ra/fsp/src/bsp/cmsis/Device/RENESAS/Source/startup.o
                0x200059f0                __StackTop = .
 *(.stack*)
                0x200059f0                __StackTopAll = .
                0x200059f0                PROVIDE (__stack = __StackTopAll)
                0x200059f0                __RAM_segment_used_end__ = ALIGN (__StackTopAll, 0x4)
                0x20005c00                __tz_RAM_C = DEFINED (RAM_NSC_START)?ABSOLUTE ((RAM_NSC_START - RAM_NS_BUFFER_BLOCK_LENGTH)):__RESERVE_NS_RAM?ABSOLUTE (RAM_NS_BUFFER_BLOCK_START):ALIGN (__RAM_segment_used_end__, 0x400)
                0x20006000                __tz_RAM_N = DEFINED (RAM_NS_START)?ABSOLUTE ((RAM_NS_START - RAM_NS_BUFFER_BLOCK_LENGTH)):__RESERVE_NS_RAM?ABSOLUTE (RAM_NS_BUFFER_BLOCK_START):ALIGN (__tz_RAM_C, 0x2000)

.ns_buffer      0x200059f0        0x0
                0x200059f0                . = __RESERVE_NS_RAM?ABSOLUTE ((RAM_NS_BUFFER_START & 0xffffffe0)):.
 *(.ns_buffer*)

.data_flash     0x40100000        0x0
                0x40100000                . = ORIGIN (DATA_FLASH)
                0x40100000                __tz_DATA_FLASH_S = .
                0x40100000                __Data_Flash_Start = .
 *(.data_flash*)
                0x40100000                __Data_Flash_End = .
                0x40100000                __tz_DATA_FLASH_N = DEFINED (DATA_FLASH_NS_START)?ABSOLUTE (DATA_FLASH_NS_START):__RESERVE_NS_RAM?ABSOLUTE ((DATA_FLASH_START + DATA_FLASH_LENGTH)):ALIGN (0x400)
                0x80010000                __tz_SDRAM_S = ORIGIN (SDRAM)

.sdram          0x80010000        0x0
                0x80010000                __SDRAM_Start = .
 *(.sdram*)
 *(.frame*)
                0x80010000                __SDRAM_End = .
                0x80010000                __tz_SDRAM_N = __SDRAM_End
                0x01010018                __tz_ID_CODE_S = ORIGIN (ID_CODE)
                0x01010018                __tz_ID_CODE_N = __tz_ID_CODE_S

.id_code        0x01010018       0x1c
                0x01010018                __ID_Code_Start = .
 *(.id_code*)
 .id_code       0x01010018       0x1c ./ra/fsp/src/bsp/mcu/all/bsp_rom_registers.o
                0x01010034                __ID_Code_End = .
                0x00000000                __tz_OPTION_SETTING_S = ORIGIN (OPTION_SETTING_OFS)

.rel.dyn        0x01010034        0x0
 .rel.iplt      0x01010034        0x0 c:/renesas/ra/e2studio_v2022-04_fsp_v3.7.0/toolchains/gcc_arm/9_2020q2/bin/../lib/gcc/arm-none-eabi/9.3.1/thumb/v8-m.base/nofp/crtbegin.o

.option_setting_ofs
                0x00000000        0x0
                0x00000000                __OPTION_SETTING_OFS_Start = .
 *(.option_setting_ofs0)
                0x00000000                . = PROJECT_SECURE_OR_FLAT?(__OPTION_SETTING_OFS_Start + 0x4):__OPTION_SETTING_OFS_Start
 *(.option_setting_ofs2)
                0x00000000                . = PROJECT_SECURE_OR_FLAT?(__OPTION_SETTING_OFS_Start + 0x10):__OPTION_SETTING_OFS_Start
 *(.option_setting_dualsel)
                0x00000000                __OPTION_SETTING_OFS_End = .

.option_setting_sas
                0x00000034        0x0
                0x00000034                __OPTION_SETTING_SAS_Start = .
 *(.option_setting_sas)
                0x00000034                __OPTION_SETTING_SAS_End = .
                0x00000080                __tz_OPTION_SETTING_N = ABSOLUTE (OPTION_SETTING_START_NS)

.option_setting_ns
                0x00000000        0x0
                0x00000000                __OPTION_SETTING_NS_Start = .
 *(.option_setting_ofs1)
                0x00000000                . = USE_OPTION_SETTING_NS?(__OPTION_SETTING_NS_Start + 0x4):__OPTION_SETTING_NS_Start
 *(.option_setting_ofs3)
                0x00000000                . = USE_OPTION_SETTING_NS?(__OPTION_SETTING_NS_Start + 0x10):__OPTION_SETTING_NS_Start
 *(.option_setting_banksel)
                0x00000000                . = USE_OPTION_SETTING_NS?(__OPTION_SETTING_NS_Start + 0x40):__OPTION_SETTING_NS_Start
 *(.option_setting_bps0)
                0x00000000                . = USE_OPTION_SETTING_NS?(__OPTION_SETTING_NS_Start + 0x44):__OPTION_SETTING_NS_Start
 *(.option_setting_bps1)
                0x00000000                . = USE_OPTION_SETTING_NS?(__OPTION_SETTING_NS_Start + 0x48):__OPTION_SETTING_NS_Start
 *(.option_setting_bps2)
                0x00000000                . = USE_OPTION_SETTING_NS?(__OPTION_SETTING_NS_Start + 0x4c):__OPTION_SETTING_NS_Start
 *(.option_setting_bps3)
                0x00000000                . = USE_OPTION_SETTING_NS?(__OPTION_SETTING_NS_Start + 0x60):__OPTION_SETTING_NS_Start
 *(.option_setting_pbps0)
                0x00000000                . = USE_OPTION_SETTING_NS?(__OPTION_SETTING_NS_Start + 0x64):__OPTION_SETTING_NS_Start
 *(.option_setting_pbps1)
                0x00000000                . = USE_OPTION_SETTING_NS?(__OPTION_SETTING_NS_Start + 0x68):__OPTION_SETTING_NS_Start
 *(.option_setting_pbps2)
                0x00000000                . = USE_OPTION_SETTING_NS?(__OPTION_SETTING_NS_Start + 0x6c):__OPTION_SETTING_NS_Start
 *(.option_setting_pbps3)
                0x00000000                __OPTION_SETTING_NS_End = .
                0x80000000                __tz_OPTION_SETTING_S_S = ORIGIN (OPTION_SETTING_S)

.option_setting_s
                0x80000000        0x0
                0x80000000                __OPTION_SETTING_S_Start = .
 *(.option_setting_ofs1_sec)
                0x80000000                . = PROJECT_SECURE_OR_FLAT?(__OPTION_SETTING_S_Start + 0x4):__OPTION_SETTING_S_Start
 *(.option_setting_ofs3_sec)
                0x80000000                . = PROJECT_SECURE_OR_FLAT?(__OPTION_SETTING_S_Start + 0x10):__OPTION_SETTING_S_Start
 *(.option_setting_banksel_sec)
                0x80000000                . = PROJECT_SECURE_OR_FLAT?(__OPTION_SETTING_S_Start + 0x40):__OPTION_SETTING_S_Start
 *(.option_setting_bps_sec0)
                0x80000000                . = PROJECT_SECURE_OR_FLAT?(__OPTION_SETTING_S_Start + 0x44):__OPTION_SETTING_S_Start
 *(.option_setting_bps_sec1)
                0x80000000                . = PROJECT_SECURE_OR_FLAT?(__OPTION_SETTING_S_Start + 0x48):__OPTION_SETTING_S_Start
 *(.option_setting_bps_sec2)
                0x80000000                . = PROJECT_SECURE_OR_FLAT?(__OPTION_SETTING_S_Start + 0x4c):__OPTION_SETTING_S_Start
 *(.option_setting_bps_sec3)
                0x80000000                . = PROJECT_SECURE_OR_FLAT?(__OPTION_SETTING_S_Start + 0x60):__OPTION_SETTING_S_Start
 *(.option_setting_pbps_sec0)
                0x80000000                . = PROJECT_SECURE_OR_FLAT?(__OPTION_SETTING_S_Start + 0x64):__OPTION_SETTING_S_Start
 *(.option_setting_pbps_sec1)
                0x80000000                . = PROJECT_SECURE_OR_FLAT?(__OPTION_SETTING_S_Start + 0x68):__OPTION_SETTING_S_Start
 *(.option_setting_pbps_sec2)
                0x80000000                . = PROJECT_SECURE_OR_FLAT?(__OPTION_SETTING_S_Start + 0x6c):__OPTION_SETTING_S_Start
 *(.option_setting_pbps_sec3)
                0x80000000                . = PROJECT_SECURE_OR_FLAT?(__OPTION_SETTING_S_Start + 0x80):__OPTION_SETTING_S_Start
 *(.option_setting_ofs1_sel)
                0x80000000                . = PROJECT_SECURE_OR_FLAT?(__OPTION_SETTING_S_Start + 0x84):__OPTION_SETTING_S_Start
 *(.option_setting_ofs3_sel)
                0x80000000                . = PROJECT_SECURE_OR_FLAT?(__OPTION_SETTING_S_Start + 0x90):__OPTION_SETTING_S_Start
 *(.option_setting_banksel_sel)
                0x80000000                . = PROJECT_SECURE_OR_FLAT?(__OPTION_SETTING_S_Start + 0xc0):__OPTION_SETTING_S_Start
 *(.option_setting_bps_sel0)
                0x80000000                . = PROJECT_SECURE_OR_FLAT?(__OPTION_SETTING_S_Start + 0xc4):__OPTION_SETTING_S_Start
 *(.option_setting_bps_sel1)
                0x80000000                . = PROJECT_SECURE_OR_FLAT?(__OPTION_SETTING_S_Start + 0xc8):__OPTION_SETTING_S_Start
 *(.option_setting_bps_sel2)
                0x80000000                . = PROJECT_SECURE_OR_FLAT?(__OPTION_SETTING_S_Start + 0xcc):__OPTION_SETTING_S_Start
 *(.option_setting_bps_sel3)
                0x80000000                __OPTION_SETTING_S_End = .
                0x80000000                __tz_OPTION_SETTING_S_N = __OPTION_SETTING_S_End
OUTPUT(6_RTT.elf elf32-littlearm)
LOAD linker stubs

.ARM.attributes
                0x00000000       0x2c
 .ARM.attributes
                0x00000000       0x22 c:/renesas/ra/e2studio_v2022-04_fsp_v3.7.0/toolchains/gcc_arm/9_2020q2/bin/../lib/gcc/arm-none-eabi/9.3.1/thumb/v8-m.base/nofp/crti.o
 .ARM.attributes
                0x00000022       0x30 c:/renesas/ra/e2studio_v2022-04_fsp_v3.7.0/toolchains/gcc_arm/9_2020q2/bin/../lib/gcc/arm-none-eabi/9.3.1/thumb/v8-m.base/nofp/crtbegin.o
 .ARM.attributes
                0x00000052       0x30 ./src/RTT/SEGGER_RTT.o
 .ARM.attributes
                0x00000082       0x30 ./src/RTT/SEGGER_RTT_printf.o
 .ARM.attributes
                0x000000b2       0x30 ./src/hal_entry.o
 .ARM.attributes
                0x000000e2       0x30 ./ra_gen/common_data.o
 .ARM.attributes
                0x00000112       0x30 ./ra_gen/main.o
 .ARM.attributes
                0x00000142       0x32 ./ra_gen/pin_data.o
 .ARM.attributes
                0x00000174       0x32 ./ra_gen/vector_data.o
 .ARM.attributes
                0x000001a6       0x30 ./ra/fsp/src/r_sci_uart/r_sci_uart.o
 .ARM.attributes
                0x000001d6       0x30 ./ra/fsp/src/r_ioport/r_ioport.o
 .ARM.attributes
                0x00000206       0x30 ./ra/fsp/src/r_icu/r_icu.o
 .ARM.attributes
                0x00000236       0x30 ./ra/fsp/src/bsp/mcu/all/bsp_clocks.o
 .ARM.attributes
                0x00000266       0x30 ./ra/fsp/src/bsp/mcu/all/bsp_common.o
 .ARM.attributes
                0x00000296       0x30 ./ra/fsp/src/bsp/mcu/all/bsp_delay.o
 .ARM.attributes
                0x000002c6       0x30 ./ra/fsp/src/bsp/mcu/all/bsp_group_irq.o
 .ARM.attributes
                0x000002f6       0x32 ./ra/fsp/src/bsp/mcu/all/bsp_io.o
 .ARM.attributes
                0x00000328       0x30 ./ra/fsp/src/bsp/mcu/all/bsp_irq.o
 .ARM.attributes
                0x00000358       0x30 ./ra/fsp/src/bsp/mcu/all/bsp_register_protection.o
 .ARM.attributes
                0x00000388       0x32 ./ra/fsp/src/bsp/mcu/all/bsp_rom_registers.o
 .ARM.attributes
                0x000003ba       0x30 ./ra/fsp/src/bsp/cmsis/Device/RENESAS/Source/startup.o
 .ARM.attributes
                0x000003ea       0x30 ./ra/fsp/src/bsp/cmsis/Device/RENESAS/Source/system.o
 .ARM.attributes
                0x0000041a       0x30 ./ra/board/ra2e1_ek/board_init.o
 .ARM.attributes
                0x0000044a       0x30 c:/renesas/ra/e2studio_v2022-04_fsp_v3.7.0/toolchains/gcc_arm/9_2020q2/bin/../lib/gcc/arm-none-eabi/9.3.1/thumb/v8-m.base/nofp\libgcc.a(_muldi3.o)
 .ARM.attributes
                0x0000047a       0x30 c:/renesas/ra/e2studio_v2022-04_fsp_v3.7.0/toolchains/gcc_arm/9_2020q2/bin/../lib/gcc/arm-none-eabi/9.3.1/../../../../arm-none-eabi/lib/thumb/v8-m.base/nofp\libg_nano.a(lib_a-memcpy-stub.o)
 .ARM.attributes
                0x000004aa       0x30 c:/renesas/ra/e2studio_v2022-04_fsp_v3.7.0/toolchains/gcc_arm/9_2020q2/bin/../lib/gcc/arm-none-eabi/9.3.1/../../../../arm-none-eabi/lib/thumb/v8-m.base/nofp\libg_nano.a(lib_a-memset.o)
 .ARM.attributes
                0x000004da       0x30 c:/renesas/ra/e2studio_v2022-04_fsp_v3.7.0/toolchains/gcc_arm/9_2020q2/bin/../lib/gcc/arm-none-eabi/9.3.1/thumb/v8-m.base/nofp/crtend.o
 .ARM.attributes
                0x0000050a       0x22 c:/renesas/ra/e2studio_v2022-04_fsp_v3.7.0/toolchains/gcc_arm/9_2020q2/bin/../lib/gcc/arm-none-eabi/9.3.1/thumb/v8-m.base/nofp/crtn.o

.comment        0x00000000       0x4c
 .comment       0x00000000       0x4c ./src/RTT/SEGGER_RTT.o
                                 0x4d (size before relaxing)
 .comment       0x0000004c       0x4d ./src/RTT/SEGGER_RTT_printf.o
 .comment       0x0000004c       0x4d ./src/hal_entry.o
 .comment       0x0000004c       0x4d ./ra_gen/common_data.o
 .comment       0x0000004c       0x4d ./ra_gen/main.o
 .comment       0x0000004c       0x4d ./ra_gen/pin_data.o
 .comment       0x0000004c       0x4d ./ra_gen/vector_data.o
 .comment       0x0000004c       0x4d ./ra/fsp/src/r_sci_uart/r_sci_uart.o
 .comment       0x0000004c       0x4d ./ra/fsp/src/r_ioport/r_ioport.o
 .comment       0x0000004c       0x4d ./ra/fsp/src/r_icu/r_icu.o
 .comment       0x0000004c       0x4d ./ra/fsp/src/bsp/mcu/all/bsp_clocks.o
 .comment       0x0000004c       0x4d ./ra/fsp/src/bsp/mcu/all/bsp_common.o
 .comment       0x0000004c       0x4d ./ra/fsp/src/bsp/mcu/all/bsp_delay.o
 .comment       0x0000004c       0x4d ./ra/fsp/src/bsp/mcu/all/bsp_group_irq.o
 .comment       0x0000004c       0x4d ./ra/fsp/src/bsp/mcu/all/bsp_io.o
 .comment       0x0000004c       0x4d ./ra/fsp/src/bsp/mcu/all/bsp_irq.o
 .comment       0x0000004c       0x4d ./ra/fsp/src/bsp/mcu/all/bsp_register_protection.o
 .comment       0x0000004c       0x4d ./ra/fsp/src/bsp/mcu/all/bsp_rom_registers.o
 .comment       0x0000004c       0x4d ./ra/fsp/src/bsp/cmsis/Device/RENESAS/Source/startup.o
 .comment       0x0000004c       0x4d ./ra/fsp/src/bsp/cmsis/Device/RENESAS/Source/system.o
 .comment       0x0000004c       0x4d ./ra/board/ra2e1_ek/board_init.o

.debug_info     0x00000000    0x38241
 .debug_info    0x00000000     0x2a2c ./src/RTT/SEGGER_RTT.o
 .debug_info    0x00002a2c     0x110a ./src/RTT/SEGGER_RTT_printf.o
 .debug_info    0x00003b36     0x5f70 ./src/hal_entry.o
 .debug_info    0x00009aa6     0x1ec3 ./ra_gen/common_data.o
 .debug_info    0x0000b969     0x4ebb ./ra_gen/main.o
 .debug_info    0x00010824     0x12cc ./ra_gen/pin_data.o
 .debug_info    0x00011af0      0xcc0 ./ra_gen/vector_data.o
 .debug_info    0x000127b0     0xa600 ./ra/fsp/src/r_sci_uart/r_sci_uart.o
 .debug_info    0x0001cdb0     0x385c ./ra/fsp/src/r_ioport/r_ioport.o
 .debug_info    0x0002060c     0x2666 ./ra/fsp/src/r_icu/r_icu.o
 .debug_info    0x00022c72     0x6bb9 ./ra/fsp/src/bsp/mcu/all/bsp_clocks.o
 .debug_info    0x0002982b     0x11ce ./ra/fsp/src/bsp/mcu/all/bsp_common.o
 .debug_info    0x0002a9f9      0xa82 ./ra/fsp/src/bsp/mcu/all/bsp_delay.o
 .debug_info    0x0002b47b     0x1c9c ./ra/fsp/src/bsp/mcu/all/bsp_group_irq.o
 .debug_info    0x0002d117      0x956 ./ra/fsp/src/bsp/mcu/all/bsp_io.o
 .debug_info    0x0002da6d     0x17c5 ./ra/fsp/src/bsp/mcu/all/bsp_irq.o
 .debug_info    0x0002f232     0x4777 ./ra/fsp/src/bsp/mcu/all/bsp_register_protection.o
 .debug_info    0x000339a9      0x99b ./ra/fsp/src/bsp/mcu/all/bsp_rom_registers.o
 .debug_info    0x00034344      0xa3b ./ra/fsp/src/bsp/cmsis/Device/RENESAS/Source/startup.o
 .debug_info    0x00034d7f     0x2b51 ./ra/fsp/src/bsp/cmsis/Device/RENESAS/Source/system.o
 .debug_info    0x000378d0      0x971 ./ra/board/ra2e1_ek/board_init.o

.debug_abbrev   0x00000000     0x4236
 .debug_abbrev  0x00000000      0x45e ./src/RTT/SEGGER_RTT.o
 .debug_abbrev  0x0000045e      0x3a5 ./src/RTT/SEGGER_RTT_printf.o
 .debug_abbrev  0x00000803      0x360 ./src/hal_entry.o
 .debug_abbrev  0x00000b63      0x230 ./ra_gen/common_data.o
 .debug_abbrev  0x00000d93      0x2be ./ra_gen/main.o
 .debug_abbrev  0x00001051      0x1fb ./ra_gen/pin_data.o
 .debug_abbrev  0x0000124c      0x1e9 ./ra_gen/vector_data.o
 .debug_abbrev  0x00001435      0x5fe ./ra/fsp/src/r_sci_uart/r_sci_uart.o
 .debug_abbrev  0x00001a33      0x483 ./ra/fsp/src/r_ioport/r_ioport.o
 .debug_abbrev  0x00001eb6      0x4fd ./ra/fsp/src/r_icu/r_icu.o
 .debug_abbrev  0x000023b3      0x468 ./ra/fsp/src/bsp/mcu/all/bsp_clocks.o
 .debug_abbrev  0x0000281b      0x28c ./ra/fsp/src/bsp/mcu/all/bsp_common.o
 .debug_abbrev  0x00002aa7      0x28a ./ra/fsp/src/bsp/mcu/all/bsp_delay.o
 .debug_abbrev  0x00002d31      0x342 ./ra/fsp/src/bsp/mcu/all/bsp_group_irq.o
 .debug_abbrev  0x00003073      0x1c7 ./ra/fsp/src/bsp/mcu/all/bsp_io.o
 .debug_abbrev  0x0000323a      0x291 ./ra/fsp/src/bsp/mcu/all/bsp_irq.o
 .debug_abbrev  0x000034cb      0x357 ./ra/fsp/src/bsp/mcu/all/bsp_register_protection.o
 .debug_abbrev  0x00003822      0x1c9 ./ra/fsp/src/bsp/mcu/all/bsp_rom_registers.o
 .debug_abbrev  0x000039eb      0x240 ./ra/fsp/src/bsp/cmsis/Device/RENESAS/Source/startup.o
 .debug_abbrev  0x00003c2b      0x424 ./ra/fsp/src/bsp/cmsis/Device/RENESAS/Source/system.o
 .debug_abbrev  0x0000404f      0x1e7 ./ra/board/ra2e1_ek/board_init.o

.debug_loc      0x00000000     0x6b1b
 .debug_loc     0x00000000     0x3386 ./src/RTT/SEGGER_RTT.o
 .debug_loc     0x00003386      0xb57 ./src/RTT/SEGGER_RTT_printf.o
 .debug_loc     0x00003edd       0x65 ./src/hal_entry.o
 .debug_loc     0x00003f42     0x1207 ./ra/fsp/src/r_sci_uart/r_sci_uart.o
 .debug_loc     0x00005149      0xe79 ./ra/fsp/src/r_ioport/r_ioport.o
 .debug_loc     0x00005fc2      0x43e ./ra/fsp/src/r_icu/r_icu.o
 .debug_loc     0x00006400      0x276 ./ra/fsp/src/bsp/mcu/all/bsp_clocks.o
 .debug_loc     0x00006676       0x25 ./ra/fsp/src/bsp/mcu/all/bsp_common.o
 .debug_loc     0x0000669b      0x16b ./ra/fsp/src/bsp/mcu/all/bsp_delay.o
 .debug_loc     0x00006806       0xac ./ra/fsp/src/bsp/mcu/all/bsp_group_irq.o
 .debug_loc     0x000068b2       0x3f ./ra/fsp/src/bsp/mcu/all/bsp_irq.o
 .debug_loc     0x000068f1      0x110 ./ra/fsp/src/bsp/mcu/all/bsp_register_protection.o
 .debug_loc     0x00006a01      0x11a ./ra/fsp/src/bsp/cmsis/Device/RENESAS/Source/system.o

.debug_aranges  0x00000000      0x530
 .debug_aranges
                0x00000000      0x130 ./src/RTT/SEGGER_RTT.o
 .debug_aranges
                0x00000130       0x38 ./src/RTT/SEGGER_RTT_printf.o
 .debug_aranges
                0x00000168       0x28 ./src/hal_entry.o
 .debug_aranges
                0x00000190       0x20 ./ra_gen/common_data.o
 .debug_aranges
                0x000001b0       0x20 ./ra_gen/main.o
 .debug_aranges
                0x000001d0       0x18 ./ra_gen/pin_data.o
 .debug_aranges
                0x000001e8       0x18 ./ra_gen/vector_data.o
 .debug_aranges
                0x00000200       0x98 ./ra/fsp/src/r_sci_uart/r_sci_uart.o
 .debug_aranges
                0x00000298       0x88 ./ra/fsp/src/r_ioport/r_ioport.o
 .debug_aranges
                0x00000320       0x48 ./ra/fsp/src/r_icu/r_icu.o
 .debug_aranges
                0x00000368       0x60 ./ra/fsp/src/bsp/mcu/all/bsp_clocks.o
 .debug_aranges
                0x000003c8       0x30 ./ra/fsp/src/bsp/mcu/all/bsp_common.o
 .debug_aranges
                0x000003f8       0x28 ./ra/fsp/src/bsp/mcu/all/bsp_delay.o
 .debug_aranges
                0x00000420       0x28 ./ra/fsp/src/bsp/mcu/all/bsp_group_irq.o
 .debug_aranges
                0x00000448       0x18 ./ra/fsp/src/bsp/mcu/all/bsp_io.o
 .debug_aranges
                0x00000460       0x20 ./ra/fsp/src/bsp/mcu/all/bsp_irq.o
 .debug_aranges
                0x00000480       0x28 ./ra/fsp/src/bsp/mcu/all/bsp_register_protection.o
 .debug_aranges
                0x000004a8       0x18 ./ra/fsp/src/bsp/mcu/all/bsp_rom_registers.o
 .debug_aranges
                0x000004c0       0x28 ./ra/fsp/src/bsp/cmsis/Device/RENESAS/Source/startup.o
 .debug_aranges
                0x000004e8       0x28 ./ra/fsp/src/bsp/cmsis/Device/RENESAS/Source/system.o
 .debug_aranges
                0x00000510       0x20 ./ra/board/ra2e1_ek/board_init.o

.debug_ranges   0x00000000      0xf68
 .debug_ranges  0x00000000      0x568 ./src/RTT/SEGGER_RTT.o
 .debug_ranges  0x00000568       0x68 ./src/RTT/SEGGER_RTT_printf.o
 .debug_ranges  0x000005d0       0x18 ./src/hal_entry.o
 .debug_ranges  0x000005e8       0x10 ./ra_gen/common_data.o
 .debug_ranges  0x000005f8       0x10 ./ra_gen/main.o
 .debug_ranges  0x00000608      0x520 ./ra/fsp/src/r_sci_uart/r_sci_uart.o
 .debug_ranges  0x00000b28      0x180 ./ra/fsp/src/r_ioport/r_ioport.o
 .debug_ranges  0x00000ca8       0xf0 ./ra/fsp/src/r_icu/r_icu.o
 .debug_ranges  0x00000d98       0xd0 ./ra/fsp/src/bsp/mcu/all/bsp_clocks.o
 .debug_ranges  0x00000e68       0x20 ./ra/fsp/src/bsp/mcu/all/bsp_common.o
 .debug_ranges  0x00000e88       0x18 ./ra/fsp/src/bsp/mcu/all/bsp_delay.o
 .debug_ranges  0x00000ea0       0x30 ./ra/fsp/src/bsp/mcu/all/bsp_group_irq.o
 .debug_ranges  0x00000ed0       0x10 ./ra/fsp/src/bsp/mcu/all/bsp_irq.o
 .debug_ranges  0x00000ee0       0x48 ./ra/fsp/src/bsp/mcu/all/bsp_register_protection.o
 .debug_ranges  0x00000f28       0x18 ./ra/fsp/src/bsp/cmsis/Device/RENESAS/Source/startup.o
 .debug_ranges  0x00000f40       0x18 ./ra/fsp/src/bsp/cmsis/Device/RENESAS/Source/system.o
 .debug_ranges  0x00000f58       0x10 ./ra/board/ra2e1_ek/board_init.o

.debug_line     0x00000000     0x90ce
 .debug_line    0x00000000     0x1a50 ./src/RTT/SEGGER_RTT.o
 .debug_line    0x00001a50      0x7d8 ./src/RTT/SEGGER_RTT_printf.o
 .debug_line    0x00002228      0x62d ./src/hal_entry.o
 .debug_line    0x00002855      0x4b4 ./ra_gen/common_data.o
 .debug_line    0x00002d09      0x527 ./ra_gen/main.o
 .debug_line    0x00003230      0x315 ./ra_gen/pin_data.o
 .debug_line    0x00003545      0x394 ./ra_gen/vector_data.o
 .debug_line    0x000038d9     0x16ff ./ra/fsp/src/r_sci_uart/r_sci_uart.o
 .debug_line    0x00004fd8      0xb99 ./ra/fsp/src/r_ioport/r_ioport.o
 .debug_line    0x00005b71      0x8da ./ra/fsp/src/r_icu/r_icu.o
 .debug_line    0x0000644b      0x712 ./ra/fsp/src/bsp/mcu/all/bsp_clocks.o
 .debug_line    0x00006b5d      0x417 ./ra/fsp/src/bsp/mcu/all/bsp_common.o
 .debug_line    0x00006f74      0x373 ./ra/fsp/src/bsp/mcu/all/bsp_delay.o
 .debug_line    0x000072e7      0x3e5 ./ra/fsp/src/bsp/mcu/all/bsp_group_irq.o
 .debug_line    0x000076cc      0x2ba ./ra/fsp/src/bsp/mcu/all/bsp_io.o
 .debug_line    0x00007986      0x3b7 ./ra/fsp/src/bsp/mcu/all/bsp_irq.o
 .debug_line    0x00007d3d      0x4b0 ./ra/fsp/src/bsp/mcu/all/bsp_register_protection.o
 .debug_line    0x000081ed      0x2c5 ./ra/fsp/src/bsp/mcu/all/bsp_rom_registers.o
 .debug_line    0x000084b2      0x329 ./ra/fsp/src/bsp/cmsis/Device/RENESAS/Source/startup.o
 .debug_line    0x000087db      0x622 ./ra/fsp/src/bsp/cmsis/Device/RENESAS/Source/system.o
 .debug_line    0x00008dfd      0x2d1 ./ra/board/ra2e1_ek/board_init.o

.debug_str      0x00000000     0xaa22
 .debug_str     0x00000000      0xa25 ./src/RTT/SEGGER_RTT.o
                                0xae1 (size before relaxing)
 .debug_str     0x00000a25      0x119 ./src/RTT/SEGGER_RTT_printf.o
                                0x775 (size before relaxing)
 .debug_str     0x00000b3e     0x5242 ./src/hal_entry.o
                               0x5a10 (size before relaxing)
 .debug_str     0x00005d80       0x26 ./ra_gen/common_data.o
                               0x3a4f (size before relaxing)
 .debug_str     0x00005da6       0x16 ./ra_gen/main.o
                               0x5396 (size before relaxing)
 .debug_str     0x00005dbc      0x648 ./ra_gen/pin_data.o
                               0x2158 (size before relaxing)
 .debug_str     0x00006404      0xc4f ./ra_gen/vector_data.o
                               0x1213 (size before relaxing)
 .debug_str     0x00007053     0x2277 ./ra/fsp/src/r_sci_uart/r_sci_uart.o
                               0x6bf1 (size before relaxing)
 .debug_str     0x000092ca      0x788 ./ra/fsp/src/r_ioport/r_ioport.o
                               0x3e54 (size before relaxing)
 .debug_str     0x00009a52       0xb7 ./ra/fsp/src/r_icu/r_icu.o
                               0x2821 (size before relaxing)
 .debug_str     0x00009b09      0x7ab ./ra/fsp/src/bsp/mcu/all/bsp_clocks.o
                               0x293f (size before relaxing)
 .debug_str     0x0000a2b4      0x106 ./ra/fsp/src/bsp/mcu/all/bsp_common.o
                               0x1f86 (size before relaxing)
 .debug_str     0x0000a3ba       0xbc ./ra/fsp/src/bsp/mcu/all/bsp_delay.o
                                0x6ef (size before relaxing)
 .debug_str     0x0000a476      0x1de ./ra/fsp/src/bsp/mcu/all/bsp_group_irq.o
                               0x2491 (size before relaxing)
 .debug_str     0x0000a654       0x23 ./ra/fsp/src/bsp/mcu/all/bsp_io.o
                                0x5e7 (size before relaxing)
 .debug_str     0x0000a677       0x30 ./ra/fsp/src/bsp/mcu/all/bsp_irq.o
                               0x1664 (size before relaxing)
 .debug_str     0x0000a6a7      0x12b ./ra/fsp/src/bsp/mcu/all/bsp_register_protection.o
                               0x1eb6 (size before relaxing)
 .debug_str     0x0000a7d2       0x51 ./ra/fsp/src/bsp/mcu/all/bsp_rom_registers.o
                                0x615 (size before relaxing)
 .debug_str     0x0000a823       0x89 ./ra/fsp/src/bsp/cmsis/Device/RENESAS/Source/startup.o
                                0x664 (size before relaxing)
 .debug_str     0x0000a8ac      0x154 ./ra/fsp/src/bsp/cmsis/Device/RENESAS/Source/system.o
                               0x1382 (size before relaxing)
 .debug_str     0x0000aa00       0x22 ./ra/board/ra2e1_ek/board_init.o
                                0x5f6 (size before relaxing)

.debug_frame    0x00000000      0xc10
 .debug_frame   0x00000000      0x444 ./src/RTT/SEGGER_RTT.o
 .debug_frame   0x00000444       0x9c ./src/RTT/SEGGER_RTT_printf.o
 .debug_frame   0x000004e0       0x40 ./src/hal_entry.o
 .debug_frame   0x00000520       0x20 ./ra_gen/common_data.o
 .debug_frame   0x00000540       0x28 ./ra_gen/main.o
 .debug_frame   0x00000568      0x1cc ./ra/fsp/src/r_sci_uart/r_sci_uart.o
 .debug_frame   0x00000734      0x144 ./ra/fsp/src/r_ioport/r_ioport.o
 .debug_frame   0x00000878       0x9c ./ra/fsp/src/r_icu/r_icu.o
 .debug_frame   0x00000914       0xc8 ./ra/fsp/src/bsp/mcu/all/bsp_clocks.o
 .debug_frame   0x000009dc       0x40 ./ra/fsp/src/bsp/mcu/all/bsp_common.o
 .debug_frame   0x00000a1c       0x3c ./ra/fsp/src/bsp/mcu/all/bsp_delay.o
 .debug_frame   0x00000a58       0x3c ./ra/fsp/src/bsp/mcu/all/bsp_group_irq.o
 .debug_frame   0x00000a94       0x20 ./ra/fsp/src/bsp/mcu/all/bsp_irq.o
 .debug_frame   0x00000ab4       0x48 ./ra/fsp/src/bsp/mcu/all/bsp_register_protection.o
 .debug_frame   0x00000afc       0x38 ./ra/fsp/src/bsp/cmsis/Device/RENESAS/Source/startup.o
 .debug_frame   0x00000b34       0x40 ./ra/fsp/src/bsp/cmsis/Device/RENESAS/Source/system.o
 .debug_frame   0x00000b74       0x20 ./ra/board/ra2e1_ek/board_init.o
 .debug_frame   0x00000b94       0x34 c:/renesas/ra/e2studio_v2022-04_fsp_v3.7.0/toolchains/gcc_arm/9_2020q2/bin/../lib/gcc/arm-none-eabi/9.3.1/thumb/v8-m.base/nofp\libgcc.a(_muldi3.o)
 .debug_frame   0x00000bc8       0x28 c:/renesas/ra/e2studio_v2022-04_fsp_v3.7.0/toolchains/gcc_arm/9_2020q2/bin/../lib/gcc/arm-none-eabi/9.3.1/../../../../arm-none-eabi/lib/thumb/v8-m.base/nofp\libg_nano.a(lib_a-memcpy-stub.o)
 .debug_frame   0x00000bf0       0x20 c:/renesas/ra/e2studio_v2022-04_fsp_v3.7.0/toolchains/gcc_arm/9_2020q2/bin/../lib/gcc/arm-none-eabi/9.3.1/../../../../arm-none-eabi/lib/thumb/v8-m.base/nofp\libg_nano.a(lib_a-memset.o)
